198.51.100.25 - - [31/Feb/2019:07:45:03 +0000] "GET /api/login HTTP/1.1" 502 6785 "https://domain1.com/login" "Mozilla/5.0 (Test)" "5.12"
198.51.100.25 - - [31/Mar/2019:21:21:53 +0000] "GET / HTTP/1.1" 301 782 "http://domain2.com/" "Mozilla/5.0 (Test)" "6.69"
203.0.113.45 - - [31/Feb/2019:08:09:57 +0000] "GET /images/logo.png HTTP/1.1" 201 6987 "https://domain1.com/admin" "Mozilla/5.0 (Test)" "9.89"
47.29.201.179 - - [05/Feb/2019:00:23:09 +0000] "DELETE /profile HTTP/1.1" 200 5126 "-" "Mozilla/5.0 (Test)" "7.72"
192.168.1.100 - - [31/Feb/2019:04:28:49 +0000] "HEAD /api/login HTTP/1.1" 301 9775 "https://domain1.com/api" "Mozilla/5.0 (Test)" "5.59"
10.0.0.50 - - [10/Feb/2019:12:14:56 +0000] "DELETE /search HTTP/1.1" 200 1481 "https://domain1.com/api" "Mozilla/5.0 (Test)" "1.91"
198.51.100.25 - - [10/Mar/2019:03:47:41 +0000] "PUT / HTTP/1.1" 500 4649 "https://domain1.com/admin" "Mozilla/5.0 (Test)" "4.51"
192.168.1.100 - - [10/Feb/2019:18:49:00 +0000] "PUT /images/logo.png HTTP/1.1" 500 2513 "https://domain1.com/login" "Mozilla/5.0 (Test)" "9.57"
192.168.1.100 - - [30/Mar/2019:13:31:44 +0000] "GET /admin/dashboard HTTP/1.1" 201 2917 "https://domain1.com/admin" "Mozilla/5.0 (Test)" "4.79"
198.51.100.25 - - [10/Feb/2019:11:19:51 +0000] "HEAD /api/login HTTP/1.1" 500 9200 "https://domain1.com/admin" "Mozilla/5.0 (Test)" "5.92"
47.29.201.179 - - [07/Feb/2019:12:36:43 +0000] "PUT / HTTP/1.1" 201 7344 "-" "Mozilla/5.0 (Test)" "2.25"
47.29.201.179 - - [29/Feb/2019:11:09:01 +0000] "DELETE / HTTP/1.1" 404 6275 "https://domain1.com/api" "Mozilla/5.0 (Test)" "3.63"
198.51.100.25 - - [28/Mar/2019:00:33:58 +0000] "DELETE /api/users HTTP/1.1" 301 5734 "https://domain1.com/api" "Mozilla/5.0 (Test)" "0.74"
203.0.113.45 - - [10/Feb/2019:06:39:36 +0000] "GET /profile HTTP/1.1" 200 3867 "https://domain1.com/api" "Mozilla/5.0 (Test)" "7.84"
192.168.1.100 - - [04/Mar/2019:06:58:41 +0000] "DELETE /images/logo.png HTTP/1.1" 404 5014 "https://domain1.com/api" "Mozilla/5.0 (Test)" "8.48"
10.0.0.50 - - [08/Feb/2019:12:10:44 +0000] "POST /api/users HTTP/1.1" 404 9857 "https://domain1.com/login" "Mozilla/5.0 (Test)" "4.47"
10.0.0.50 - - [29/Feb/2019:04:11:54 +0000] "POST /profile HTTP/1.1" 500 7775 "-" "Mozilla/5.0 (Test)" "3.38"
192.168.1.100 - - [30/Feb/2019:04:47:24 +0000] "GET /admin/dashboard HTTP/1.1" 201 7709 "https://domain1.com/login" "Mozilla/5.0 (Test)" "5.86"
203.0.113.45 - - [02/Mar/2019:22:24:06 +0000] "PUT /admin/dashboard HTTP/1.1" 404 2359 "http://domain2.com/" "Mozilla/5.0 (Test)" "7.63"
203.0.113.45 - - [08/Mar/2019:08:47:45 +0000] "POST /api/users HTTP/1.1" 500 223 "-" "Mozilla/5.0 (Test)" "9.74"
10.0.0.50 - - [06/Mar/2019:06:39:31 +0000] "POST /api/users HTTP/1.1" 201 9782 "https://domain1.com/admin" "Mozilla/5.0 (Test)" "8.5"
203.0.113.45 - - [09/Feb/2019:13:28:20 +0000] "PUT /api/users HTTP/1.1" 500 7062 "http://domain2.com/" "Mozilla/5.0 (Test)" "3.49"
47.29.201.179 - - [08/Mar/2019:07:02:14 +0000] "DELETE /profile HTTP/1.1" 201 5365 "https://domain1.com/api" "Mozilla/5.0 (Test)" "8.19"
47.29.201.179 - - [02/Feb/2019:10:15:57 +0000] "HEAD / HTTP/1.1" 502 8629 "-" "Mozilla/5.0 (Test)" "2.96"
203.0.113.45 - - [28/Mar/2019:02:17:49 +0000] "DELETE /search HTTP/1.1" 201 1188 "http://domain2.com/" "Mozilla/5.0 (Test)" "4.26"
203.0.113.45 - - [10/Feb/2019:01:42:19 +0000] "PUT /api/users HTTP/1.1" 201 8890 "https://domain1.com/" "Mozilla/5.0 (Test)" "8.2"
198.51.100.25 - - [28/Mar/2019:19:51:32 +0000] "GET /search HTTP/1.1" 502 3428 "https://domain1.com/" "Mozilla/5.0 (Test)" "1.9"
198.51.100.25 - - [28/Mar/2019:04:48:34 +0000] "GET /admin/dashboard HTTP/1.1" 301 1466 "https://domain1.com/admin" "Mozilla/5.0 (Test)" "5.42"
203.0.113.45 - - [03/Mar/2019:15:44:03 +0000] "POST /search HTTP/1.1" 200 9102 "http://domain2.com/" "Mozilla/5.0 (Test)" "1.89"
198.51.100.25 - - [09/Feb/2019:16:24:24 +0000] "DELETE /api/login HTTP/1.1" 301 591 "https://domain1.com/login" "Mozilla/5.0 (Test)" "8.13"
10.0.0.50 - - [29/Mar/2019:22:34:57 +0000] "GET /search HTTP/1.1" 201 4212 "-" "Mozilla/5.0 (Test)" "7.9"
203.0.113.45 - - [05/Feb/2019:08:47:57 +0000] "PUT /api/login HTTP/1.1" 500 7360 "https://domain1.com/api" "Mozilla/5.0 (Test)" "6.36"
198.51.100.25 - - [31/Feb/2019:07:44:43 +0000] "HEAD /api/users HTTP/1.1" 500 6591 "https://domain1.com/" "Mozilla/5.0 (Test)" "1.63"
198.51.100.25 - - [01/Feb/2019:06:08:13 +0000] "PUT /api/users HTTP/1.1" 200 2152 "https://domain1.com/" "Mozilla/5.0 (Test)" "0.33"
198.51.100.25 - - [29/Feb/2019:16:15:29 +0000] "POST / HTTP/1.1" 200 9089 "https://domain1.com/login" "Mozilla/5.0 (Test)" "3.8"
10.0.0.50 - - [29/Mar/2019:07:28:59 +0000] "POST /profile HTTP/1.1" 500 236 "https://domain1.com/login" "Mozilla/5.0 (Test)" "9.08"
10.0.0.50 - - [05/Feb/2019:16:09:14 +0000] "DELETE /profile HTTP/1.1" 301 7427 "https://domain1.com/login" "Mozilla/5.0 (Test)" "2.97"
47.29.201.179 - - [05/Mar/2019:14:03:15 +0000] "GET /api/login HTTP/1.1" 201 6812 "-" "Mozilla/5.0 (Test)" "8.97"
192.168.1.100 - - [31/Mar/2019:04:05:12 +0000] "HEAD /search HTTP/1.1" 502 5071 "https://domain1.com/admin" "Mozilla/5.0 (Test)" "3.15"
203.0.113.45 - - [28/Mar/2019:05:17:47 +0000] "HEAD /profile HTTP/1.1" 404 6656 "https://domain1.com/api" "Mozilla/5.0 (Test)" "8.65"
203.0.113.45 - - [29/Feb/2019:15:23:28 +0000] "HEAD /api/users HTTP/1.1" 200 5126 "https://domain1.com/login" "Mozilla/5.0 (Test)" "6.3"
203.0.113.45 - - [07/Feb/2019:01:13:31 +0000] "GET /api/login HTTP/1.1" 502 7512 "https://domain1.com/" "Mozilla/5.0 (Test)" "5.66"
10.0.0.50 - - [03/Mar/2019:22:31:42 +0000] "GET /search HTTP/1.1" 502 2743 "https://domain1.com/" "Mozilla/5.0 (Test)" "2.87"
47.29.201.179 - - [01/Feb/2019:06:56:54 +0000] "HEAD /admin/dashboard HTTP/1.1" 301 7854 "https://domain1.com/admin" "Mozilla/5.0 (Test)" "5.98"
47.29.201.179 - - [31/Mar/2019:10:42:41 +0000] "DELETE /api/users HTTP/1.1" 502 6767 "https://domain1.com/login" "Mozilla/5.0 (Test)" "5.32"
192.168.1.100 - - [30/Feb/2019:06:02:44 +0000] "GET /api/login HTTP/1.1" 500 168 "https://domain1.com/admin" "Mozilla/5.0 (Test)" "1.87"
192.168.1.100 - - [28/Feb/2019:18:10:38 +0000] "HEAD /api/login HTTP/1.1" 200 3024 "-" "Mozilla/5.0 (Test)" "6.51"
203.0.113.45 - - [07/Feb/2019:19:34:31 +0000] "DELETE /search HTTP/1.1" 500 2607 "https://domain1.com/" "Mozilla/5.0 (Test)" "8.39"
198.51.100.25 - - [01/Mar/2019:22:16:43 +0000] "HEAD /search HTTP/1.1" 301 7169 "https://domain1.com/" "Mozilla/5.0 (Test)" "8.86"
203.0.113.45 - - [29/Mar/2019:02:50:41 +0000] "PUT /api/login HTTP/1.1" 301 7353 "https://domain1.com/admin" "Mozilla/5.0 (Test)" "0.25"
47.29.201.179 - - [05/Mar/2019:06:41:24 +0000] "PUT / HTTP/1.1" 200 4431 "https://domain1.com/login" "Mozilla/5.0 (Test)" "6.49"
10.0.0.50 - - [29/Mar/2019:18:47:29 +0000] "HEAD /api/login HTTP/1.1" 301 1488 "https://domain1.com/" "Mozilla/5.0 (Test)" "8.12"
203.0.113.45 - - [02/Feb/2019:12:33:38 +0000] "HEAD /search HTTP/1.1" 301 949 "-" "Mozilla/5.0 (Test)" "1.82"
198.51.100.25 - - [10/Feb/2019:13:33:52 +0000] "HEAD /admin/dashboard HTTP/1.1" 201 1957 "-" "Mozilla/5.0 (Test)" "7.72"
10.0.0.50 - - [03/Mar/2019:07:36:05 +0000] "HEAD /admin/dashboard HTTP/1.1" 301 3969 "https://domain1.com/api" "Mozilla/5.0 (Test)" "2.17"
47.29.201.179 - - [04/Mar/2019:06:05:32 +0000] "POST /admin/dashboard HTTP/1.1" 502 7268 "https://domain1.com/" "Mozilla/5.0 (Test)" "2.08"
203.0.113.45 - - [28/Feb/2019:14:54:48 +0000] "GET /api/login HTTP/1.1" 301 8107 "https://domain1.com/" "Mozilla/5.0 (Test)" "3.17"
198.51.100.25 - - [30/Feb/2019:00:38:40 +0000] "DELETE /images/logo.png HTTP/1.1" 500 605 "http://domain2.com/" "Mozilla/5.0 (Test)" "8.03"
198.51.100.25 - - [04/Mar/2019:23:12:03 +0000] "DELETE /api/login HTTP/1.1" 500 9832 "https://domain1.com/" "Mozilla/5.0 (Test)" "5.53"
192.168.1.100 - - [30/Mar/2019:08:50:00 +0000] "POST /admin/dashboard HTTP/1.1" 200 6058 "https://domain1.com/admin" "Mozilla/5.0 (Test)" "6.45"
198.51.100.25 - - [10/Mar/2019:11:55:57 +0000] "POST / HTTP/1.1" 200 3560 "-" "Mozilla/5.0 (Test)" "7.24"
10.0.0.50 - - [06/Feb/2019:07:58:18 +0000] "HEAD /profile HTTP/1.1" 301 2990 "https://domain1.com/" "Mozilla/5.0 (Test)" "5.6"
192.168.1.100 - - [01/Feb/2019:07:07:40 +0000] "DELETE / HTTP/1.1" 301 2918 "https://domain1.com/api" "Mozilla/5.0 (Test)" "2.06"
198.51.100.25 - - [28/Feb/2019:10:15:53 +0000] "PUT /api/login HTTP/1.1" 404 6990 "-" "Mozilla/5.0 (Test)" "0.62"
10.0.0.50 - - [29/Mar/2019:03:40:54 +0000] "PUT /images/logo.png HTTP/1.1" 502 7595 "https://domain1.com/admin" "Mozilla/5.0 (Test)" "0.37"
198.51.100.25 - - [02/Mar/2019:06:59:09 +0000] "POST /profile HTTP/1.1" 502 9411 "https://domain1.com/login" "Mozilla/5.0 (Test)" "7.58"
47.29.201.179 - - [28/Mar/2019:05:42:34 +0000] "PUT /api/users HTTP/1.1" 500 3456 "https://domain1.com/api" "Mozilla/5.0 (Test)" "8.38"
198.51.100.25 - - [29/Feb/2019:21:34:14 +0000] "GET /admin/dashboard HTTP/1.1" 200 2354 "-" "Mozilla/5.0 (Test)" "0.63"
10.0.0.50 - - [09/Mar/2019:20:25:11 +0000] "GET /images/logo.png HTTP/1.1" 200 5934 "-" "Mozilla/5.0 (Test)" "3.86"
203.0.113.45 - - [07/Mar/2019:09:21:55 +0000] "HEAD /api/users HTTP/1.1" 404 5447 "https://domain1.com/login" "Mozilla/5.0 (Test)" "3.42"
47.29.201.179 - - [30/Feb/2019:02:43:50 +0000] "GET /search HTTP/1.1" 404 1649 "-" "Mozilla/5.0 (Test)" "8.49"
203.0.113.45 - - [29/Mar/2019:13:41:21 +0000] "HEAD /api/users HTTP/1.1" 404 2792 "https://domain1.com/login" "Mozilla/5.0 (Test)" "4.7"
198.51.100.25 - - [07/Mar/2019:23:23:15 +0000] "DELETE /search HTTP/1.1" 200 3200 "https://domain1.com/" "Mozilla/5.0 (Test)" "3.62"
203.0.113.45 - - [28/Feb/2019:16:09:26 +0000] "GET /profile HTTP/1.1" 301 4053 "https://domain1.com/api" "Mozilla/5.0 (Test)" "8.18"
192.168.1.100 - - [29/Mar/2019:05:09:22 +0000] "GET /api/users HTTP/1.1" 200 4072 "https://domain1.com/login" "Mozilla/5.0 (Test)" "7.08"
198.51.100.25 - - [06/Mar/2019:22:28:01 +0000] "HEAD /images/logo.png HTTP/1.1" 200 9237 "https://domain1.com/" "Mozilla/5.0 (Test)" "9.52"
192.168.1.100 - - [07/Mar/2019:05:10:49 +0000] "PUT /api/login HTTP/1.1" 502 3750 "https://domain1.com/admin" "Mozilla/5.0 (Test)" "3.58"
203.0.113.45 - - [07/Mar/2019:06:59:49 +0000] "POST /api/login HTTP/1.1" 404 3564 "https://domain1.com/" "Mozilla/5.0 (Test)" "5.58"
47.29.201.179 - - [29/Feb/2019:12:12:15 +0000] "DELETE /api/login HTTP/1.1" 404 4241 "https://domain1.com/" "Mozilla/5.0 (Test)" "7.86"
47.29.201.179 - - [30/Feb/2019:22:47:51 +0000] "HEAD /api/login HTTP/1.1" 301 6652 "-" "Mozilla/5.0 (Test)" "0.14"
10.0.0.50 - - [28/Mar/2019:16:50:40 +0000] "POST /api/login HTTP/1.1" 404 337 "-" "Mozilla/5.0 (Test)" "8.71"
192.168.1.100 - - [02/Mar/2019:06:05:19 +0000] "HEAD /api/login HTTP/1.1" 500 4670 "http://domain2.com/" "Mozilla/5.0 (Test)" "2.28"
203.0.113.45 - - [08/Mar/2019:03:12:40 +0000] "POST / HTTP/1.1" 201 6243 "http://domain2.com/" "Mozilla/5.0 (Test)" "5.23"
10.0.0.50 - - [28/Mar/2019:08:27:12 +0000] "GET /images/logo.png HTTP/1.1" 200 3270 "https://domain1.com/admin" "Mozilla/5.0 (Test)" "0.91"
192.168.1.100 - - [05/Feb/2019:17:29:18 +0000] "HEAD /admin/dashboard HTTP/1.1" 502 8704 "https://domain1.com/login" "Mozilla/5.0 (Test)" "0.82"
198.51.100.25 - - [29/Feb/2019:04:38:49 +0000] "POST /api/users HTTP/1.1" 500 3584 "https://domain1.com/" "Mozilla/5.0 (Test)" "0.32"
203.0.113.45 - - [07/Feb/2019:22:29:00 +0000] "POST /admin/dashboard HTTP/1.1" 404 7850 "https://domain1.com/" "Mozilla/5.0 (Test)" "4.94"
203.0.113.45 - - [05/Feb/2019:14:50:39 +0000] "PUT /profile HTTP/1.1" 200 3580 "https://domain1.com/admin" "Mozilla/5.0 (Test)" "6.17"
198.51.100.25 - - [31/Feb/2019:10:36:36 +0000] "DELETE /profile HTTP/1.1" 404 3671 "-" "Mozilla/5.0 (Test)" "1.13"
192.168.1.100 - - [08/Mar/2019:18:02:02 +0000] "HEAD /profile HTTP/1.1" 200 4220 "-" "Mozilla/5.0 (Test)" "0.51"
198.51.100.25 - - [04/Feb/2019:04:10:48 +0000] "DELETE / HTTP/1.1" 200 2102 "https://domain1.com/api" "Mozilla/5.0 (Test)" "8.63"
198.51.100.25 - - [10/Feb/2019:06:49:59 +0000] "PUT /admin/dashboard HTTP/1.1" 301 956 "https://domain1.com/admin" "Mozilla/5.0 (Test)" "9.63"
192.168.1.100 - - [01/Feb/2019:07:36:40 +0000] "GET /api/login HTTP/1.1" 301 3195 "http://domain2.com/" "Mozilla/5.0 (Test)" "3.6"
203.0.113.45 - - [30/Feb/2019:00:22:41 +0000] "HEAD /profile HTTP/1.1" 502 7388 "https://domain1.com/login" "Mozilla/5.0 (Test)" "0.25"
47.29.201.179 - - [30/Feb/2019:11:41:32 +0000] "DELETE /api/login HTTP/1.1" 502 5005 "http://domain2.com/" "Mozilla/5.0 (Test)" "4.32"
203.0.113.45 - - [29/Feb/2019:08:36:50 +0000] "DELETE /search HTTP/1.1" 500 6416 "-" "Mozilla/5.0 (Test)" "2.83"
198.51.100.25 - - [29/Mar/2019:17:09:33 +0000] "POST /profile HTTP/1.1" 502 6864 "https://domain1.com/api" "Mozilla/5.0 (Test)" "3.68"
198.51.100.25 - - [09/Feb/2019:23:56:28 +0000] "PUT /search HTTP/1.1" 200 9576 "https://domain1.com/login" "Mozilla/5.0 (Test)" "8.42"
203.0.113.45 - - [31/Feb/2019:09:53:40 +0000] "DELETE /search HTTP/1.1" 201 3518 "http://domain2.com/" "Mozilla/5.0 (Test)" "6.99"
10.0.0.50 - - [05/Feb/2019:22:31:24 +0000] "PUT /api/users HTTP/1.1" 201 9559 "https://domain1.com/admin" "Mozilla/5.0 (Test)" "2.26"
198.51.100.25 - - [07/Mar/2019:21:07:54 +0000] "PUT /api/users HTTP/1.1" 502 8548 "https://domain1.com/admin" "Mozilla/5.0 (Test)" "4.43"
47.29.201.179 - - [02/Feb/2019:04:58:36 +0000] "GET /images/logo.png HTTP/1.1" 301 2395 "-" "Mozilla/5.0 (Test)" "0.63"
198.51.100.25 - - [30/Mar/2019:17:20:51 +0000] "HEAD /api/users HTTP/1.1" 404 8592 "https://domain1.com/api" "Mozilla/5.0 (Test)" "1.98"
192.168.1.100 - - [03/Mar/2019:06:52:39 +0000] "PUT / HTTP/1.1" 201 7234 "http://domain2.com/" "Mozilla/5.0 (Test)" "3.28"
47.29.201.179 - - [07/Feb/2019:05:57:08 +0000] "POST /admin/dashboard HTTP/1.1" 404 486 "https://domain1.com/api" "Mozilla/5.0 (Test)" "5.61"
192.168.1.100 - - [03/Feb/2019:21:00:46 +0000] "GET /api/login HTTP/1.1" 404 2623 "https://domain1.com/" "Mozilla/5.0 (Test)" "7.92"
47.29.201.179 - - [30/Feb/2019:08:45:23 +0000] "HEAD /images/logo.png HTTP/1.1" 201 2916 "https://domain1.com/" "Mozilla/5.0 (Test)" "6.83"
203.0.113.45 - - [05/Mar/2019:00:20:49 +0000] "POST /admin/dashboard HTTP/1.1" 301 2913 "http://domain2.com/" "Mozilla/5.0 (Test)" "1.85"
47.29.201.179 - - [05/Mar/2019:01:40:24 +0000] "POST /api/login HTTP/1.1" 404 7906 "https://domain1.com/" "Mozilla/5.0 (Test)" "6.54"
192.168.1.100 - - [07/Feb/2019:08:54:04 +0000] "GET /images/logo.png HTTP/1.1" 502 6354 "http://domain2.com/" "Mozilla/5.0 (Test)" "7.73"
203.0.113.45 - - [01/Feb/2019:13:14:08 +0000] "HEAD /admin/dashboard HTTP/1.1" 200 4648 "https://domain1.com/api" "Mozilla/5.0 (Test)" "2.46"
10.0.0.50 - - [02/Mar/2019:02:39:07 +0000] "GET /profile HTTP/1.1" 200 8783 "https://domain1.com/admin" "Mozilla/5.0 (Test)" "7.05"
198.51.100.25 - - [02/Mar/2019:20:48:07 +0000] "HEAD /profile HTTP/1.1" 500 787 "https://domain1.com/login" "Mozilla/5.0 (Test)" "2.58"
192.168.1.100 - - [30/Feb/2019:07:16:30 +0000] "PUT /api/login HTTP/1.1" 500 4071 "https://domain1.com/api" "Mozilla/5.0 (Test)" "3.85"
47.29.201.179 - - [30/Feb/2019:04:16:03 +0000] "HEAD /admin/dashboard HTTP/1.1" 201 1690 "https://domain1.com/" "Mozilla/5.0 (Test)" "9.21"
198.51.100.25 - - [03/Mar/2019:10:34:55 +0000] "HEAD / HTTP/1.1" 301 252 "https://domain1.com/login" "Mozilla/5.0 (Test)" "5.31"
192.168.1.100 - - [02/Mar/2019:19:55:23 +0000] "GET /api/users HTTP/1.1" 200 5098 "http://domain2.com/" "Mozilla/5.0 (Test)" "1.99"
203.0.113.45 - - [05/Feb/2019:22:59:32 +0000] "HEAD /profile HTTP/1.1" 301 6798 "https://domain1.com/" "Mozilla/5.0 (Test)" "4.87"
192.168.1.100 - - [31/Mar/2019:20:03:54 +0000] "HEAD /profile HTTP/1.1" 502 1934 "http://domain2.com/" "Mozilla/5.0 (Test)" "1.43"
47.29.201.179 - - [30/Feb/2019:00:34:24 +0000] "DELETE /images/logo.png HTTP/1.1" 502 3609 "https://domain1.com/" "Mozilla/5.0 (Test)" "3.1"
203.0.113.45 - - [01/Mar/2019:16:52:10 +0000] "DELETE / HTTP/1.1" 404 4822 "https://domain1.com/admin" "Mozilla/5.0 (Test)" "3.27"
10.0.0.50 - - [06/Feb/2019:08:45:20 +0000] "PUT /images/logo.png HTTP/1.1" 201 5256 "-" "Mozilla/5.0 (Test)" "8.11"
192.168.1.100 - - [30/Feb/2019:21:51:51 +0000] "HEAD /api/users HTTP/1.1" 502 1842 "-" "Mozilla/5.0 (Test)" "4.98"
10.0.0.50 - - [05/Feb/2019:08:24:29 +0000] "DELETE /profile HTTP/1.1" 200 3614 "-" "Mozilla/5.0 (Test)" "0.97"
198.51.100.25 - - [03/Mar/2019:23:40:01 +0000] "HEAD /images/logo.png HTTP/1.1" 502 4051 "https://domain1.com/admin" "Mozilla/5.0 (Test)" "3.21"
192.168.1.100 - - [28/Feb/2019:19:50:17 +0000] "DELETE /images/logo.png HTTP/1.1" 200 8234 "https://domain1.com/api" "Mozilla/5.0 (Test)" "4.28"
198.51.100.25 - - [04/Feb/2019:06:58:53 +0000] "POST /admin/dashboard HTTP/1.1" 200 8860 "https://domain1.com/api" "Mozilla/5.0 (Test)" "3.93"
203.0.113.45 - - [29/Mar/2019:13:55:29 +0000] "DELETE /images/logo.png HTTP/1.1" 201 8097 "https://domain1.com/api" "Mozilla/5.0 (Test)" "5.79"
192.168.1.100 - - [31/Mar/2019:22:09:20 +0000] "PUT /search HTTP/1.1" 200 9001 "https://domain1.com/" "Mozilla/5.0 (Test)" "9.69"
192.168.1.100 - - [04/Mar/2019:19:31:44 +0000] "PUT /search HTTP/1.1" 201 916 "https://domain1.com/api" "Mozilla/5.0 (Test)" "1.66"
10.0.0.50 - - [02/Mar/2019:02:21:31 +0000] "HEAD /search HTTP/1.1" 404 5673 "https://domain1.com/api" "Mozilla/5.0 (Test)" "2.5"
47.29.201.179 - - [30/Feb/2019:17:37:36 +0000] "HEAD /profile HTTP/1.1" 200 2727 "https://domain1.com/admin" "Mozilla/5.0 (Test)" "7.62"
203.0.113.45 - - [29/Feb/2019:19:55:28 +0000] "HEAD /images/logo.png HTTP/1.1" 201 6648 "-" "Mozilla/5.0 (Test)" "0.45"
192.168.1.100 - - [31/Feb/2019:17:45:48 +0000] "POST /api/users HTTP/1.1" 301 5072 "-" "Mozilla/5.0 (Test)" "3.58"
203.0.113.45 - - [09/Mar/2019:19:24:13 +0000] "GET / HTTP/1.1" 200 6632 "https://domain1.com/api" "Mozilla/5.0 (Test)" "5.1"
203.0.113.45 - - [10/Mar/2019:21:23:07 +0000] "DELETE /api/login HTTP/1.1" 502 7654 "https://domain1.com/" "Mozilla/5.0 (Test)" "1.79"
198.51.100.25 - - [03/Mar/2019:20:17:35 +0000] "POST /api/login HTTP/1.1" 500 3659 "https://domain1.com/api" "Mozilla/5.0 (Test)" "9.23"
47.29.201.179 - - [10/Mar/2019:09:23:41 +0000] "PUT /profile HTTP/1.1" 404 4779 "https://domain1.com/admin" "Mozilla/5.0 (Test)" "0.44"
10.0.0.50 - - [09/Mar/2019:02:10:54 +0000] "HEAD /search HTTP/1.1" 404 1239 "https://domain1.com/" "Mozilla/5.0 (Test)" "9.69"
192.168.1.100 - - [29/Mar/2019:13:25:58 +0000] "DELETE / HTTP/1.1" 200 5923 "https://domain1.com/login" "Mozilla/5.0 (Test)" "7.48"
192.168.1.100 - - [29/Feb/2019:14:34:53 +0000] "HEAD / HTTP/1.1" 301 1776 "http://domain2.com/" "Mozilla/5.0 (Test)" "6.43"
10.0.0.50 - - [29/Mar/2019:15:02:15 +0000] "DELETE /api/login HTTP/1.1" 200 5861 "http://domain2.com/" "Mozilla/5.0 (Test)" "1.01"
198.51.100.25 - - [02/Mar/2019:19:22:44 +0000] "POST / HTTP/1.1" 200 8925 "https://domain1.com/api" "Mozilla/5.0 (Test)" "7.52"
203.0.113.45 - - [03/Mar/2019:00:44:12 +0000] "PUT /profile HTTP/1.1" 404 1851 "http://domain2.com/" "Mozilla/5.0 (Test)" "6.43"
192.168.1.100 - - [28/Mar/2019:09:25:33 +0000] "GET /search HTTP/1.1" 201 5515 "https://domain1.com/login" "Mozilla/5.0 (Test)" "8.9"
192.168.1.100 - - [01/Mar/2019:03:41:46 +0000] "DELETE /api/users HTTP/1.1" 404 9705 "https://domain1.com/" "Mozilla/5.0 (Test)" "5.95"
198.51.100.25 - - [28/Feb/2019:16:26:42 +0000] "PUT /api/users HTTP/1.1" 301 7660 "https://domain1.com/login" "Mozilla/5.0 (Test)" "1.69"
198.51.100.25 - - [09/Feb/2019:22:28:06 +0000] "DELETE /api/login HTTP/1.1" 301 1707 "https://domain1.com/login" "Mozilla/5.0 (Test)" "9.14"
198.51.100.25 - - [30/Mar/2019:03:32:40 +0000] "HEAD /api/login HTTP/1.1" 201 8930 "https://domain1.com/login" "Mozilla/5.0 (Test)" "0.9"
47.29.201.179 - - [28/Mar/2019:18:58:30 +0000] "PUT /images/logo.png HTTP/1.1" 502 9132 "https://domain1.com/login" "Mozilla/5.0 (Test)" "0.21"
10.0.0.50 - - [10/Feb/2019:01:33:35 +0000] "HEAD / HTTP/1.1" 201 9356 "https://domain1.com/login" "Mozilla/5.0 (Test)" "9.17"
47.29.201.179 - - [31/Mar/2019:23:26:31 +0000] "PUT /api/login HTTP/1.1" 200 6397 "https://domain1.com/api" "Mozilla/5.0 (Test)" "6.8"
192.168.1.100 - - [10/Mar/2019:02:45:03 +0000] "GET /images/logo.png HTTP/1.1" 500 1366 "http://domain2.com/" "Mozilla/5.0 (Test)" "0.29"
47.29.201.179 - - [06/Mar/2019:22:47:49 +0000] "DELETE /images/logo.png HTTP/1.1" 301 7845 "-" "Mozilla/5.0 (Test)" "5.25"
47.29.201.179 - - [30/Mar/2019:09:27:31 +0000] "POST /api/users HTTP/1.1" 301 2406 "https://domain1.com/api" "Mozilla/5.0 (Test)" "9.98"
198.51.100.25 - - [29/Mar/2019:03:56:52 +0000] "POST /search HTTP/1.1" 404 9345 "https://domain1.com/login" "Mozilla/5.0 (Test)" "4.54"
198.51.100.25 - - [01/Feb/2019:01:56:29 +0000] "DELETE /api/users HTTP/1.1" 502 4718 "https://domain1.com/api" "Mozilla/5.0 (Test)" "2.26"
10.0.0.50 - - [28/Mar/2019:22:18:41 +0000] "DELETE / HTTP/1.1" 301 6887 "https://domain1.com/login" "Mozilla/5.0 (Test)" "1.68"
192.168.1.100 - - [29/Mar/2019:00:28:13 +0000] "PUT /admin/dashboard HTTP/1.1" 500 1195 "https://domain1.com/api" "Mozilla/5.0 (Test)" "2.08"
192.168.1.100 - - [29/Mar/2019:04:05:59 +0000] "DELETE / HTTP/1.1" 404 3058 "https://domain1.com/login" "Mozilla/5.0 (Test)" "4.25"
47.29.201.179 - - [31/Mar/2019:01:19:02 +0000] "HEAD /images/logo.png HTTP/1.1" 404 7962 "https://domain1.com/api" "Mozilla/5.0 (Test)" "6.08"
203.0.113.45 - - [29/Feb/2019:12:39:02 +0000] "GET /api/login HTTP/1.1" 502 3708 "https://domain1.com/api" "Mozilla/5.0 (Test)" "2.59"
47.29.201.179 - - [03/Feb/2019:04:30:43 +0000] "GET / HTTP/1.1" 500 8290 "https://domain1.com/admin" "Mozilla/5.0 (Test)" "0.84"
198.51.100.25 - - [28/Feb/2019:08:34:19 +0000] "DELETE /api/users HTTP/1.1" 502 2428 "https://domain1.com/admin" "Mozilla/5.0 (Test)" "1.65"
198.51.100.25 - - [31/Feb/2019:22:33:50 +0000] "POST /api/users HTTP/1.1" 502 2772 "http://domain2.com/" "Mozilla/5.0 (Test)" "6.68"
10.0.0.50 - - [05/Mar/2019:03:13:07 +0000] "POST / HTTP/1.1" 200 3415 "https://domain1.com/api" "Mozilla/5.0 (Test)" "1.2"
47.29.201.179 - - [02/Feb/2019:05:56:32 +0000] "GET /search HTTP/1.1" 201 5864 "-" "Mozilla/5.0 (Test)" "7.67"
192.168.1.100 - - [31/Mar/2019:03:08:14 +0000] "POST /profile HTTP/1.1" 301 9609 "-" "Mozilla/5.0 (Test)" "6.02"
47.29.201.179 - - [02/Mar/2019:00:57:49 +0000] "DELETE /api/login HTTP/1.1" 500 101 "https://domain1.com/login" "Mozilla/5.0 (Test)" "3.26"
10.0.0.50 - - [30/Mar/2019:18:00:32 +0000] "GET /api/users HTTP/1.1" 404 4220 "http://domain2.com/" "Mozilla/5.0 (Test)" "4.57"
10.0.0.50 - - [02/Mar/2019:01:03:56 +0000] "PUT /api/users HTTP/1.1" 500 3015 "https://domain1.com/api" "Mozilla/5.0 (Test)" "4.44"
47.29.201.179 - - [07/Mar/2019:15:18:15 +0000] "GET /admin/dashboard HTTP/1.1" 201 6859 "https://domain1.com/api" "Mozilla/5.0 (Test)" "4.11"
198.51.100.25 - - [28/Mar/2019:07:11:55 +0000] "POST /profile HTTP/1.1" 502 8117 "https://domain1.com/api" "Mozilla/5.0 (Test)" "3.29"
198.51.100.25 - - [03/Mar/2019:00:45:19 +0000] "GET /profile HTTP/1.1" 201 3938 "https://domain1.com/api" "Mozilla/5.0 (Test)" "8.29"
47.29.201.179 - - [03/Mar/2019:16:35:32 +0000] "PUT /api/login HTTP/1.1" 201 4174 "https://domain1.com/api" "Mozilla/5.0 (Test)" "9.05"
47.29.201.179 - - [30/Mar/2019:21:34:13 +0000] "HEAD /api/users HTTP/1.1" 502 351 "https://domain1.com/admin" "Mozilla/5.0 (Test)" "1.91"
192.168.1.100 - - [30/Feb/2019:17:28:44 +0000] "DELETE /api/users HTTP/1.1" 200 1813 "https://domain1.com/login" "Mozilla/5.0 (Test)" "6.31"
10.0.0.50 - - [29/Feb/2019:11:17:35 +0000] "HEAD /images/logo.png HTTP/1.1" 500 1188 "https://domain1.com/api" "Mozilla/5.0 (Test)" "4.16"
47.29.201.179 - - [09/Feb/2019:09:21:19 +0000] "DELETE /api/users HTTP/1.1" 301 3431 "http://domain2.com/" "Mozilla/5.0 (Test)" "4.88"
47.29.201.179 - - [29/Mar/2019:12:20:50 +0000] "DELETE / HTTP/1.1" 201 5190 "https://domain1.com/api" "Mozilla/5.0 (Test)" "9.63"
47.29.201.179 - - [30/Feb/2019:18:40:11 +0000] "DELETE /admin/dashboard HTTP/1.1" 404 3154 "https://domain1.com/admin" "Mozilla/5.0 (Test)" "3.16"
198.51.100.25 - - [09/Mar/2019:23:57:58 +0000] "HEAD /search HTTP/1.1" 200 3329 "https://domain1.com/" "Mozilla/5.0 (Test)" "9.98"
203.0.113.45 - - [29/Mar/2019:02:26:09 +0000] "POST /images/logo.png HTTP/1.1" 500 3205 "https://domain1.com/" "Mozilla/5.0 (Test)" "4.58"
47.29.201.179 - - [30/Feb/2019:07:07:07 +0000] "DELETE /search HTTP/1.1" 200 5041 "-" "Mozilla/5.0 (Test)" "0.59"
10.0.0.50 - - [31/Feb/2019:18:44:18 +0000] "PUT /api/login HTTP/1.1" 502 9505 "https://domain1.com/" "Mozilla/5.0 (Test)" "0.21"
203.0.113.45 - - [02/Mar/2019:17:35:55 +0000] "HEAD /search HTTP/1.1" 201 2704 "https://domain1.com/" "Mozilla/5.0 (Test)" "7.93"
10.0.0.50 - - [04/Feb/2019:12:07:56 +0000] "PUT /admin/dashboard HTTP/1.1" 404 1458 "https://domain1.com/login" "Mozilla/5.0 (Test)" "4.29"
10.0.0.50 - - [04/Feb/2019:08:46:33 +0000] "POST /images/logo.png HTTP/1.1" 200 2920 "https://domain1.com/login" "Mozilla/5.0 (Test)" "7.87"
198.51.100.25 - - [30/Mar/2019:23:14:40 +0000] "DELETE /images/logo.png HTTP/1.1" 500 8826 "https://domain1.com/api" "Mozilla/5.0 (Test)" "3.46"
192.168.1.100 - - [30/Feb/2019:18:39:52 +0000] "GET /api/login HTTP/1.1" 201 7893 "https://domain1.com/login" "Mozilla/5.0 (Test)" "7.67"
203.0.113.45 - - [04/Feb/2019:07:37:09 +0000] "POST / HTTP/1.1" 500 6962 "-" "Mozilla/5.0 (Test)" "7.26"
10.0.0.50 - - [03/Feb/2019:03:20:00 +0000] "HEAD /images/logo.png HTTP/1.1" 200 9050 "https://domain1.com/login" "Mozilla/5.0 (Test)" "2.73"
198.51.100.25 - - [09/Mar/2019:23:23:33 +0000] "PUT /profile HTTP/1.1" 500 2835 "https://domain1.com/login" "Mozilla/5.0 (Test)" "9.61"
47.29.201.179 - - [31/Feb/2019:16:01:44 +0000] "HEAD /api/login HTTP/1.1" 201 7501 "https://domain1.com/api" "Mozilla/5.0 (Test)" "1.88"
47.29.201.179 - - [07/Mar/2019:07:55:21 +0000] "PUT / HTTP/1.1" 500 2892 "https://domain1.com/admin" "Mozilla/5.0 (Test)" "9.25"
198.51.100.25 - - [30/Mar/2019:13:52:49 +0000] "POST / HTTP/1.1" 502 3750 "https://domain1.com/login" "Mozilla/5.0 (Test)" "6.53"
203.0.113.45 - - [31/Feb/2019:21:42:58 +0000] "PUT /search HTTP/1.1" 404 5096 "https://domain1.com/login" "Mozilla/5.0 (Test)" "9.89"
192.168.1.100 - - [30/Feb/2019:08:58:11 +0000] "GET /search HTTP/1.1" 500 9314 "-" "Mozilla/5.0 (Test)" "9.64"
203.0.113.45 - - [31/Feb/2019:07:00:58 +0000] "HEAD /api/users HTTP/1.1" 502 2006 "-" "Mozilla/5.0 (Test)" "6.84"
47.29.201.179 - - [31/Feb/2019:18:38:39 +0000] "GET /admin/dashboard HTTP/1.1" 301 874 "https://domain1.com/admin" "Mozilla/5.0 (Test)" "8.39"
203.0.113.45 - - [02/Mar/2019:11:06:24 +0000] "PUT /search HTTP/1.1" 200 2065 "https://domain1.com/api" "Mozilla/5.0 (Test)" "9.52"
10.0.0.50 - - [05/Feb/2019:04:24:04 +0000] "PUT /admin/dashboard HTTP/1.1" 500 9604 "http://domain2.com/" "Mozilla/5.0 (Test)" "7.58"
10.0.0.50 - - [01/Feb/2019:14:29:46 +0000] "GET /search HTTP/1.1" 502 4817 "http://domain2.com/" "Mozilla/5.0 (Test)" "0.27"
47.29.201.179 - - [02/Mar/2019:21:12:21 +0000] "DELETE /search HTTP/1.1" 502 4318 "https://domain1.com/admin" "Mozilla/5.0 (Test)" "9.63"
10.0.0.50 - - [30/Feb/2019:06:06:28 +0000] "POST /images/logo.png HTTP/1.1" 502 7596 "http://domain2.com/" "Mozilla/5.0 (Test)" "9.09"
47.29.201.179 - - [05/Mar/2019:10:37:46 +0000] "POST /images/logo.png HTTP/1.1" 500 8978 "-" "Mozilla/5.0 (Test)" "7.55"
47.29.201.179 - - [03/Mar/2019:10:04:38 +0000] "POST /profile HTTP/1.1" 201 753 "https://domain1.com/admin" "Mozilla/5.0 (Test)" "0.42"
203.0.113.45 - - [30/Feb/2019:04:15:12 +0000] "PUT / HTTP/1.1" 200 4206 "http://domain2.com/" "Mozilla/5.0 (Test)" "1.85"
47.29.201.179 - - [30/Feb/2019:14:49:25 +0000] "DELETE /search HTTP/1.1" 200 5198 "https://domain1.com/login" "Mozilla/5.0 (Test)" "0.1"
203.0.113.45 - - [29/Feb/2019:21:04:22 +0000] "GET /images/logo.png HTTP/1.1" 301 6086 "https://domain1.com/" "Mozilla/5.0 (Test)" "7.32"
47.29.201.179 - - [03/Feb/2019:23:09:38 +0000] "DELETE /api/users HTTP/1.1" 200 2125 "-" "Mozilla/5.0 (Test)" "1.29"
47.29.201.179 - - [30/Mar/2019:15:46:40 +0000] "HEAD /profile HTTP/1.1" 404 3820 "https://domain1.com/login" "Mozilla/5.0 (Test)" "2.48"
10.0.0.50 - - [29/Feb/2019:07:31:02 +0000] "GET /admin/dashboard HTTP/1.1" 500 1597 "https://domain1.com/login" "Mozilla/5.0 (Test)" "8.64"
198.51.100.25 - - [29/Feb/2019:16:00:10 +0000] "DELETE /api/login HTTP/1.1" 500 7157 "https://domain1.com/" "Mozilla/5.0 (Test)" "4.46"
203.0.113.45 - - [04/Feb/2019:18:47:47 +0000] "POST / HTTP/1.1" 502 4984 "https://domain1.com/api" "Mozilla/5.0 (Test)" "0.25"
47.29.201.179 - - [05/Feb/2019:12:31:30 +0000] "PUT /images/logo.png HTTP/1.1" 201 432 "https://domain1.com/login" "Mozilla/5.0 (Test)" "4.89"
203.0.113.45 - - [29/Mar/2019:03:30:49 +0000] "GET /profile HTTP/1.1" 404 1266 "http://domain2.com/" "Mozilla/5.0 (Test)" "5.05"
192.168.1.100 - - [31/Feb/2019:08:53:00 +0000] "GET /api/users HTTP/1.1" 301 9929 "https://domain1.com/" "Mozilla/5.0 (Test)" "1.22"
47.29.201.179 - - [02/Feb/2019:08:31:54 +0000] "GET /profile HTTP/1.1" 502 7861 "https://domain1.com/api" "Mozilla/5.0 (Test)" "7.25"
198.51.100.25 - - [10/Mar/2019:16:28:56 +0000] "DELETE /admin/dashboard HTTP/1.1" 500 5925 "http://domain2.com/" "Mozilla/5.0 (Test)" "0.17"
192.168.1.100 - - [09/Mar/2019:02:15:07 +0000] "POST /api/login HTTP/1.1" 502 4854 "http://domain2.com/" "Mozilla/5.0 (Test)" "6.01"
198.51.100.25 - - [09/Mar/2019:07:40:52 +0000] "PUT /profile HTTP/1.1" 301 2234 "-" "Mozilla/5.0 (Test)" "5.08"
198.51.100.25 - - [30/Feb/2019:05:42:53 +0000] "HEAD /images/logo.png HTTP/1.1" 301 6343 "https://domain1.com/" "Mozilla/5.0 (Test)" "6.53"
192.168.1.100 - - [31/Feb/2019:08:40:46 +0000] "POST /api/users HTTP/1.1" 500 1024 "https://domain1.com/api" "Mozilla/5.0 (Test)" "2.37"
203.0.113.45 - - [28/Feb/2019:14:42:23 +0000] "PUT /api/login HTTP/1.1" 502 4986 "https://domain1.com/api" "Mozilla/5.0 (Test)" "6.24"
47.29.201.179 - - [05/Feb/2019:10:58:40 +0000] "GET /images/logo.png HTTP/1.1" 502 7900 "https://domain1.com/api" "Mozilla/5.0 (Test)" "3.1"
198.51.100.25 - - [30/Mar/2019:18:50:03 +0000] "POST /images/logo.png HTTP/1.1" 404 4155 "https://domain1.com/api" "Mozilla/5.0 (Test)" "6.91"
192.168.1.100 - - [08/Feb/2019:15:00:59 +0000] "HEAD /images/logo.png HTTP/1.1" 502 8237 "https://domain1.com/login" "Mozilla/5.0 (Test)" "7.97"
198.51.100.25 - - [02/Feb/2019:22:43:36 +0000] "POST /search HTTP/1.1" 502 8524 "https://domain1.com/" "Mozilla/5.0 (Test)" "7.84"
47.29.201.179 - - [02/Feb/2019:11:58:43 +0000] "PUT /profile HTTP/1.1" 201 3030 "http://domain2.com/" "Mozilla/5.0 (Test)" "7.2"
192.168.1.100 - - [10/Feb/2019:23:50:18 +0000] "PUT /admin/dashboard HTTP/1.1" 404 3282 "https://domain1.com/" "Mozilla/5.0 (Test)" "4.67"
203.0.113.45 - - [03/Feb/2019:18:44:06 +0000] "HEAD / HTTP/1.1" 200 9007 "https://domain1.com/admin" "Mozilla/5.0 (Test)" "0.26"
192.168.1.100 - - [09/Feb/2019:10:06:52 +0000] "GET /api/login HTTP/1.1" 301 2515 "https://domain1.com/admin" "Mozilla/5.0 (Test)" "6.07"
192.168.1.100 - - [30/Feb/2019:14:27:45 +0000] "PUT /api/users HTTP/1.1" 201 3220 "https://domain1.com/admin" "Mozilla/5.0 (Test)" "0.95"
203.0.113.45 - - [07/Mar/2019:11:39:11 +0000] "GET /admin/dashboard HTTP/1.1" 500 8496 "https://domain1.com/admin" "Mozilla/5.0 (Test)" "1.93"
47.29.201.179 - - [05/Feb/2019:03:26:40 +0000] "POST /profile HTTP/1.1" 301 2226 "https://domain1.com/" "Mozilla/5.0 (Test)" "4.38"
203.0.113.45 - - [31/Feb/2019:11:22:24 +0000] "POST /admin/dashboard HTTP/1.1" 404 7336 "https://domain1.com/admin" "Mozilla/5.0 (Test)" "8.49"
10.0.0.50 - - [10/Feb/2019:18:31:00 +0000] "HEAD /admin/dashboard HTTP/1.1" 200 5304 "https://domain1.com/api" "Mozilla/5.0 (Test)" "3.0"
203.0.113.45 - - [31/Feb/2019:22:35:09 +0000] "POST /admin/dashboard HTTP/1.1" 200 6318 "-" "Mozilla/5.0 (Test)" "0.92"
203.0.113.45 - - [29/Feb/2019:07:55:55 +0000] "GET /images/logo.png HTTP/1.1" 201 3589 "https://domain1.com/admin" "Mozilla/5.0 (Test)" "6.35"
198.51.100.25 - - [01/Mar/2019:12:45:39 +0000] "POST / HTTP/1.1" 201 5523 "-" "Mozilla/5.0 (Test)" "9.06"
47.29.201.179 - - [07/Feb/2019:14:16:37 +0000] "DELETE / HTTP/1.1" 201 1469 "https://domain1.com/login" "Mozilla/5.0 (Test)" "0.94"
10.0.0.50 - - [08/Mar/2019:13:30:09 +0000] "PUT /images/logo.png HTTP/1.1" 201 7605 "https://domain1.com/" "Mozilla/5.0 (Test)" "8.3"
10.0.0.50 - - [29/Feb/2019:23:45:45 +0000] "GET /admin/dashboard HTTP/1.1" 201 4709 "https://domain1.com/" "Mozilla/5.0 (Test)" "7.04"
203.0.113.45 - - [08/Mar/2019:09:16:29 +0000] "PUT /api/login HTTP/1.1" 301 9819 "https://domain1.com/api" "Mozilla/5.0 (Test)" "3.75"
192.168.1.100 - - [07/Feb/2019:21:55:07 +0000] "POST / HTTP/1.1" 201 6555 "https://domain1.com/" "Mozilla/5.0 (Test)" "3.19"
47.29.201.179 - - [30/Feb/2019:17:06:20 +0000] "HEAD / HTTP/1.1" 502 6157 "https://domain1.com/admin" "Mozilla/5.0 (Test)" "3.99"
192.168.1.100 - - [08/Mar/2019:20:22:23 +0000] "PUT /api/users HTTP/1.1" 500 8675 "https://domain1.com/" "Mozilla/5.0 (Test)" "5.5"
10.0.0.50 - - [03/Mar/2019:04:08:11 +0000] "DELETE /api/users HTTP/1.1" 502 4194 "https://domain1.com/admin" "Mozilla/5.0 (Test)" "8.74"
10.0.0.50 - - [31/Feb/2019:23:23:11 +0000] "HEAD /profile HTTP/1.1" 500 4844 "https://domain1.com/admin" "Mozilla/5.0 (Test)" "9.44"
47.29.201.179 - - [31/Mar/2019:09:32:27 +0000] "PUT /api/login HTTP/1.1" 200 5901 "https://domain1.com/" "Mozilla/5.0 (Test)" "3.8"
198.51.100.25 - - [03/Feb/2019:02:55:14 +0000] "HEAD /images/logo.png HTTP/1.1" 500 9620 "https://domain1.com/admin" "Mozilla/5.0 (Test)" "8.12"
198.51.100.25 - - [31/Feb/2019:03:08:02 +0000] "GET /api/login HTTP/1.1" 404 2775 "https://domain1.com/login" "Mozilla/5.0 (Test)" "5.05"
203.0.113.45 - - [28/Mar/2019:08:56:03 +0000] "PUT /admin/dashboard HTTP/1.1" 200 2179 "http://domain2.com/" "Mozilla/5.0 (Test)" "2.5"
10.0.0.50 - - [31/Mar/2019:04:43:29 +0000] "HEAD /admin/dashboard HTTP/1.1" 200 9183 "https://domain1.com/api" "Mozilla/5.0 (Test)" "1.23"
192.168.1.100 - - [29/Mar/2019:21:38:41 +0000] "DELETE /admin/dashboard HTTP/1.1" 301 7870 "https://domain1.com/login" "Mozilla/5.0 (Test)" "0.82"
203.0.113.45 - - [31/Mar/2019:07:55:02 +0000] "HEAD / HTTP/1.1" 404 7617 "https://domain1.com/admin" "Mozilla/5.0 (Test)" "2.17"
203.0.113.45 - - [10/Feb/2019:07:47:51 +0000] "HEAD /admin/dashboard HTTP/1.1" 502 4275 "https://domain1.com/" "Mozilla/5.0 (Test)" "8.35"
47.29.201.179 - - [29/Feb/2019:09:29:17 +0000] "POST /admin/dashboard HTTP/1.1" 200 7321 "http://domain2.com/" "Mozilla/5.0 (Test)" "0.67"
203.0.113.45 - - [30/Feb/2019:12:08:42 +0000] "DELETE /search HTTP/1.1" 502 3448 "https://domain1.com/login" "Mozilla/5.0 (Test)" "6.38"
10.0.0.50 - - [29/Feb/2019:04:31:09 +0000] "GET /api/login HTTP/1.1" 201 4630 "https://domain1.com/api" "Mozilla/5.0 (Test)" "4.08"
10.0.0.50 - - [07/Mar/2019:11:09:25 +0000] "DELETE /api/users HTTP/1.1" 404 7703 "https://domain1.com/login" "Mozilla/5.0 (Test)" "4.2"
47.29.201.179 - - [29/Feb/2019:05:47:42 +0000] "PUT /profile HTTP/1.1" 200 2331 "https://domain1.com/login" "Mozilla/5.0 (Test)" "5.66"
10.0.0.50 - - [01/Feb/2019:17:44:53 +0000] "GET /images/logo.png HTTP/1.1" 200 4068 "https://domain1.com/" "Mozilla/5.0 (Test)" "3.8"
192.168.1.100 - - [03/Mar/2019:10:40:50 +0000] "DELETE /images/logo.png HTTP/1.1" 502 3927 "https://domain1.com/api" "Mozilla/5.0 (Test)" "8.61"
198.51.100.25 - - [02/Feb/2019:20:20:25 +0000] "GET /images/logo.png HTTP/1.1" 201 3881 "http://domain2.com/" "Mozilla/5.0 (Test)" "7.67"
198.51.100.25 - - [28/Feb/2019:15:17:29 +0000] "HEAD /api/users HTTP/1.1" 502 736 "https://domain1.com/admin" "Mozilla/5.0 (Test)" "9.8"
203.0.113.45 - - [05/Mar/2019:11:09:05 +0000] "PUT /api/users HTTP/1.1" 301 6596 "https://domain1.com/api" "Mozilla/5.0 (Test)" "1.33"
198.51.100.25 - - [02/Mar/2019:18:10:38 +0000] "DELETE /search HTTP/1.1" 201 1015 "http://domain2.com/" "Mozilla/5.0 (Test)" "6.4"
47.29.201.179 - - [28/Feb/2019:00:52:33 +0000] "POST /api/login HTTP/1.1" 500 2851 "https://domain1.com/login" "Mozilla/5.0 (Test)" "8.76"
198.51.100.25 - - [30/Feb/2019:05:41:50 +0000] "HEAD /api/users HTTP/1.1" 301 6993 "https://domain1.com/api" "Mozilla/5.0 (Test)" "9.36"
10.0.0.50 - - [28/Feb/2019:06:39:56 +0000] "DELETE /profile HTTP/1.1" 500 7395 "https://domain1.com/" "Mozilla/5.0 (Test)" "2.42"
192.168.1.100 - - [09/Feb/2019:17:01:55 +0000] "DELETE /images/logo.png HTTP/1.1" 502 3344 "https://domain1.com/" "Mozilla/5.0 (Test)" "9.37"
192.168.1.100 - - [31/Mar/2019:11:57:49 +0000] "PUT /api/login HTTP/1.1" 404 397 "https://domain1.com/api" "Mozilla/5.0 (Test)" "3.74"
10.0.0.50 - - [31/Feb/2019:11:11:34 +0000] "DELETE /search HTTP/1.1" 200 6267 "https://domain1.com/api" "Mozilla/5.0 (Test)" "4.56"
192.168.1.100 - - [29/Mar/2019:16:46:46 +0000] "GET /search HTTP/1.1" 404 2832 "https://domain1.com/login" "Mozilla/5.0 (Test)" "8.06"
47.29.201.179 - - [06/Feb/2019:03:42:46 +0000] "HEAD /admin/dashboard HTTP/1.1" 404 6374 "-" "Mozilla/5.0 (Test)" "6.83"
203.0.113.45 - - [03/Mar/2019:04:34:33 +0000] "HEAD /admin/dashboard HTTP/1.1" 200 5640 "http://domain2.com/" "Mozilla/5.0 (Test)" "8.75"
198.51.100.25 - - [29/Mar/2019:11:10:05 +0000] "GET /profile HTTP/1.1" 500 5051 "https://domain1.com/api" "Mozilla/5.0 (Test)" "5.49"
10.0.0.50 - - [29/Mar/2019:08:56:07 +0000] "DELETE /search HTTP/1.1" 201 804 "https://domain1.com/" "Mozilla/5.0 (Test)" "3.92"
198.51.100.25 - - [28/Mar/2019:21:22:06 +0000] "GET /profile HTTP/1.1" 404 6218 "-" "Mozilla/5.0 (Test)" "2.22"
203.0.113.45 - - [07/Mar/2019:08:31:16 +0000] "PUT /admin/dashboard HTTP/1.1" 404 9148 "https://domain1.com/api" "Mozilla/5.0 (Test)" "8.09"
203.0.113.45 - - [08/Feb/2019:19:34:03 +0000] "HEAD /api/login HTTP/1.1" 201 4490 "-" "Mozilla/5.0 (Test)" "6.38"
192.168.1.100 - - [28/Mar/2019:20:31:19 +0000] "POST /api/users HTTP/1.1" 500 3859 "https://domain1.com/admin" "Mozilla/5.0 (Test)" "7.96"
203.0.113.45 - - [02/Feb/2019:09:33:38 +0000] "GET /profile HTTP/1.1" 404 7061 "https://domain1.com/login" "Mozilla/5.0 (Test)" "2.88"
203.0.113.45 - - [29/Mar/2019:04:03:02 +0000] "HEAD /api/login HTTP/1.1" 500 7603 "https://domain1.com/admin" "Mozilla/5.0 (Test)" "7.47"
198.51.100.25 - - [05/Mar/2019:21:27:32 +0000] "POST /search HTTP/1.1" 502 9597 "https://domain1.com/login" "Mozilla/5.0 (Test)" "1.03"
192.168.1.100 - - [31/Feb/2019:15:52:02 +0000] "DELETE /api/users HTTP/1.1" 200 6466 "https://domain1.com/admin" "Mozilla/5.0 (Test)" "0.63"
10.0.0.50 - - [29/Feb/2019:23:24:15 +0000] "PUT /profile HTTP/1.1" 502 9295 "http://domain2.com/" "Mozilla/5.0 (Test)" "1.54"
10.0.0.50 - - [29/Feb/2019:23:30:52 +0000] "DELETE /images/logo.png HTTP/1.1" 301 1643 "https://domain1.com/api" "Mozilla/5.0 (Test)" "4.65"
10.0.0.50 - - [31/Feb/2019:00:05:32 +0000] "DELETE /admin/dashboard HTTP/1.1" 200 7461 "-" "Mozilla/5.0 (Test)" "1.08"
198.51.100.25 - - [07/Mar/2019:19:36:39 +0000] "PUT /profile HTTP/1.1" 201 6516 "https://domain1.com/admin" "Mozilla/5.0 (Test)" "5.02"
198.51.100.25 - - [10/Mar/2019:21:38:58 +0000] "DELETE /search HTTP/1.1" 404 3153 "http://domain2.com/" "Mozilla/5.0 (Test)" "1.15"
198.51.100.25 - - [31/Feb/2019:08:04:03 +0000] "GET /profile HTTP/1.1" 201 565 "https://domain1.com/login" "Mozilla/5.0 (Test)" "8.31"
198.51.100.25 - - [29/Feb/2019:06:39:24 +0000] "DELETE /api/login HTTP/1.1" 500 6698 "https://domain1.com/admin" "Mozilla/5.0 (Test)" "1.03"
10.0.0.50 - - [01/Mar/2019:19:23:43 +0000] "HEAD /admin/dashboard HTTP/1.1" 301 474 "https://domain1.com/" "Mozilla/5.0 (Test)" "3.37"
203.0.113.45 - - [08/Mar/2019:10:20:13 +0000] "PUT /api/users HTTP/1.1" 500 4527 "https://domain1.com/" "Mozilla/5.0 (Test)" "8.5"
192.168.1.100 - - [29/Feb/2019:10:34:28 +0000] "POST / HTTP/1.1" 200 6107 "https://domain1.com/api" "Mozilla/5.0 (Test)" "2.63"
203.0.113.45 - - [28/Mar/2019:23:29:56 +0000] "POST /profile HTTP/1.1" 502 1360 "https://domain1.com/login" "Mozilla/5.0 (Test)" "5.93"
198.51.100.25 - - [02/Feb/2019:01:22:08 +0000] "GET /profile HTTP/1.1" 301 3538 "https://domain1.com/admin" "Mozilla/5.0 (Test)" "3.08"
192.168.1.100 - - [06/Feb/2019:07:41:05 +0000] "HEAD /admin/dashboard HTTP/1.1" 200 7131 "https://domain1.com/" "Mozilla/5.0 (Test)" "2.68"
203.0.113.45 - - [28/Mar/2019:10:57:21 +0000] "PUT /admin/dashboard HTTP/1.1" 502 7750 "https://domain1.com/admin" "Mozilla/5.0 (Test)" "9.93"
47.29.201.179 - - [29/Mar/2019:04:26:07 +0000] "PUT /images/logo.png HTTP/1.1" 404 5472 "https://domain1.com/login" "Mozilla/5.0 (Test)" "8.46"
203.0.113.45 - - [05/Mar/2019:08:31:00 +0000] "POST /api/login HTTP/1.1" 502 3623 "https://domain1.com/api" "Mozilla/5.0 (Test)" "3.15"
203.0.113.45 - - [07/Mar/2019:21:34:22 +0000] "DELETE /search HTTP/1.1" 500 5327 "http://domain2.com/" "Mozilla/5.0 (Test)" "8.87"
203.0.113.45 - - [28/Feb/2019:22:34:35 +0000] "HEAD /api/users HTTP/1.1" 201 4123 "http://domain2.com/" "Mozilla/5.0 (Test)" "6.23"
47.29.201.179 - - [28/Feb/2019:23:25:18 +0000] "POST /images/logo.png HTTP/1.1" 500 6240 "https://domain1.com/login" "Mozilla/5.0 (Test)" "6.5"
198.51.100.25 - - [06/Mar/2019:16:59:22 +0000] "GET /admin/dashboard HTTP/1.1" 404 915 "http://domain2.com/" "Mozilla/5.0 (Test)" "9.33"
192.168.1.100 - - [28/Feb/2019:13:03:14 +0000] "DELETE /api/users HTTP/1.1" 301 1458 "http://domain2.com/" "Mozilla/5.0 (Test)" "3.31"
10.0.0.50 - - [28/Feb/2019:09:11:35 +0000] "HEAD /profile HTTP/1.1" 500 1403 "https://domain1.com/admin" "Mozilla/5.0 (Test)" "8.15"
198.51.100.25 - - [05/Feb/2019:19:45:18 +0000] "PUT /profile HTTP/1.1" 201 982 "http://domain2.com/" "Mozilla/5.0 (Test)" "2.78"
198.51.100.25 - - [09/Feb/2019:01:20:54 +0000] "PUT / HTTP/1.1" 301 3222 "http://domain2.com/" "Mozilla/5.0 (Test)" "4.83"
10.0.0.50 - - [06/Mar/2019:19:55:19 +0000] "POST / HTTP/1.1" 500 9148 "-" "Mozilla/5.0 (Test)" "4.14"
47.29.201.179 - - [05/Feb/2019:06:38:57 +0000] "HEAD /profile HTTP/1.1" 200 6191 "https://domain1.com/api" "Mozilla/5.0 (Test)" "6.39"
47.29.201.179 - - [09/Mar/2019:22:43:19 +0000] "POST /api/users HTTP/1.1" 301 4535 "https://domain1.com/admin" "Mozilla/5.0 (Test)" "4.26"
192.168.1.100 - - [04/Feb/2019:00:04:55 +0000] "DELETE /search HTTP/1.1" 301 7367 "https://domain1.com/login" "Mozilla/5.0 (Test)" "5.22"
47.29.201.179 - - [31/Mar/2019:13:00:52 +0000] "DELETE /api/login HTTP/1.1" 301 602 "https://domain1.com/admin" "Mozilla/5.0 (Test)" "5.02"
203.0.113.45 - - [31/Feb/2019:04:31:18 +0000] "GET / HTTP/1.1" 404 8099 "-" "Mozilla/5.0 (Test)" "8.03"
198.51.100.25 - - [30/Feb/2019:15:45:04 +0000] "GET /search HTTP/1.1" 502 2212 "https://domain1.com/" "Mozilla/5.0 (Test)" "3.83"
47.29.201.179 - - [29/Feb/2019:08:34:41 +0000] "PUT / HTTP/1.1" 301 9220 "https://domain1.com/admin" "Mozilla/5.0 (Test)" "3.07"
10.0.0.50 - - [09/Mar/2019:04:17:07 +0000] "GET /profile HTTP/1.1" 200 7467 "https://domain1.com/login" "Mozilla/5.0 (Test)" "5.22"
203.0.113.45 - - [31/Mar/2019:13:01:50 +0000] "DELETE /api/users HTTP/1.1" 201 351 "https://domain1.com/login" "Mozilla/5.0 (Test)" "6.09"
198.51.100.25 - - [30/Feb/2019:08:05:46 +0000] "PUT /api/users HTTP/1.1" 200 7985 "-" "Mozilla/5.0 (Test)" "6.98"
10.0.0.50 - - [30/Feb/2019:09:08:47 +0000] "DELETE / HTTP/1.1" 200 5992 "https://domain1.com/login" "Mozilla/5.0 (Test)" "0.26"
198.51.100.25 - - [28/Mar/2019:11:01:35 +0000] "DELETE /images/logo.png HTTP/1.1" 200 3338 "-" "Mozilla/5.0 (Test)" "7.14"
203.0.113.45 - - [01/Feb/2019:22:35:53 +0000] "POST /search HTTP/1.1" 500 7194 "https://domain1.com/admin" "Mozilla/5.0 (Test)" "3.31"
47.29.201.179 - - [09/Mar/2019:17:17:37 +0000] "POST /api/login HTTP/1.1" 301 2774 "http://domain2.com/" "Mozilla/5.0 (Test)" "4.3"
192.168.1.100 - - [31/Feb/2019:02:58:38 +0000] "DELETE /images/logo.png HTTP/1.1" 200 4249 "https://domain1.com/" "Mozilla/5.0 (Test)" "8.51"
198.51.100.25 - - [28/Feb/2019:00:04:32 +0000] "POST /search HTTP/1.1" 502 8231 "-" "Mozilla/5.0 (Test)" "2.57"
10.0.0.50 - - [08/Feb/2019:17:25:10 +0000] "HEAD /profile HTTP/1.1" 201 4378 "https://domain1.com/admin" "Mozilla/5.0 (Test)" "4.01"
47.29.201.179 - - [28/Feb/2019:21:19:27 +0000] "GET /profile HTTP/1.1" 301 8205 "http://domain2.com/" "Mozilla/5.0 (Test)" "9.06"
47.29.201.179 - - [29/Mar/2019:23:13:20 +0000] "DELETE / HTTP/1.1" 500 2661 "http://domain2.com/" "Mozilla/5.0 (Test)" "8.98"
198.51.100.25 - - [07/Feb/2019:13:57:13 +0000] "HEAD /api/users HTTP/1.1" 201 8280 "https://domain1.com/api" "Mozilla/5.0 (Test)" "5.15"
198.51.100.25 - - [28/Feb/2019:16:20:12 +0000] "PUT /admin/dashboard HTTP/1.1" 201 129 "https://domain1.com/api" "Mozilla/5.0 (Test)" "3.77"
198.51.100.25 - - [28/Mar/2019:07:09:21 +0000] "DELETE /api/login HTTP/1.1" 502 9415 "-" "Mozilla/5.0 (Test)" "4.69"
198.51.100.25 - - [01/Mar/2019:07:37:25 +0000] "HEAD / HTTP/1.1" 200 6584 "http://domain2.com/" "Mozilla/5.0 (Test)" "8.61"
203.0.113.45 - - [30/Feb/2019:00:01:50 +0000] "PUT /images/logo.png HTTP/1.1" 301 5283 "https://domain1.com/" "Mozilla/5.0 (Test)" "6.51"
198.51.100.25 - - [29/Mar/2019:19:06:25 +0000] "POST /api/users HTTP/1.1" 201 6311 "https://domain1.com/admin" "Mozilla/5.0 (Test)" "6.22"
203.0.113.45 - - [29/Feb/2019:07:01:57 +0000] "HEAD /search HTTP/1.1" 301 7664 "http://domain2.com/" "Mozilla/5.0 (Test)" "5.92"
203.0.113.45 - - [03/Feb/2019:10:20:35 +0000] "PUT / HTTP/1.1" 502 5891 "https://domain1.com/api" "Mozilla/5.0 (Test)" "7.65"
47.29.201.179 - - [28/Feb/2019:05:12:26 +0000] "GET /admin/dashboard HTTP/1.1" 200 3864 "https://domain1.com/api" "Mozilla/5.0 (Test)" "6.33"
198.51.100.25 - - [31/Feb/2019:03:17:34 +0000] "GET /api/users HTTP/1.1" 201 2803 "https://domain1.com/login" "Mozilla/5.0 (Test)" "5.26"
192.168.1.100 - - [28/Feb/2019:08:55:43 +0000] "PUT /profile HTTP/1.1" 502 1548 "-" "Mozilla/5.0 (Test)" "6.7"
10.0.0.50 - - [01/Mar/2019:00:40:36 +0000] "GET /search HTTP/1.1" 404 2158 "https://domain1.com/login" "Mozilla/5.0 (Test)" "8.46"
203.0.113.45 - - [30/Feb/2019:03:13:03 +0000] "PUT /profile HTTP/1.1" 404 5696 "-" "Mozilla/5.0 (Test)" "6.85"
198.51.100.25 - - [29/Feb/2019:12:29:49 +0000] "DELETE / HTTP/1.1" 201 5037 "http://domain2.com/" "Mozilla/5.0 (Test)" "8.51"
203.0.113.45 - - [04/Feb/2019:13:45:55 +0000] "GET /images/logo.png HTTP/1.1" 500 3137 "https://domain1.com/admin" "Mozilla/5.0 (Test)" "5.44"
192.168.1.100 - - [29/Feb/2019:18:07:38 +0000] "GET /api/users HTTP/1.1" 500 4456 "https://domain1.com/api" "Mozilla/5.0 (Test)" "4.44"
198.51.100.25 - - [31/Mar/2019:16:11:47 +0000] "HEAD /admin/dashboard HTTP/1.1" 201 7506 "https://domain1.com/api" "Mozilla/5.0 (Test)" "7.38"
192.168.1.100 - - [04/Mar/2019:17:30:00 +0000] "POST /images/logo.png HTTP/1.1" 404 2346 "https://domain1.com/" "Mozilla/5.0 (Test)" "9.4"
198.51.100.25 - - [07/Mar/2019:10:03:48 +0000] "GET /search HTTP/1.1" 200 8500 "https://domain1.com/" "Mozilla/5.0 (Test)" "5.87"
47.29.201.179 - - [29/Feb/2019:14:15:21 +0000] "DELETE /search HTTP/1.1" 404 7100 "-" "Mozilla/5.0 (Test)" "4.31"
10.0.0.50 - - [28/Feb/2019:01:35:13 +0000] "GET /images/logo.png HTTP/1.1" 201 6743 "https://domain1.com/" "Mozilla/5.0 (Test)" "6.07"
203.0.113.45 - - [04/Feb/2019:21:31:53 +0000] "HEAD /images/logo.png HTTP/1.1" 502 5523 "http://domain2.com/" "Mozilla/5.0 (Test)" "4.88"
203.0.113.45 - - [28/Feb/2019:10:46:01 +0000] "PUT /api/login HTTP/1.1" 404 9497 "http://domain2.com/" "Mozilla/5.0 (Test)" "9.01"
198.51.100.25 - - [29/Feb/2019:12:11:48 +0000] "POST /search HTTP/1.1" 201 1341 "-" "Mozilla/5.0 (Test)" "4.93"
198.51.100.25 - - [03/Mar/2019:14:02:10 +0000] "HEAD /api/users HTTP/1.1" 404 7278 "-" "Mozilla/5.0 (Test)" "2.06"
203.0.113.45 - - [30/Feb/2019:05:59:29 +0000] "POST / HTTP/1.1" 404 5115 "https://domain1.com/login" "Mozilla/5.0 (Test)" "4.61"
47.29.201.179 - - [31/Mar/2019:17:15:05 +0000] "GET / HTTP/1.1" 301 9407 "http://domain2.com/" "Mozilla/5.0 (Test)" "9.99"
198.51.100.25 - - [09/Mar/2019:18:22:18 +0000] "DELETE /admin/dashboard HTTP/1.1" 200 8875 "https://domain1.com/" "Mozilla/5.0 (Test)" "4.01"
203.0.113.45 - - [28/Mar/2019:22:06:56 +0000] "DELETE /admin/dashboard HTTP/1.1" 301 7227 "https://domain1.com/api" "Mozilla/5.0 (Test)" "9.93"
47.29.201.179 - - [28/Feb/2019:15:39:10 +0000] "GET /search HTTP/1.1" 502 5657 "https://domain1.com/api" "Mozilla/5.0 (Test)" "6.87"
47.29.201.179 - - [05/Feb/2019:03:36:07 +0000] "POST /admin/dashboard HTTP/1.1" 200 9074 "https://domain1.com/login" "Mozilla/5.0 (Test)" "3.98"
198.51.100.25 - - [07/Feb/2019:11:30:21 +0000] "PUT /api/users HTTP/1.1" 200 9458 "http://domain2.com/" "Mozilla/5.0 (Test)" "9.72"
10.0.0.50 - - [01/Feb/2019:05:04:59 +0000] "DELETE /profile HTTP/1.1" 201 1946 "https://domain1.com/" "Mozilla/5.0 (Test)" "3.45"
47.29.201.179 - - [31/Mar/2019:21:38:59 +0000] "HEAD /api/users HTTP/1.1" 201 3556 "-" "Mozilla/5.0 (Test)" "1.04"
203.0.113.45 - - [30/Mar/2019:18:56:26 +0000] "POST /images/logo.png HTTP/1.1" 201 5751 "https://domain1.com/" "Mozilla/5.0 (Test)" "9.16"
10.0.0.50 - - [30/Mar/2019:13:32:50 +0000] "DELETE /search HTTP/1.1" 404 4932 "https://domain1.com/" "Mozilla/5.0 (Test)" "3.35"
198.51.100.25 - - [28/Feb/2019:18:54:31 +0000] "HEAD /admin/dashboard HTTP/1.1" 500 5507 "http://domain2.com/" "Mozilla/5.0 (Test)" "3.56"
47.29.201.179 - - [02/Feb/2019:02:30:52 +0000] "HEAD /images/logo.png HTTP/1.1" 500 3263 "https://domain1.com/login" "Mozilla/5.0 (Test)" "3.04"
47.29.201.179 - - [29/Mar/2019:15:27:22 +0000] "GET /api/users HTTP/1.1" 301 5633 "-" "Mozilla/5.0 (Test)" "7.3"
198.51.100.25 - - [05/Mar/2019:05:51:44 +0000] "HEAD /api/login HTTP/1.1" 200 3369 "http://domain2.com/" "Mozilla/5.0 (Test)" "3.51"
203.0.113.45 - - [28/Feb/2019:02:45:16 +0000] "GET /search HTTP/1.1" 500 3563 "https://domain1.com/admin" "Mozilla/5.0 (Test)" "3.19"
47.29.201.179 - - [06/Mar/2019:20:52:09 +0000] "GET / HTTP/1.1" 500 4690 "https://domain1.com/" "Mozilla/5.0 (Test)" "5.25"
47.29.201.179 - - [04/Feb/2019:07:22:00 +0000] "POST /search HTTP/1.1" 404 4900 "-" "Mozilla/5.0 (Test)" "2.8"
10.0.0.50 - - [28/Feb/2019:09:29:41 +0000] "PUT /images/logo.png HTTP/1.1" 201 1581 "http://domain2.com/" "Mozilla/5.0 (Test)" "1.49"
47.29.201.179 - - [28/Mar/2019:09:55:42 +0000] "DELETE /api/users HTTP/1.1" 200 6570 "https://domain1.com/" "Mozilla/5.0 (Test)" "4.68"
203.0.113.45 - - [04/Feb/2019:21:09:09 +0000] "PUT /admin/dashboard HTTP/1.1" 201 1012 "https://domain1.com/admin" "Mozilla/5.0 (Test)" "5.1"
