192.168.1.100 - - [30/Mar/2019:19:32:17 +0000] "PUT /api/users HTTP/1.1" 500 3473 "-" "Mozilla/5.0 (Test)" "7.48"
198.51.100.25 - - [28/Mar/2019:21:12:05 +0000] "GET /admin/dashboard HTTP/1.1" 500 3105 "https://domain1.com/admin" "Mozilla/5.0 (Test)" "9.93"
198.51.100.25 - - [02/Mar/2019:04:33:25 +0000] "GET /profile HTTP/1.1" 200 5457 "https://domain1.com/api" "Mozilla/5.0 (Test)" "4.27"
10.0.0.50 - - [31/Mar/2019:16:20:01 +0000] "HEAD /images/logo.png HTTP/1.1" 500 6937 "http://domain2.com/" "Mozilla/5.0 (Test)" "5.01"
203.0.113.45 - - [31/Mar/2019:17:13:52 +0000] "POST /api/login HTTP/1.1" 500 6464 "https://domain1.com/api" "Mozilla/5.0 (Test)" "4.54"
10.0.0.50 - - [10/Mar/2019:16:26:07 +0000] "PUT /api/users HTTP/1.1" 404 8918 "https://domain1.com/admin" "Mozilla/5.0 (Test)" "6.52"
192.168.1.100 - - [31/Mar/2019:13:33:36 +0000] "DELETE /admin/dashboard HTTP/1.1" 200 7503 "https://domain1.com/api" "Mozilla/5.0 (Test)" "5.34"
192.168.1.100 - - [29/Feb/2019:01:30:02 +0000] "POST /api/login HTTP/1.1" 404 1609 "https://domain1.com/api" "Mozilla/5.0 (Test)" "0.41"
10.0.0.50 - - [10/Mar/2019:02:52:23 +0000] "POST /api/login HTTP/1.1" 502 2768 "http://domain2.com/" "Mozilla/5.0 (Test)" "2.28"
10.0.0.50 - - [29/Mar/2019:20:36:53 +0000] "DELETE /admin/dashboard HTTP/1.1" 201 9146 "https://domain1.com/admin" "Mozilla/5.0 (Test)" "7.85"
47.29.201.179 - - [30/Mar/2019:18:18:02 +0000] "HEAD /api/users HTTP/1.1" 500 7993 "https://domain1.com/login" "Mozilla/5.0 (Test)" "5.41"
10.0.0.50 - - [29/Mar/2019:08:32:21 +0000] "DELETE /search HTTP/1.1" 201 976 "https://domain1.com/api" "Mozilla/5.0 (Test)" "5.41"
203.0.113.45 - - [28/Mar/2019:17:09:03 +0000] "PUT /admin/dashboard HTTP/1.1" 502 7727 "https://domain1.com/login" "Mozilla/5.0 (Test)" "4.34"
198.51.100.25 - - [06/Mar/2019:15:09:03 +0000] "DELETE / HTTP/1.1" 301 469 "https://domain1.com/login" "Mozilla/5.0 (Test)" "6.59"
10.0.0.50 - - [28/Mar/2019:23:49:10 +0000] "POST /api/login HTTP/1.1" 404 7248 "https://domain1.com/" "Mozilla/5.0 (Test)" "6.91"
203.0.113.45 - - [05/Feb/2019:23:40:10 +0000] "PUT /images/logo.png HTTP/1.1" 201 942 "https://domain1.com/login" "Mozilla/5.0 (Test)" "8.43"
47.29.201.179 - - [08/Feb/2019:01:34:15 +0000] "HEAD /admin/dashboard HTTP/1.1" 301 3089 "https://domain1.com/admin" "Mozilla/5.0 (Test)" "6.42"
198.51.100.25 - - [04/Mar/2019:12:50:09 +0000] "GET /api/login HTTP/1.1" 404 6630 "https://domain1.com/login" "Mozilla/5.0 (Test)" "6.75"
47.29.201.179 - - [31/Mar/2019:00:24:48 +0000] "GET /profile HTTP/1.1" 500 2973 "http://domain2.com/" "Mozilla/5.0 (Test)" "0.13"
203.0.113.45 - - [31/Feb/2019:07:07:37 +0000] "DELETE /api/login HTTP/1.1" 404 9155 "http://domain2.com/" "Mozilla/5.0 (Test)" "4.45"
47.29.201.179 - - [06/Mar/2019:14:24:31 +0000] "POST /admin/dashboard HTTP/1.1" 301 632 "https://domain1.com/login" "Mozilla/5.0 (Test)" "1.56"
10.0.0.50 - - [02/Mar/2019:06:22:03 +0000] "DELETE /images/logo.png HTTP/1.1" 200 2842 "https://domain1.com/login" "Mozilla/5.0 (Test)" "8.12"
10.0.0.50 - - [01/Feb/2019:11:56:28 +0000] "DELETE / HTTP/1.1" 502 1460 "http://domain2.com/" "Mozilla/5.0 (Test)" "2.57"
203.0.113.45 - - [01/Mar/2019:11:39:13 +0000] "DELETE / HTTP/1.1" 500 3108 "https://domain1.com/admin" "Mozilla/5.0 (Test)" "6.28"
198.51.100.25 - - [30/Mar/2019:16:01:08 +0000] "DELETE /images/logo.png HTTP/1.1" 500 2603 "-" "Mozilla/5.0 (Test)" "7.86"
10.0.0.50 - - [01/Mar/2019:08:29:17 +0000] "DELETE /profile HTTP/1.1" 404 2032 "-" "Mozilla/5.0 (Test)" "0.37"
47.29.201.179 - - [28/Feb/2019:07:53:04 +0000] "PUT /admin/dashboard HTTP/1.1" 404 6657 "http://domain2.com/" "Mozilla/5.0 (Test)" "8.56"
47.29.201.179 - - [28/Feb/2019:23:07:56 +0000] "DELETE / HTTP/1.1" 404 7846 "https://domain1.com/" "Mozilla/5.0 (Test)" "6.49"
192.168.1.100 - - [30/Feb/2019:23:53:45 +0000] "GET /search HTTP/1.1" 301 283 "-" "Mozilla/5.0 (Test)" "2.35"
203.0.113.45 - - [28/Mar/2019:10:40:17 +0000] "GET /profile HTTP/1.1" 500 6605 "http://domain2.com/" "Mozilla/5.0 (Test)" "6.94"
192.168.1.100 - - [10/Mar/2019:19:01:26 +0000] "PUT /images/logo.png HTTP/1.1" 502 1295 "http://domain2.com/" "Mozilla/5.0 (Test)" "0.34"
192.168.1.100 - - [07/Feb/2019:15:48:15 +0000] "HEAD /api/users HTTP/1.1" 200 5221 "http://domain2.com/" "Mozilla/5.0 (Test)" "7.97"
192.168.1.100 - - [10/Feb/2019:07:14:28 +0000] "GET /api/users HTTP/1.1" 301 3542 "https://domain1.com/admin" "Mozilla/5.0 (Test)" "3.94"
47.29.201.179 - - [31/Mar/2019:12:41:24 +0000] "HEAD / HTTP/1.1" 301 1272 "http://domain2.com/" "Mozilla/5.0 (Test)" "4.4"
192.168.1.100 - - [30/Mar/2019:13:17:29 +0000] "HEAD /api/login HTTP/1.1" 502 2125 "http://domain2.com/" "Mozilla/5.0 (Test)" "2.25"
203.0.113.45 - - [31/Feb/2019:19:57:08 +0000] "GET /profile HTTP/1.1" 500 4450 "https://domain1.com/admin" "Mozilla/5.0 (Test)" "8.06"
203.0.113.45 - - [29/Mar/2019:08:10:03 +0000] "GET /api/login HTTP/1.1" 404 8592 "https://domain1.com/admin" "Mozilla/5.0 (Test)" "5.44"
203.0.113.45 - - [02/Mar/2019:12:01:38 +0000] "GET /admin/dashboard HTTP/1.1" 201 7879 "https://domain1.com/api" "Mozilla/5.0 (Test)" "2.42"
198.51.100.25 - - [31/Mar/2019:23:32:23 +0000] "PUT / HTTP/1.1" 404 5564 "-" "Mozilla/5.0 (Test)" "3.35"
47.29.201.179 - - [29/Mar/2019:04:08:21 +0000] "GET / HTTP/1.1" 502 503 "https://domain1.com/api" "Mozilla/5.0 (Test)" "1.2"
10.0.0.50 - - [28/Mar/2019:20:16:45 +0000] "POST /api/login HTTP/1.1" 301 1595 "https://domain1.com/login" "Mozilla/5.0 (Test)" "2.14"
10.0.0.50 - - [02/Mar/2019:05:56:39 +0000] "DELETE /search HTTP/1.1" 404 6448 "https://domain1.com/" "Mozilla/5.0 (Test)" "4.19"
203.0.113.45 - - [28/Feb/2019:05:50:54 +0000] "PUT /images/logo.png HTTP/1.1" 301 1138 "http://domain2.com/" "Mozilla/5.0 (Test)" "4.39"
10.0.0.50 - - [31/Feb/2019:13:42:17 +0000] "PUT /profile HTTP/1.1" 200 8888 "https://domain1.com/admin" "Mozilla/5.0 (Test)" "1.17"
203.0.113.45 - - [30/Feb/2019:18:43:03 +0000] "HEAD / HTTP/1.1" 201 4488 "http://domain2.com/" "Mozilla/5.0 (Test)" "5.44"
192.168.1.100 - - [30/Feb/2019:04:30:10 +0000] "POST /search HTTP/1.1" 500 2694 "http://domain2.com/" "Mozilla/5.0 (Test)" "2.77"
203.0.113.45 - - [30/Mar/2019:20:24:17 +0000] "DELETE /api/users HTTP/1.1" 502 3497 "https://domain1.com/login" "Mozilla/5.0 (Test)" "6.06"
47.29.201.179 - - [01/Mar/2019:21:39:28 +0000] "HEAD /search HTTP/1.1" 301 525 "https://domain1.com/api" "Mozilla/5.0 (Test)" "9.66"
10.0.0.50 - - [31/Mar/2019:19:21:46 +0000] "GET /images/logo.png HTTP/1.1" 301 5356 "http://domain2.com/" "Mozilla/5.0 (Test)" "4.11"
203.0.113.45 - - [10/Feb/2019:02:58:56 +0000] "GET /api/login HTTP/1.1" 500 5243 "https://domain1.com/login" "Mozilla/5.0 (Test)" "5.97"
198.51.100.25 - - [10/Feb/2019:08:24:55 +0000] "DELETE /admin/dashboard HTTP/1.1" 200 1652 "http://domain2.com/" "Mozilla/5.0 (Test)" "2.06"
10.0.0.50 - - [04/Mar/2019:23:37:19 +0000] "GET /admin/dashboard HTTP/1.1" 502 8869 "https://domain1.com/" "Mozilla/5.0 (Test)" "9.64"
47.29.201.179 - - [04/Feb/2019:18:46:12 +0000] "GET /search HTTP/1.1" 500 5604 "http://domain2.com/" "Mozilla/5.0 (Test)" "1.88"
10.0.0.50 - - [31/Feb/2019:05:37:04 +0000] "GET / HTTP/1.1" 201 5147 "http://domain2.com/" "Mozilla/5.0 (Test)" "0.72"
203.0.113.45 - - [30/Mar/2019:00:31:17 +0000] "DELETE /search HTTP/1.1" 200 153 "https://domain1.com/" "Mozilla/5.0 (Test)" "7.12"
47.29.201.179 - - [30/Mar/2019:04:38:08 +0000] "PUT /api/users HTTP/1.1" 404 5038 "https://domain1.com/admin" "Mozilla/5.0 (Test)" "3.98"
198.51.100.25 - - [28/Feb/2019:12:47:31 +0000] "PUT / HTTP/1.1" 301 6398 "https://domain1.com/api" "Mozilla/5.0 (Test)" "5.32"
47.29.201.179 - - [04/Mar/2019:14:37:48 +0000] "GET / HTTP/1.1" 404 7106 "https://domain1.com/login" "Mozilla/5.0 (Test)" "1.14"
203.0.113.45 - - [28/Feb/2019:11:03:45 +0000] "PUT / HTTP/1.1" 200 9110 "https://domain1.com/admin" "Mozilla/5.0 (Test)" "2.13"
203.0.113.45 - - [30/Mar/2019:12:56:32 +0000] "POST /images/logo.png HTTP/1.1" 502 8828 "-" "Mozilla/5.0 (Test)" "1.63"
47.29.201.179 - - [04/Mar/2019:05:37:15 +0000] "POST /profile HTTP/1.1" 404 9761 "https://domain1.com/" "Mozilla/5.0 (Test)" "6.81"
10.0.0.50 - - [31/Feb/2019:00:32:15 +0000] "PUT /images/logo.png HTTP/1.1" 200 1668 "http://domain2.com/" "Mozilla/5.0 (Test)" "2.89"
198.51.100.25 - - [28/Mar/2019:01:06:27 +0000] "POST / HTTP/1.1" 404 1466 "-" "Mozilla/5.0 (Test)" "2.31"
10.0.0.50 - - [08/Mar/2019:05:15:54 +0000] "DELETE /search HTTP/1.1" 500 7060 "https://domain1.com/admin" "Mozilla/5.0 (Test)" "9.64"
192.168.1.100 - - [29/Feb/2019:01:25:13 +0000] "POST / HTTP/1.1" 404 2645 "https://domain1.com/api" "Mozilla/5.0 (Test)" "7.18"
192.168.1.100 - - [06/Feb/2019:01:00:50 +0000] "GET /api/login HTTP/1.1" 502 2029 "https://domain1.com/api" "Mozilla/5.0 (Test)" "7.55"
47.29.201.179 - - [30/Feb/2019:22:01:17 +0000] "PUT /search HTTP/1.1" 200 9562 "https://domain1.com/api" "Mozilla/5.0 (Test)" "2.91"
47.29.201.179 - - [30/Feb/2019:09:55:19 +0000] "DELETE / HTTP/1.1" 200 8133 "https://domain1.com/" "Mozilla/5.0 (Test)" "2.44"
10.0.0.50 - - [28/Mar/2019:11:52:53 +0000] "DELETE /admin/dashboard HTTP/1.1" 301 1856 "https://domain1.com/api" "Mozilla/5.0 (Test)" "4.09"
47.29.201.179 - - [10/Feb/2019:11:58:50 +0000] "PUT /admin/dashboard HTTP/1.1" 301 2265 "https://domain1.com/" "Mozilla/5.0 (Test)" "7.37"
203.0.113.45 - - [05/Mar/2019:23:26:59 +0000] "DELETE /search HTTP/1.1" 200 5981 "https://domain1.com/api" "Mozilla/5.0 (Test)" "8.75"
203.0.113.45 - - [28/Mar/2019:19:48:33 +0000] "GET /profile HTTP/1.1" 301 7031 "-" "Mozilla/5.0 (Test)" "4.16"
10.0.0.50 - - [29/Feb/2019:04:40:31 +0000] "DELETE /profile HTTP/1.1" 502 830 "-" "Mozilla/5.0 (Test)" "1.15"
198.51.100.25 - - [04/Mar/2019:23:37:59 +0000] "DELETE /api/users HTTP/1.1" 201 2982 "-" "Mozilla/5.0 (Test)" "9.79"
192.168.1.100 - - [30/Mar/2019:08:38:23 +0000] "POST /search HTTP/1.1" 301 5709 "https://domain1.com/api" "Mozilla/5.0 (Test)" "1.13"
192.168.1.100 - - [29/Mar/2019:08:34:11 +0000] "GET /api/users HTTP/1.1" 301 3347 "http://domain2.com/" "Mozilla/5.0 (Test)" "5.16"
198.51.100.25 - - [02/Mar/2019:08:41:56 +0000] "GET /search HTTP/1.1" 200 8835 "https://domain1.com/" "Mozilla/5.0 (Test)" "0.18"
198.51.100.25 - - [30/Feb/2019:10:01:12 +0000] "GET /images/logo.png HTTP/1.1" 500 1909 "https://domain1.com/api" "Mozilla/5.0 (Test)" "7.13"
198.51.100.25 - - [09/Mar/2019:21:07:19 +0000] "HEAD /admin/dashboard HTTP/1.1" 404 681 "https://domain1.com/" "Mozilla/5.0 (Test)" "4.78"
198.51.100.25 - - [03/Mar/2019:12:21:40 +0000] "HEAD /admin/dashboard HTTP/1.1" 502 6504 "https://domain1.com/" "Mozilla/5.0 (Test)" "9.15"
192.168.1.100 - - [29/Feb/2019:08:57:20 +0000] "HEAD /profile HTTP/1.1" 404 8815 "https://domain1.com/api" "Mozilla/5.0 (Test)" "4.53"
203.0.113.45 - - [09/Feb/2019:11:10:33 +0000] "DELETE /images/logo.png HTTP/1.1" 502 4357 "https://domain1.com/" "Mozilla/5.0 (Test)" "5.34"
203.0.113.45 - - [29/Feb/2019:04:56:58 +0000] "HEAD /api/users HTTP/1.1" 201 510 "https://domain1.com/api" "Mozilla/5.0 (Test)" "1.7"
47.29.201.179 - - [30/Mar/2019:07:49:24 +0000] "HEAD /api/login HTTP/1.1" 500 742 "-" "Mozilla/5.0 (Test)" "0.31"
198.51.100.25 - - [08/Mar/2019:11:16:14 +0000] "POST /profile HTTP/1.1" 301 7095 "https://domain1.com/" "Mozilla/5.0 (Test)" "3.51"
198.51.100.25 - - [30/Mar/2019:19:11:52 +0000] "POST /api/users HTTP/1.1" 301 2767 "https://domain1.com/" "Mozilla/5.0 (Test)" "5.33"
47.29.201.179 - - [29/Feb/2019:15:58:26 +0000] "PUT /api/login HTTP/1.1" 201 3728 "-" "Mozilla/5.0 (Test)" "1.52"
192.168.1.100 - - [28/Mar/2019:03:29:53 +0000] "POST /admin/dashboard HTTP/1.1" 404 8215 "http://domain2.com/" "Mozilla/5.0 (Test)" "9.63"
203.0.113.45 - - [05/Feb/2019:11:10:56 +0000] "DELETE /api/users HTTP/1.1" 404 4156 "https://domain1.com/api" "Mozilla/5.0 (Test)" "1.13"
198.51.100.25 - - [31/Mar/2019:18:34:18 +0000] "HEAD /images/logo.png HTTP/1.1" 200 1775 "https://domain1.com/api" "Mozilla/5.0 (Test)" "0.25"
203.0.113.45 - - [31/Mar/2019:13:55:18 +0000] "POST /admin/dashboard HTTP/1.1" 200 2067 "https://domain1.com/admin" "Mozilla/5.0 (Test)" "3.04"
203.0.113.45 - - [31/Feb/2019:10:20:05 +0000] "GET /profile HTTP/1.1" 502 1557 "https://domain1.com/api" "Mozilla/5.0 (Test)" "3.96"
10.0.0.50 - - [07/Mar/2019:00:32:17 +0000] "PUT /admin/dashboard HTTP/1.1" 301 5728 "https://domain1.com/admin" "Mozilla/5.0 (Test)" "9.7"
192.168.1.100 - - [28/Feb/2019:14:29:10 +0000] "POST /api/users HTTP/1.1" 200 3533 "https://domain1.com/api" "Mozilla/5.0 (Test)" "2.47"
192.168.1.100 - - [06/Mar/2019:05:31:35 +0000] "PUT /admin/dashboard HTTP/1.1" 301 995 "http://domain2.com/" "Mozilla/5.0 (Test)" "2.75"
192.168.1.100 - - [09/Feb/2019:15:46:45 +0000] "HEAD /search HTTP/1.1" 200 4935 "https://domain1.com/login" "Mozilla/5.0 (Test)" "9.85"
203.0.113.45 - - [29/Feb/2019:15:29:23 +0000] "PUT /images/logo.png HTTP/1.1" 201 4246 "https://domain1.com/" "Mozilla/5.0 (Test)" "6.82"
203.0.113.45 - - [04/Mar/2019:18:04:02 +0000] "GET / HTTP/1.1" 200 7131 "https://domain1.com/" "Mozilla/5.0 (Test)" "9.87"
47.29.201.179 - - [04/Mar/2019:00:38:02 +0000] "PUT /admin/dashboard HTTP/1.1" 201 7390 "http://domain2.com/" "Mozilla/5.0 (Test)" "9.79"
10.0.0.50 - - [29/Mar/2019:20:18:22 +0000] "GET /api/users HTTP/1.1" 502 1721 "https://domain1.com/api" "Mozilla/5.0 (Test)" "2.97"
203.0.113.45 - - [31/Mar/2019:11:02:14 +0000] "DELETE /profile HTTP/1.1" 200 5726 "https://domain1.com/admin" "Mozilla/5.0 (Test)" "8.7"
10.0.0.50 - - [10/Mar/2019:17:24:26 +0000] "DELETE / HTTP/1.1" 200 3285 "-" "Mozilla/5.0 (Test)" "9.86"
10.0.0.50 - - [31/Feb/2019:18:12:45 +0000] "HEAD /admin/dashboard HTTP/1.1" 200 6597 "-" "Mozilla/5.0 (Test)" "3.31"
198.51.100.25 - - [30/Feb/2019:12:26:05 +0000] "GET /images/logo.png HTTP/1.1" 404 9010 "https://domain1.com/api" "Mozilla/5.0 (Test)" "2.53"
192.168.1.100 - - [28/Mar/2019:12:44:05 +0000] "HEAD /api/login HTTP/1.1" 200 2591 "https://domain1.com/login" "Mozilla/5.0 (Test)" "1.49"
10.0.0.50 - - [10/Mar/2019:04:16:22 +0000] "GET /search HTTP/1.1" 301 6528 "-" "Mozilla/5.0 (Test)" "6.46"
47.29.201.179 - - [03/Feb/2019:15:26:13 +0000] "HEAD /api/users HTTP/1.1" 200 2069 "https://domain1.com/" "Mozilla/5.0 (Test)" "7.35"
203.0.113.45 - - [03/Mar/2019:17:39:00 +0000] "GET /api/users HTTP/1.1" 404 8398 "-" "Mozilla/5.0 (Test)" "8.38"
203.0.113.45 - - [31/Feb/2019:10:37:07 +0000] "PUT /profile HTTP/1.1" 502 8630 "http://domain2.com/" "Mozilla/5.0 (Test)" "1.38"
198.51.100.25 - - [06/Feb/2019:02:12:37 +0000] "POST / HTTP/1.1" 502 1217 "https://domain1.com/api" "Mozilla/5.0 (Test)" "8.58"
203.0.113.45 - - [07/Feb/2019:07:34:21 +0000] "DELETE /admin/dashboard HTTP/1.1" 301 3701 "https://domain1.com/api" "Mozilla/5.0 (Test)" "6.04"
203.0.113.45 - - [10/Mar/2019:04:15:56 +0000] "GET /api/users HTTP/1.1" 404 9346 "https://domain1.com/admin" "Mozilla/5.0 (Test)" "1.47"
10.0.0.50 - - [30/Mar/2019:21:39:35 +0000] "DELETE /profile HTTP/1.1" 404 9923 "https://domain1.com/api" "Mozilla/5.0 (Test)" "8.83"
198.51.100.25 - - [09/Mar/2019:09:48:41 +0000] "HEAD / HTTP/1.1" 404 4045 "https://domain1.com/admin" "Mozilla/5.0 (Test)" "6.91"
203.0.113.45 - - [28/Feb/2019:17:54:35 +0000] "DELETE /admin/dashboard HTTP/1.1" 200 583 "https://domain1.com/" "Mozilla/5.0 (Test)" "8.44"
198.51.100.25 - - [04/Feb/2019:09:57:36 +0000] "HEAD /images/logo.png HTTP/1.1" 502 3604 "https://domain1.com/admin" "Mozilla/5.0 (Test)" "5.69"
47.29.201.179 - - [04/Mar/2019:09:54:00 +0000] "DELETE /images/logo.png HTTP/1.1" 200 7760 "https://domain1.com/login" "Mozilla/5.0 (Test)" "8.17"
10.0.0.50 - - [30/Mar/2019:08:33:59 +0000] "POST /search HTTP/1.1" 201 7795 "https://domain1.com/admin" "Mozilla/5.0 (Test)" "1.75"
192.168.1.100 - - [31/Feb/2019:21:49:50 +0000] "PUT /search HTTP/1.1" 201 1574 "https://domain1.com/login" "Mozilla/5.0 (Test)" "3.53"
198.51.100.25 - - [03/Feb/2019:06:24:44 +0000] "GET /api/login HTTP/1.1" 301 7143 "https://domain1.com/admin" "Mozilla/5.0 (Test)" "8.08"
47.29.201.179 - - [31/Mar/2019:07:24:56 +0000] "GET /api/login HTTP/1.1" 502 3452 "https://domain1.com/login" "Mozilla/5.0 (Test)" "2.26"
198.51.100.25 - - [30/Mar/2019:12:36:36 +0000] "PUT /admin/dashboard HTTP/1.1" 201 3347 "https://domain1.com/admin" "Mozilla/5.0 (Test)" "8.0"
203.0.113.45 - - [29/Mar/2019:11:02:45 +0000] "POST /profile HTTP/1.1" 404 8546 "https://domain1.com/login" "Mozilla/5.0 (Test)" "4.45"
203.0.113.45 - - [01/Feb/2019:09:19:13 +0000] "GET /search HTTP/1.1" 200 3412 "https://domain1.com/login" "Mozilla/5.0 (Test)" "0.23"
203.0.113.45 - - [30/Mar/2019:22:25:07 +0000] "GET /admin/dashboard HTTP/1.1" 301 5986 "https://domain1.com/login" "Mozilla/5.0 (Test)" "8.75"
198.51.100.25 - - [30/Mar/2019:14:01:35 +0000] "GET /api/users HTTP/1.1" 301 1342 "http://domain2.com/" "Mozilla/5.0 (Test)" "9.59"
198.51.100.25 - - [10/Feb/2019:08:28:39 +0000] "POST /images/logo.png HTTP/1.1" 500 1077 "https://domain1.com/login" "Mozilla/5.0 (Test)" "5.16"
192.168.1.100 - - [10/Feb/2019:12:16:49 +0000] "HEAD /images/logo.png HTTP/1.1" 201 2806 "-" "Mozilla/5.0 (Test)" "5.74"
47.29.201.179 - - [28/Mar/2019:15:16:10 +0000] "POST /profile HTTP/1.1" 500 183 "https://domain1.com/login" "Mozilla/5.0 (Test)" "7.49"
192.168.1.100 - - [29/Mar/2019:17:51:22 +0000] "PUT /api/users HTTP/1.1" 502 3474 "https://domain1.com/api" "Mozilla/5.0 (Test)" "9.75"
192.168.1.100 - - [31/Feb/2019:05:49:47 +0000] "PUT /images/logo.png HTTP/1.1" 500 2825 "https://domain1.com/api" "Mozilla/5.0 (Test)" "1.26"
192.168.1.100 - - [03/Mar/2019:21:07:26 +0000] "GET /search HTTP/1.1" 301 2915 "https://domain1.com/" "Mozilla/5.0 (Test)" "2.52"
198.51.100.25 - - [31/Feb/2019:21:34:50 +0000] "GET / HTTP/1.1" 502 4065 "https://domain1.com/admin" "Mozilla/5.0 (Test)" "9.59"
47.29.201.179 - - [29/Mar/2019:03:04:08 +0000] "POST / HTTP/1.1" 502 7352 "https://domain1.com/" "Mozilla/5.0 (Test)" "8.01"
203.0.113.45 - - [30/Mar/2019:07:17:03 +0000] "GET /api/users HTTP/1.1" 500 2776 "https://domain1.com/admin" "Mozilla/5.0 (Test)" "3.41"
192.168.1.100 - - [07/Mar/2019:10:56:37 +0000] "DELETE /admin/dashboard HTTP/1.1" 301 9213 "https://domain1.com/" "Mozilla/5.0 (Test)" "2.62"
47.29.201.179 - - [28/Feb/2019:22:05:40 +0000] "DELETE /api/users HTTP/1.1" 502 1379 "https://domain1.com/api" "Mozilla/5.0 (Test)" "8.89"
198.51.100.25 - - [09/Feb/2019:21:15:09 +0000] "POST /api/users HTTP/1.1" 500 9953 "https://domain1.com/login" "Mozilla/5.0 (Test)" "3.58"
198.51.100.25 - - [30/Mar/2019:02:02:23 +0000] "POST /admin/dashboard HTTP/1.1" 201 8724 "https://domain1.com/" "Mozilla/5.0 (Test)" "6.94"
203.0.113.45 - - [02/Feb/2019:21:35:24 +0000] "HEAD /admin/dashboard HTTP/1.1" 502 6036 "https://domain1.com/login" "Mozilla/5.0 (Test)" "9.74"
47.29.201.179 - - [28/Feb/2019:14:09:00 +0000] "DELETE /api/users HTTP/1.1" 404 3650 "-" "Mozilla/5.0 (Test)" "8.71"
198.51.100.25 - - [29/Mar/2019:09:32:05 +0000] "DELETE /api/login HTTP/1.1" 404 589 "-" "Mozilla/5.0 (Test)" "4.08"
47.29.201.179 - - [04/Mar/2019:09:32:48 +0000] "POST / HTTP/1.1" 301 2372 "https://domain1.com/admin" "Mozilla/5.0 (Test)" "1.12"
47.29.201.179 - - [28/Mar/2019:23:29:28 +0000] "GET / HTTP/1.1" 201 1896 "https://domain1.com/login" "Mozilla/5.0 (Test)" "9.5"
192.168.1.100 - - [07/Mar/2019:15:04:48 +0000] "DELETE /images/logo.png HTTP/1.1" 200 7684 "https://domain1.com/" "Mozilla/5.0 (Test)" "6.86"
47.29.201.179 - - [30/Mar/2019:10:22:12 +0000] "GET /profile HTTP/1.1" 301 5962 "https://domain1.com/admin" "Mozilla/5.0 (Test)" "8.4"
10.0.0.50 - - [31/Mar/2019:00:05:27 +0000] "PUT /search HTTP/1.1" 301 7038 "http://domain2.com/" "Mozilla/5.0 (Test)" "2.61"
10.0.0.50 - - [31/Mar/2019:23:19:28 +0000] "GET / HTTP/1.1" 201 641 "https://domain1.com/login" "Mozilla/5.0 (Test)" "3.9"
47.29.201.179 - - [03/Mar/2019:12:41:51 +0000] "HEAD /api/login HTTP/1.1" 502 4176 "http://domain2.com/" "Mozilla/5.0 (Test)" "3.57"
10.0.0.50 - - [06/Mar/2019:06:21:06 +0000] "DELETE /admin/dashboard HTTP/1.1" 201 2382 "http://domain2.com/" "Mozilla/5.0 (Test)" "8.33"
198.51.100.25 - - [28/Feb/2019:14:14:31 +0000] "GET /search HTTP/1.1" 500 145 "http://domain2.com/" "Mozilla/5.0 (Test)" "4.26"
192.168.1.100 - - [31/Mar/2019:07:30:51 +0000] "HEAD / HTTP/1.1" 201 1065 "https://domain1.com/api" "Mozilla/5.0 (Test)" "0.16"
198.51.100.25 - - [05/Feb/2019:04:08:46 +0000] "HEAD /api/login HTTP/1.1" 201 1356 "https://domain1.com/api" "Mozilla/5.0 (Test)" "0.33"
203.0.113.45 - - [29/Feb/2019:17:41:54 +0000] "POST /images/logo.png HTTP/1.1" 500 391 "https://domain1.com/admin" "Mozilla/5.0 (Test)" "7.48"
47.29.201.179 - - [01/Feb/2019:01:15:59 +0000] "POST /images/logo.png HTTP/1.1" 200 844 "https://domain1.com/api" "Mozilla/5.0 (Test)" "8.56"
47.29.201.179 - - [04/Mar/2019:09:23:32 +0000] "POST / HTTP/1.1" 500 9878 "http://domain2.com/" "Mozilla/5.0 (Test)" "2.92"
10.0.0.50 - - [30/Feb/2019:18:24:59 +0000] "HEAD /api/login HTTP/1.1" 502 4856 "-" "Mozilla/5.0 (Test)" "8.19"
203.0.113.45 - - [02/Mar/2019:06:58:45 +0000] "POST /profile HTTP/1.1" 502 6461 "https://domain1.com/login" "Mozilla/5.0 (Test)" "7.59"
198.51.100.25 - - [06/Feb/2019:20:42:36 +0000] "PUT /search HTTP/1.1" 404 4280 "https://domain1.com/admin" "Mozilla/5.0 (Test)" "8.83"
10.0.0.50 - - [10/Feb/2019:04:57:02 +0000] "GET /search HTTP/1.1" 404 981 "https://domain1.com/login" "Mozilla/5.0 (Test)" "1.51"
198.51.100.25 - - [31/Feb/2019:07:24:48 +0000] "PUT /api/users HTTP/1.1" 404 4673 "https://domain1.com/login" "Mozilla/5.0 (Test)" "7.19"
203.0.113.45 - - [07/Feb/2019:22:27:20 +0000] "PUT /profile HTTP/1.1" 404 6066 "-" "Mozilla/5.0 (Test)" "8.41"
192.168.1.100 - - [09/Feb/2019:12:11:41 +0000] "POST /images/logo.png HTTP/1.1" 200 3515 "http://domain2.com/" "Mozilla/5.0 (Test)" "9.28"
192.168.1.100 - - [30/Mar/2019:21:12:22 +0000] "HEAD /search HTTP/1.1" 301 8820 "-" "Mozilla/5.0 (Test)" "7.64"
198.51.100.25 - - [28/Feb/2019:11:18:54 +0000] "GET /api/users HTTP/1.1" 502 5832 "https://domain1.com/admin" "Mozilla/5.0 (Test)" "0.44"
47.29.201.179 - - [30/Feb/2019:13:55:53 +0000] "PUT /admin/dashboard HTTP/1.1" 201 356 "https://domain1.com/" "Mozilla/5.0 (Test)" "7.81"
192.168.1.100 - - [10/Mar/2019:02:05:45 +0000] "PUT /search HTTP/1.1" 404 7439 "https://domain1.com/admin" "Mozilla/5.0 (Test)" "6.89"
47.29.201.179 - - [29/Feb/2019:08:56:01 +0000] "DELETE /api/users HTTP/1.1" 502 510 "-" "Mozilla/5.0 (Test)" "7.71"
10.0.0.50 - - [03/Feb/2019:04:07:03 +0000] "GET /profile HTTP/1.1" 201 4553 "https://domain1.com/api" "Mozilla/5.0 (Test)" "2.63"
10.0.0.50 - - [28/Mar/2019:07:23:17 +0000] "DELETE /images/logo.png HTTP/1.1" 301 7009 "https://domain1.com/admin" "Mozilla/5.0 (Test)" "3.57"
192.168.1.100 - - [06/Mar/2019:15:26:36 +0000] "GET /api/users HTTP/1.1" 404 7009 "-" "Mozilla/5.0 (Test)" "5.12"
47.29.201.179 - - [30/Mar/2019:22:08:58 +0000] "PUT /api/login HTTP/1.1" 301 2622 "http://domain2.com/" "Mozilla/5.0 (Test)" "4.67"
198.51.100.25 - - [08/Mar/2019:00:52:03 +0000] "GET /admin/dashboard HTTP/1.1" 404 8786 "-" "Mozilla/5.0 (Test)" "2.37"
10.0.0.50 - - [03/Mar/2019:07:46:45 +0000] "POST / HTTP/1.1" 201 9533 "https://domain1.com/login" "Mozilla/5.0 (Test)" "1.34"
198.51.100.25 - - [06/Mar/2019:01:45:57 +0000] "POST /api/users HTTP/1.1" 502 8942 "-" "Mozilla/5.0 (Test)" "5.13"
203.0.113.45 - - [29/Mar/2019:00:03:47 +0000] "GET /api/login HTTP/1.1" 404 318 "https://domain1.com/login" "Mozilla/5.0 (Test)" "6.55"
198.51.100.25 - - [28/Mar/2019:21:19:25 +0000] "HEAD /search HTTP/1.1" 404 8545 "https://domain1.com/api" "Mozilla/5.0 (Test)" "4.6"
198.51.100.25 - - [07/Mar/2019:16:49:57 +0000] "HEAD /search HTTP/1.1" 502 437 "http://domain2.com/" "Mozilla/5.0 (Test)" "0.22"
203.0.113.45 - - [07/Mar/2019:12:51:59 +0000] "POST /api/login HTTP/1.1" 502 6052 "https://domain1.com/admin" "Mozilla/5.0 (Test)" "8.12"
47.29.201.179 - - [09/Feb/2019:15:34:54 +0000] "DELETE /api/login HTTP/1.1" 502 7062 "-" "Mozilla/5.0 (Test)" "1.99"
203.0.113.45 - - [29/Feb/2019:09:15:30 +0000] "HEAD /images/logo.png HTTP/1.1" 201 4133 "https://domain1.com/" "Mozilla/5.0 (Test)" "5.02"
47.29.201.179 - - [31/Mar/2019:06:39:37 +0000] "HEAD / HTTP/1.1" 404 3394 "http://domain2.com/" "Mozilla/5.0 (Test)" "4.16"
198.51.100.25 - - [03/Mar/2019:07:34:21 +0000] "GET /images/logo.png HTTP/1.1" 500 9352 "https://domain1.com/" "Mozilla/5.0 (Test)" "8.58"
10.0.0.50 - - [29/Mar/2019:19:05:54 +0000] "GET /api/users HTTP/1.1" 200 8170 "-" "Mozilla/5.0 (Test)" "3.94"
203.0.113.45 - - [30/Feb/2019:07:04:48 +0000] "POST /images/logo.png HTTP/1.1" 301 5408 "https://domain1.com/" "Mozilla/5.0 (Test)" "6.49"
203.0.113.45 - - [08/Mar/2019:20:22:27 +0000] "DELETE /images/logo.png HTTP/1.1" 500 7977 "-" "Mozilla/5.0 (Test)" "9.05"
198.51.100.25 - - [06/Feb/2019:06:22:43 +0000] "POST /profile HTTP/1.1" 502 8374 "https://domain1.com/admin" "Mozilla/5.0 (Test)" "2.98"
47.29.201.179 - - [28/Feb/2019:05:57:52 +0000] "HEAD /images/logo.png HTTP/1.1" 200 4239 "https://domain1.com/" "Mozilla/5.0 (Test)" "8.93"
10.0.0.50 - - [04/Mar/2019:20:59:23 +0000] "POST /admin/dashboard HTTP/1.1" 502 7600 "https://domain1.com/api" "Mozilla/5.0 (Test)" "2.08"
203.0.113.45 - - [03/Feb/2019:22:43:23 +0000] "PUT /api/login HTTP/1.1" 502 3018 "https://domain1.com/" "Mozilla/5.0 (Test)" "9.46"
47.29.201.179 - - [01/Mar/2019:08:34:27 +0000] "POST /api/users HTTP/1.1" 404 9457 "https://domain1.com/api" "Mozilla/5.0 (Test)" "9.97"
10.0.0.50 - - [29/Feb/2019:12:34:36 +0000] "GET /admin/dashboard HTTP/1.1" 200 3868 "https://domain1.com/" "Mozilla/5.0 (Test)" "6.78"
10.0.0.50 - - [02/Feb/2019:20:17:32 +0000] "DELETE /profile HTTP/1.1" 301 6756 "http://domain2.com/" "Mozilla/5.0 (Test)" "5.25"
47.29.201.179 - - [30/Feb/2019:01:18:30 +0000] "DELETE /images/logo.png HTTP/1.1" 500 4385 "http://domain2.com/" "Mozilla/5.0 (Test)" "9.63"
47.29.201.179 - - [01/Feb/2019:23:21:08 +0000] "HEAD /api/users HTTP/1.1" 404 4447 "https://domain1.com/login" "Mozilla/5.0 (Test)" "9.14"
47.29.201.179 - - [07/Mar/2019:15:58:15 +0000] "HEAD / HTTP/1.1" 200 5449 "https://domain1.com/login" "Mozilla/5.0 (Test)" "4.65"
198.51.100.25 - - [29/Mar/2019:17:58:15 +0000] "POST /api/users HTTP/1.1" 200 6010 "https://domain1.com/login" "Mozilla/5.0 (Test)" "7.64"
192.168.1.100 - - [04/Feb/2019:16:04:12 +0000] "PUT /admin/dashboard HTTP/1.1" 502 3329 "-" "Mozilla/5.0 (Test)" "8.06"
198.51.100.25 - - [09/Feb/2019:19:03:17 +0000] "DELETE /search HTTP/1.1" 502 232 "https://domain1.com/admin" "Mozilla/5.0 (Test)" "4.39"
192.168.1.100 - - [04/Feb/2019:13:32:39 +0000] "HEAD /profile HTTP/1.1" 201 6135 "https://domain1.com/login" "Mozilla/5.0 (Test)" "1.0"
47.29.201.179 - - [02/Feb/2019:16:16:27 +0000] "PUT /admin/dashboard HTTP/1.1" 201 2432 "https://domain1.com/login" "Mozilla/5.0 (Test)" "2.71"
47.29.201.179 - - [02/Feb/2019:03:58:10 +0000] "DELETE /profile HTTP/1.1" 301 5841 "-" "Mozilla/5.0 (Test)" "6.7"
192.168.1.100 - - [10/Mar/2019:13:52:38 +0000] "PUT / HTTP/1.1" 502 3568 "https://domain1.com/api" "Mozilla/5.0 (Test)" "3.94"
10.0.0.50 - - [09/Feb/2019:05:26:21 +0000] "HEAD /profile HTTP/1.1" 201 6507 "https://domain1.com/api" "Mozilla/5.0 (Test)" "9.6"
198.51.100.25 - - [03/Mar/2019:15:31:44 +0000] "POST /search HTTP/1.1" 301 491 "https://domain1.com/login" "Mozilla/5.0 (Test)" "2.08"
47.29.201.179 - - [31/Feb/2019:04:48:27 +0000] "DELETE /api/login HTTP/1.1" 200 5756 "https://domain1.com/login" "Mozilla/5.0 (Test)" "2.46"
203.0.113.45 - - [28/Feb/2019:16:27:54 +0000] "POST /images/logo.png HTTP/1.1" 301 1168 "https://domain1.com/admin" "Mozilla/5.0 (Test)" "8.29"
47.29.201.179 - - [09/Feb/2019:03:36:08 +0000] "DELETE /api/users HTTP/1.1" 301 1855 "-" "Mozilla/5.0 (Test)" "7.68"
203.0.113.45 - - [05/Mar/2019:19:50:04 +0000] "PUT /admin/dashboard HTTP/1.1" 301 2797 "https://domain1.com/api" "Mozilla/5.0 (Test)" "4.98"
47.29.201.179 - - [30/Feb/2019:07:45:56 +0000] "GET /api/login HTTP/1.1" 500 9984 "https://domain1.com/" "Mozilla/5.0 (Test)" "1.53"
47.29.201.179 - - [29/Mar/2019:20:23:55 +0000] "HEAD /admin/dashboard HTTP/1.1" 201 5056 "https://domain1.com/admin" "Mozilla/5.0 (Test)" "5.86"
10.0.0.50 - - [05/Feb/2019:17:20:00 +0000] "HEAD /api/login HTTP/1.1" 301 966 "https://domain1.com/api" "Mozilla/5.0 (Test)" "5.62"
10.0.0.50 - - [04/Mar/2019:15:54:45 +0000] "HEAD /api/login HTTP/1.1" 502 7536 "https://domain1.com/login" "Mozilla/5.0 (Test)" "1.06"
192.168.1.100 - - [30/Mar/2019:08:58:41 +0000] "HEAD /admin/dashboard HTTP/1.1" 502 7837 "http://domain2.com/" "Mozilla/5.0 (Test)" "4.75"
10.0.0.50 - - [31/Mar/2019:14:12:13 +0000] "DELETE /api/users HTTP/1.1" 500 8579 "http://domain2.com/" "Mozilla/5.0 (Test)" "7.58"
47.29.201.179 - - [28/Mar/2019:06:38:26 +0000] "GET /profile HTTP/1.1" 500 2326 "http://domain2.com/" "Mozilla/5.0 (Test)" "7.67"
203.0.113.45 - - [02/Mar/2019:03:00:25 +0000] "GET /api/login HTTP/1.1" 500 4108 "https://domain1.com/" "Mozilla/5.0 (Test)" "2.81"
192.168.1.100 - - [09/Feb/2019:23:02:38 +0000] "HEAD /api/login HTTP/1.1" 201 1933 "https://domain1.com/api" "Mozilla/5.0 (Test)" "9.05"
192.168.1.100 - - [06/Mar/2019:23:38:13 +0000] "PUT /profile HTTP/1.1" 500 1132 "https://domain1.com/api" "Mozilla/5.0 (Test)" "5.31"
203.0.113.45 - - [10/Feb/2019:00:30:57 +0000] "PUT /images/logo.png HTTP/1.1" 201 5539 "https://domain1.com/" "Mozilla/5.0 (Test)" "4.38"
10.0.0.50 - - [28/Mar/2019:03:34:19 +0000] "HEAD /profile HTTP/1.1" 500 7120 "-" "Mozilla/5.0 (Test)" "5.79"
10.0.0.50 - - [31/Mar/2019:04:16:24 +0000] "PUT / HTTP/1.1" 500 8912 "https://domain1.com/" "Mozilla/5.0 (Test)" "1.45"
203.0.113.45 - - [28/Feb/2019:14:32:14 +0000] "POST /api/login HTTP/1.1" 500 5693 "https://domain1.com/" "Mozilla/5.0 (Test)" "8.52"
47.29.201.179 - - [10/Mar/2019:04:53:55 +0000] "POST /profile HTTP/1.1" 500 5083 "https://domain1.com/login" "Mozilla/5.0 (Test)" "4.64"
10.0.0.50 - - [04/Feb/2019:08:38:10 +0000] "POST /api/login HTTP/1.1" 500 5673 "http://domain2.com/" "Mozilla/5.0 (Test)" "2.92"
203.0.113.45 - - [06/Feb/2019:15:57:28 +0000] "DELETE /api/login HTTP/1.1" 500 6147 "-" "Mozilla/5.0 (Test)" "8.43"
10.0.0.50 - - [01/Mar/2019:11:43:27 +0000] "HEAD /profile HTTP/1.1" 301 4219 "https://domain1.com/admin" "Mozilla/5.0 (Test)" "5.5"
47.29.201.179 - - [09/Mar/2019:04:10:35 +0000] "DELETE / HTTP/1.1" 301 385 "-" "Mozilla/5.0 (Test)" "6.61"
203.0.113.45 - - [30/Feb/2019:03:46:32 +0000] "HEAD /api/login HTTP/1.1" 404 7282 "http://domain2.com/" "Mozilla/5.0 (Test)" "5.42"
10.0.0.50 - - [01/Feb/2019:05:11:12 +0000] "POST /images/logo.png HTTP/1.1" 404 9810 "https://domain1.com/api" "Mozilla/5.0 (Test)" "9.14"
10.0.0.50 - - [05/Feb/2019:00:30:16 +0000] "POST /api/users HTTP/1.1" 301 1811 "-" "Mozilla/5.0 (Test)" "1.17"
10.0.0.50 - - [28/Mar/2019:20:34:24 +0000] "GET /api/users HTTP/1.1" 200 7250 "http://domain2.com/" "Mozilla/5.0 (Test)" "2.54"
203.0.113.45 - - [29/Mar/2019:06:18:08 +0000] "DELETE /search HTTP/1.1" 500 5400 "https://domain1.com/api" "Mozilla/5.0 (Test)" "4.83"
203.0.113.45 - - [30/Mar/2019:05:27:39 +0000] "PUT /api/login HTTP/1.1" 502 497 "http://domain2.com/" "Mozilla/5.0 (Test)" "8.41"
47.29.201.179 - - [07/Feb/2019:03:13:50 +0000] "GET /api/users HTTP/1.1" 502 9288 "https://domain1.com/api" "Mozilla/5.0 (Test)" "7.79"
198.51.100.25 - - [29/Mar/2019:07:45:38 +0000] "GET / HTTP/1.1" 502 135 "https://domain1.com/login" "Mozilla/5.0 (Test)" "1.49"
192.168.1.100 - - [29/Feb/2019:01:52:41 +0000] "POST /images/logo.png HTTP/1.1" 201 4144 "-" "Mozilla/5.0 (Test)" "6.53"
203.0.113.45 - - [09/Mar/2019:02:13:40 +0000] "HEAD /search HTTP/1.1" 500 2617 "https://domain1.com/login" "Mozilla/5.0 (Test)" "0.73"
192.168.1.100 - - [29/Feb/2019:03:56:21 +0000] "HEAD /images/logo.png HTTP/1.1" 200 9138 "https://domain1.com/admin" "Mozilla/5.0 (Test)" "0.29"
198.51.100.25 - - [09/Feb/2019:08:37:21 +0000] "GET /api/users HTTP/1.1" 502 1931 "-" "Mozilla/5.0 (Test)" "6.7"
192.168.1.100 - - [07/Mar/2019:08:17:38 +0000] "DELETE /admin/dashboard HTTP/1.1" 404 8806 "https://domain1.com/" "Mozilla/5.0 (Test)" "2.66"
10.0.0.50 - - [31/Feb/2019:17:00:57 +0000] "POST /images/logo.png HTTP/1.1" 404 743 "-" "Mozilla/5.0 (Test)" "1.63"
192.168.1.100 - - [29/Feb/2019:15:50:51 +0000] "GET /api/users HTTP/1.1" 500 4019 "https://domain1.com/api" "Mozilla/5.0 (Test)" "1.34"
192.168.1.100 - - [30/Feb/2019:08:50:56 +0000] "HEAD / HTTP/1.1" 500 6902 "-" "Mozilla/5.0 (Test)" "3.08"
203.0.113.45 - - [28/Feb/2019:06:53:32 +0000] "DELETE /profile HTTP/1.1" 404 5942 "https://domain1.com/" "Mozilla/5.0 (Test)" "1.54"
47.29.201.179 - - [31/Feb/2019:05:12:50 +0000] "DELETE /images/logo.png HTTP/1.1" 301 8568 "https://domain1.com/api" "Mozilla/5.0 (Test)" "6.93"
192.168.1.100 - - [06/Mar/2019:13:20:39 +0000] "DELETE /search HTTP/1.1" 404 6512 "-" "Mozilla/5.0 (Test)" "2.0"
198.51.100.25 - - [03/Mar/2019:15:05:06 +0000] "POST /images/logo.png HTTP/1.1" 201 2187 "http://domain2.com/" "Mozilla/5.0 (Test)" "5.02"
203.0.113.45 - - [03/Feb/2019:03:32:04 +0000] "GET /profile HTTP/1.1" 502 7141 "http://domain2.com/" "Mozilla/5.0 (Test)" "0.46"
198.51.100.25 - - [30/Feb/2019:04:08:22 +0000] "HEAD /api/login HTTP/1.1" 404 6182 "https://domain1.com/admin" "Mozilla/5.0 (Test)" "9.65"
192.168.1.100 - - [31/Feb/2019:15:43:23 +0000] "HEAD / HTTP/1.1" 404 4561 "https://domain1.com/login" "Mozilla/5.0 (Test)" "8.49"
203.0.113.45 - - [31/Mar/2019:16:29:50 +0000] "HEAD /admin/dashboard HTTP/1.1" 404 2036 "https://domain1.com/" "Mozilla/5.0 (Test)" "3.59"
47.29.201.179 - - [03/Feb/2019:21:20:27 +0000] "HEAD /profile HTTP/1.1" 502 7155 "-" "Mozilla/5.0 (Test)" "6.49"
198.51.100.25 - - [30/Feb/2019:11:07:17 +0000] "HEAD /api/users HTTP/1.1" 301 8140 "https://domain1.com/login" "Mozilla/5.0 (Test)" "5.43"
198.51.100.25 - - [30/Mar/2019:23:14:59 +0000] "PUT /search HTTP/1.1" 404 8987 "https://domain1.com/login" "Mozilla/5.0 (Test)" "9.2"
10.0.0.50 - - [30/Mar/2019:20:06:22 +0000] "GET /images/logo.png HTTP/1.1" 301 8665 "https://domain1.com/api" "Mozilla/5.0 (Test)" "1.94"
192.168.1.100 - - [08/Feb/2019:13:05:30 +0000] "PUT /api/users HTTP/1.1" 404 5790 "https://domain1.com/login" "Mozilla/5.0 (Test)" "6.74"
198.51.100.25 - - [31/Mar/2019:15:18:34 +0000] "POST / HTTP/1.1" 500 9683 "https://domain1.com/" "Mozilla/5.0 (Test)" "9.19"
198.51.100.25 - - [09/Mar/2019:06:59:41 +0000] "DELETE /api/login HTTP/1.1" 301 4124 "https://domain1.com/api" "Mozilla/5.0 (Test)" "3.51"
198.51.100.25 - - [02/Feb/2019:18:02:13 +0000] "DELETE / HTTP/1.1" 404 1843 "https://domain1.com/api" "Mozilla/5.0 (Test)" "5.98"
203.0.113.45 - - [28/Feb/2019:18:24:51 +0000] "GET /api/users HTTP/1.1" 404 4238 "https://domain1.com/" "Mozilla/5.0 (Test)" "2.84"
47.29.201.179 - - [02/Mar/2019:02:37:24 +0000] "PUT /images/logo.png HTTP/1.1" 201 2822 "-" "Mozilla/5.0 (Test)" "1.18"
10.0.0.50 - - [06/Feb/2019:17:54:48 +0000] "GET /admin/dashboard HTTP/1.1" 301 4496 "https://domain1.com/admin" "Mozilla/5.0 (Test)" "2.36"
198.51.100.25 - - [07/Mar/2019:09:56:49 +0000] "DELETE / HTTP/1.1" 404 4500 "https://domain1.com/login" "Mozilla/5.0 (Test)" "1.47"
192.168.1.100 - - [10/Feb/2019:01:48:02 +0000] "PUT /admin/dashboard HTTP/1.1" 301 6681 "https://domain1.com/api" "Mozilla/5.0 (Test)" "7.51"
10.0.0.50 - - [05/Mar/2019:00:44:04 +0000] "POST /search HTTP/1.1" 201 8302 "https://domain1.com/" "Mozilla/5.0 (Test)" "9.05"
10.0.0.50 - - [07/Feb/2019:21:51:05 +0000] "DELETE /search HTTP/1.1" 301 859 "https://domain1.com/api" "Mozilla/5.0 (Test)" "3.84"
198.51.100.25 - - [31/Feb/2019:14:10:25 +0000] "GET /api/login HTTP/1.1" 301 1587 "https://domain1.com/" "Mozilla/5.0 (Test)" "5.8"
47.29.201.179 - - [28/Mar/2019:21:04:02 +0000] "POST /api/users HTTP/1.1" 404 8391 "https://domain1.com/api" "Mozilla/5.0 (Test)" "1.7"
10.0.0.50 - - [03/Feb/2019:17:17:46 +0000] "DELETE /search HTTP/1.1" 500 604 "https://domain1.com/admin" "Mozilla/5.0 (Test)" "2.96"
192.168.1.100 - - [31/Feb/2019:15:53:13 +0000] "PUT /api/users HTTP/1.1" 502 2931 "http://domain2.com/" "Mozilla/5.0 (Test)" "9.57"
192.168.1.100 - - [01/Feb/2019:07:27:19 +0000] "HEAD /api/users HTTP/1.1" 500 4673 "https://domain1.com/" "Mozilla/5.0 (Test)" "1.88"
192.168.1.100 - - [30/Feb/2019:06:09:29 +0000] "DELETE /profile HTTP/1.1" 502 7790 "https://domain1.com/" "Mozilla/5.0 (Test)" "3.95"
47.29.201.179 - - [04/Feb/2019:15:53:00 +0000] "DELETE /api/login HTTP/1.1" 404 5641 "-" "Mozilla/5.0 (Test)" "7.1"
192.168.1.100 - - [07/Feb/2019:19:32:04 +0000] "POST /images/logo.png HTTP/1.1" 200 8843 "https://domain1.com/admin" "Mozilla/5.0 (Test)" "4.88"
192.168.1.100 - - [06/Mar/2019:06:51:22 +0000] "POST /api/users HTTP/1.1" 200 1039 "http://domain2.com/" "Mozilla/5.0 (Test)" "9.42"
47.29.201.179 - - [02/Feb/2019:18:10:21 +0000] "POST /api/login HTTP/1.1" 404 8980 "https://domain1.com/" "Mozilla/5.0 (Test)" "6.51"
10.0.0.50 - - [30/Mar/2019:15:22:27 +0000] "POST /search HTTP/1.1" 301 3620 "https://domain1.com/" "Mozilla/5.0 (Test)" "8.14"
203.0.113.45 - - [31/Mar/2019:13:37:04 +0000] "HEAD /search HTTP/1.1" 500 8630 "https://domain1.com/admin" "Mozilla/5.0 (Test)" "7.0"
203.0.113.45 - - [28/Feb/2019:20:58:35 +0000] "PUT /api/login HTTP/1.1" 200 7551 "https://domain1.com/admin" "Mozilla/5.0 (Test)" "1.19"
192.168.1.100 - - [01/Mar/2019:04:00:09 +0000] "HEAD /profile HTTP/1.1" 404 3530 "-" "Mozilla/5.0 (Test)" "0.28"
198.51.100.25 - - [09/Mar/2019:06:44:14 +0000] "DELETE / HTTP/1.1" 200 5777 "https://domain1.com/login" "Mozilla/5.0 (Test)" "4.07"
192.168.1.100 - - [02/Feb/2019:22:42:44 +0000] "GET / HTTP/1.1" 502 9419 "-" "Mozilla/5.0 (Test)" "0.63"
10.0.0.50 - - [30/Feb/2019:16:45:37 +0000] "DELETE /images/logo.png HTTP/1.1" 201 2294 "-" "Mozilla/5.0 (Test)" "5.59"
203.0.113.45 - - [04/Feb/2019:10:47:54 +0000] "POST /api/login HTTP/1.1" 301 9125 "http://domain2.com/" "Mozilla/5.0 (Test)" "8.74"
203.0.113.45 - - [30/Feb/2019:09:16:45 +0000] "HEAD /images/logo.png HTTP/1.1" 404 1997 "https://domain1.com/api" "Mozilla/5.0 (Test)" "0.94"
198.51.100.25 - - [06/Mar/2019:00:02:49 +0000] "POST / HTTP/1.1" 200 8767 "http://domain2.com/" "Mozilla/5.0 (Test)" "1.87"
192.168.1.100 - - [07/Feb/2019:05:25:38 +0000] "HEAD / HTTP/1.1" 301 3372 "https://domain1.com/api" "Mozilla/5.0 (Test)" "8.26"
10.0.0.50 - - [31/Feb/2019:17:03:13 +0000] "DELETE /api/users HTTP/1.1" 200 9370 "https://domain1.com/login" "Mozilla/5.0 (Test)" "9.5"
198.51.100.25 - - [31/Feb/2019:23:02:13 +0000] "PUT /admin/dashboard HTTP/1.1" 301 2384 "https://domain1.com/login" "Mozilla/5.0 (Test)" "6.13"
10.0.0.50 - - [10/Mar/2019:08:42:00 +0000] "PUT /admin/dashboard HTTP/1.1" 301 9926 "https://domain1.com/api" "Mozilla/5.0 (Test)" "3.53"
10.0.0.50 - - [08/Feb/2019:00:15:10 +0000] "PUT /search HTTP/1.1" 404 5450 "https://domain1.com/api" "Mozilla/5.0 (Test)" "2.4"
203.0.113.45 - - [02/Feb/2019:08:45:02 +0000] "PUT /api/login HTTP/1.1" 404 9156 "http://domain2.com/" "Mozilla/5.0 (Test)" "4.7"
203.0.113.45 - - [10/Mar/2019:13:53:28 +0000] "DELETE /api/login HTTP/1.1" 500 2813 "https://domain1.com/" "Mozilla/5.0 (Test)" "3.98"
203.0.113.45 - - [10/Feb/2019:03:10:20 +0000] "POST /search HTTP/1.1" 502 1363 "https://domain1.com/login" "Mozilla/5.0 (Test)" "8.7"
47.29.201.179 - - [03/Mar/2019:16:19:03 +0000] "PUT / HTTP/1.1" 502 8049 "https://domain1.com/" "Mozilla/5.0 (Test)" "1.38"
10.0.0.50 - - [05/Mar/2019:08:38:28 +0000] "GET /api/login HTTP/1.1" 502 163 "https://domain1.com/admin" "Mozilla/5.0 (Test)" "3.08"
10.0.0.50 - - [30/Feb/2019:18:21:07 +0000] "DELETE /images/logo.png HTTP/1.1" 502 4576 "http://domain2.com/" "Mozilla/5.0 (Test)" "7.69"
192.168.1.100 - - [07/Mar/2019:23:42:30 +0000] "DELETE /images/logo.png HTTP/1.1" 201 137 "-" "Mozilla/5.0 (Test)" "6.22"
198.51.100.25 - - [10/Feb/2019:04:41:55 +0000] "POST /images/logo.png HTTP/1.1" 201 9606 "https://domain1.com/" "Mozilla/5.0 (Test)" "9.65"
10.0.0.50 - - [01/Feb/2019:03:45:04 +0000] "HEAD /profile HTTP/1.1" 404 9227 "-" "Mozilla/5.0 (Test)" "6.43"
203.0.113.45 - - [31/Feb/2019:21:24:38 +0000] "PUT /search HTTP/1.1" 404 8718 "https://domain1.com/" "Mozilla/5.0 (Test)" "9.05"
198.51.100.25 - - [09/Mar/2019:13:55:18 +0000] "PUT /profile HTTP/1.1" 200 4299 "https://domain1.com/admin" "Mozilla/5.0 (Test)" "6.33"
203.0.113.45 - - [29/Mar/2019:10:33:47 +0000] "POST /search HTTP/1.1" 201 7925 "https://domain1.com/admin" "Mozilla/5.0 (Test)" "4.16"
192.168.1.100 - - [29/Feb/2019:01:45:18 +0000] "HEAD /api/login HTTP/1.1" 404 7753 "https://domain1.com/api" "Mozilla/5.0 (Test)" "7.86"
203.0.113.45 - - [28/Mar/2019:03:47:45 +0000] "GET /admin/dashboard HTTP/1.1" 301 676 "http://domain2.com/" "Mozilla/5.0 (Test)" "5.48"
192.168.1.100 - - [28/Feb/2019:11:41:19 +0000] "HEAD /images/logo.png HTTP/1.1" 200 3885 "https://domain1.com/api" "Mozilla/5.0 (Test)" "2.89"
203.0.113.45 - - [06/Feb/2019:12:24:40 +0000] "POST /api/login HTTP/1.1" 200 5885 "http://domain2.com/" "Mozilla/5.0 (Test)" "0.3"
10.0.0.50 - - [29/Feb/2019:05:20:51 +0000] "POST / HTTP/1.1" 200 1665 "https://domain1.com/login" "Mozilla/5.0 (Test)" "4.18"
192.168.1.100 - - [09/Mar/2019:17:44:25 +0000] "POST /api/login HTTP/1.1" 500 1301 "https://domain1.com/login" "Mozilla/5.0 (Test)" "2.51"
192.168.1.100 - - [03/Feb/2019:11:12:47 +0000] "DELETE /api/login HTTP/1.1" 200 2754 "https://domain1.com/api" "Mozilla/5.0 (Test)" "3.42"
47.29.201.179 - - [29/Feb/2019:10:15:13 +0000] "GET /profile HTTP/1.1" 500 1136 "http://domain2.com/" "Mozilla/5.0 (Test)" "5.55"
47.29.201.179 - - [28/Mar/2019:06:21:21 +0000] "GET /profile HTTP/1.1" 301 9416 "https://domain1.com/admin" "Mozilla/5.0 (Test)" "3.02"
192.168.1.100 - - [30/Mar/2019:08:40:22 +0000] "PUT /admin/dashboard HTTP/1.1" 301 4510 "https://domain1.com/" "Mozilla/5.0 (Test)" "9.69"
203.0.113.45 - - [29/Feb/2019:07:29:45 +0000] "GET / HTTP/1.1" 200 5557 "https://domain1.com/admin" "Mozilla/5.0 (Test)" "0.1"
192.168.1.100 - - [05/Mar/2019:04:10:37 +0000] "HEAD / HTTP/1.1" 404 7251 "https://domain1.com/api" "Mozilla/5.0 (Test)" "1.42"
203.0.113.45 - - [07/Mar/2019:22:42:31 +0000] "POST / HTTP/1.1" 301 1370 "https://domain1.com/admin" "Mozilla/5.0 (Test)" "3.94"
47.29.201.179 - - [30/Feb/2019:09:56:22 +0000] "GET /api/login HTTP/1.1" 301 9844 "https://domain1.com/" "Mozilla/5.0 (Test)" "3.74"
198.51.100.25 - - [10/Feb/2019:19:29:57 +0000] "HEAD / HTTP/1.1" 201 7235 "https://domain1.com/admin" "Mozilla/5.0 (Test)" "7.84"
192.168.1.100 - - [30/Feb/2019:03:05:22 +0000] "HEAD /images/logo.png HTTP/1.1" 301 5051 "https://domain1.com/api" "Mozilla/5.0 (Test)" "6.06"
47.29.201.179 - - [28/Feb/2019:16:37:54 +0000] "PUT /profile HTTP/1.1" 301 1066 "https://domain1.com/admin" "Mozilla/5.0 (Test)" "2.54"
10.0.0.50 - - [06/Feb/2019:15:40:32 +0000] "GET /images/logo.png HTTP/1.1" 502 687 "-" "Mozilla/5.0 (Test)" "9.23"
198.51.100.25 - - [29/Mar/2019:07:51:55 +0000] "PUT /profile HTTP/1.1" 301 6719 "https://domain1.com/admin" "Mozilla/5.0 (Test)" "4.82"
198.51.100.25 - - [07/Mar/2019:22:33:58 +0000] "DELETE /admin/dashboard HTTP/1.1" 502 8901 "https://domain1.com/api" "Mozilla/5.0 (Test)" "2.35"
10.0.0.50 - - [03/Mar/2019:20:44:36 +0000] "HEAD /api/users HTTP/1.1" 301 1726 "http://domain2.com/" "Mozilla/5.0 (Test)" "3.55"
192.168.1.100 - - [30/Feb/2019:06:39:18 +0000] "DELETE /admin/dashboard HTTP/1.1" 200 8256 "https://domain1.com/admin" "Mozilla/5.0 (Test)" "4.6"
198.51.100.25 - - [30/Mar/2019:02:03:56 +0000] "POST /api/login HTTP/1.1" 500 9169 "-" "Mozilla/5.0 (Test)" "8.29"
198.51.100.25 - - [02/Mar/2019:12:05:38 +0000] "PUT /search HTTP/1.1" 301 3792 "https://domain1.com/" "Mozilla/5.0 (Test)" "9.22"
192.168.1.100 - - [09/Feb/2019:22:31:08 +0000] "GET /admin/dashboard HTTP/1.1" 502 5388 "https://domain1.com/admin" "Mozilla/5.0 (Test)" "5.92"
10.0.0.50 - - [03/Mar/2019:18:47:38 +0000] "HEAD / HTTP/1.1" 500 5432 "https://domain1.com/admin" "Mozilla/5.0 (Test)" "3.72"
198.51.100.25 - - [28/Feb/2019:05:05:45 +0000] "PUT /search HTTP/1.1" 200 6702 "https://domain1.com/" "Mozilla/5.0 (Test)" "7.98"
192.168.1.100 - - [30/Feb/2019:19:21:07 +0000] "HEAD /profile HTTP/1.1" 301 562 "https://domain1.com/login" "Mozilla/5.0 (Test)" "9.05"
192.168.1.100 - - [28/Feb/2019:17:12:19 +0000] "PUT /search HTTP/1.1" 200 7295 "https://domain1.com/login" "Mozilla/5.0 (Test)" "7.7"
47.29.201.179 - - [09/Feb/2019:08:20:53 +0000] "GET /api/login HTTP/1.1" 201 7649 "https://domain1.com/" "Mozilla/5.0 (Test)" "9.39"
198.51.100.25 - - [08/Feb/2019:17:38:12 +0000] "POST /api/login HTTP/1.1" 500 907 "https://domain1.com/login" "Mozilla/5.0 (Test)" "9.97"
47.29.201.179 - - [03/Mar/2019:07:48:42 +0000] "PUT / HTTP/1.1" 200 7693 "https://domain1.com/" "Mozilla/5.0 (Test)" "3.5"
198.51.100.25 - - [10/Mar/2019:19:12:49 +0000] "HEAD /search HTTP/1.1" 500 1690 "https://domain1.com/admin" "Mozilla/5.0 (Test)" "1.24"
203.0.113.45 - - [30/Mar/2019:17:08:24 +0000] "POST /search HTTP/1.1" 404 3520 "https://domain1.com/api" "Mozilla/5.0 (Test)" "1.45"
10.0.0.50 - - [01/Feb/2019:22:16:01 +0000] "HEAD / HTTP/1.1" 301 1801 "-" "Mozilla/5.0 (Test)" "9.75"
47.29.201.179 - - [02/Feb/2019:14:43:49 +0000] "PUT /profile HTTP/1.1" 200 4536 "http://domain2.com/" "Mozilla/5.0 (Test)" "6.63"
192.168.1.100 - - [01/Mar/2019:19:49:23 +0000] "POST /profile HTTP/1.1" 301 8289 "https://domain1.com/" "Mozilla/5.0 (Test)" "1.37"
203.0.113.45 - - [04/Feb/2019:08:15:20 +0000] "PUT / HTTP/1.1" 502 8606 "-" "Mozilla/5.0 (Test)" "7.09"
203.0.113.45 - - [10/Mar/2019:13:02:19 +0000] "POST /search HTTP/1.1" 500 3405 "http://domain2.com/" "Mozilla/5.0 (Test)" "4.33"
198.51.100.25 - - [29/Feb/2019:01:45:28 +0000] "PUT / HTTP/1.1" 200 7121 "http://domain2.com/" "Mozilla/5.0 (Test)" "8.0"
10.0.0.50 - - [31/Mar/2019:19:03:47 +0000] "DELETE /api/users HTTP/1.1" 301 1431 "https://domain1.com/" "Mozilla/5.0 (Test)" "9.68"
198.51.100.25 - - [08/Feb/2019:23:53:19 +0000] "GET / HTTP/1.1" 500 7686 "https://domain1.com/login" "Mozilla/5.0 (Test)" "0.83"
47.29.201.179 - - [31/Mar/2019:10:32:34 +0000] "GET /search HTTP/1.1" 404 2836 "https://domain1.com/api" "Mozilla/5.0 (Test)" "6.55"
203.0.113.45 - - [29/Feb/2019:00:53:16 +0000] "GET /profile HTTP/1.1" 200 6124 "https://domain1.com/api" "Mozilla/5.0 (Test)" "5.25"
10.0.0.50 - - [04/Feb/2019:20:13:33 +0000] "GET /api/users HTTP/1.1" 301 1515 "https://domain1.com/" "Mozilla/5.0 (Test)" "8.71"
198.51.100.25 - - [31/Feb/2019:09:05:50 +0000] "GET / HTTP/1.1" 404 1058 "https://domain1.com/api" "Mozilla/5.0 (Test)" "6.27"
47.29.201.179 - - [31/Mar/2019:00:00:07 +0000] "DELETE /api/users HTTP/1.1" 200 1154 "http://domain2.com/" "Mozilla/5.0 (Test)" "6.48"
47.29.201.179 - - [06/Feb/2019:09:35:35 +0000] "HEAD /profile HTTP/1.1" 500 6726 "https://domain1.com/" "Mozilla/5.0 (Test)" "1.3"
203.0.113.45 - - [08/Mar/2019:13:34:19 +0000] "DELETE /admin/dashboard HTTP/1.1" 502 4977 "https://domain1.com/login" "Mozilla/5.0 (Test)" "9.55"
47.29.201.179 - - [10/Feb/2019:19:29:11 +0000] "HEAD /search HTTP/1.1" 301 3383 "http://domain2.com/" "Mozilla/5.0 (Test)" "0.93"
203.0.113.45 - - [28/Mar/2019:17:22:56 +0000] "POST /search HTTP/1.1" 404 464 "-" "Mozilla/5.0 (Test)" "2.9"
192.168.1.100 - - [30/Feb/2019:21:29:54 +0000] "POST /admin/dashboard HTTP/1.1" 200 9849 "https://domain1.com/admin" "Mozilla/5.0 (Test)" "7.48"
47.29.201.179 - - [03/Feb/2019:04:07:38 +0000] "POST /profile HTTP/1.1" 201 8024