10.0.0.50 - - [01/Feb/2019:21:57:16 +0000] "PUT /profile HTTP/1.1" 301 137 "-" "Mozilla/5.0 (Test)" "9.67"
192.168.1.100 - - [31/Feb/2019:23:01:45 +0000] "PUT /api/users HTTP/1.1" 201 3914 "https://domain1.com/login" "Mozilla/5.0 (Test)" "5.17"
198.51.100.25 - - [29/Mar/2019:15:36:04 +0000] "POST /api/login HTTP/1.1" 500 9510 "http://domain2.com/" "Mozilla/5.0 (Test)" "8.38"
192.168.1.100 - - [30/Mar/2019:04:26:09 +0000] "PUT /admin/dashboard HTTP/1.1" 201 8385 "https://domain1.com/" "Mozilla/5.0 (Test)" "7.79"
203.0.113.45 - - [30/Feb/2019:05:32:20 +0000] "PUT /images/logo.png HTTP/1.1" 301 5100 "https://domain1.com/api" "Mozilla/5.0 (Test)" "9.47"
203.0.113.45 - - [07/Mar/2019:17:54:26 +0000] "PUT /images/logo.png HTTP/1.1" 502 1519 "https://domain1.com/login" "Mozilla/5.0 (Test)" "8.84"
203.0.113.45 - - [29/Mar/2019:01:40:12 +0000] "GET /admin/dashboard HTTP/1.1" 500 9320 "https://domain1.com/" "Mozilla/5.0 (Test)" "4.19"
198.51.100.25 - - [07/Mar/2019:04:22:09 +0000] "DELETE /api/users HTTP/1.1" 201 6380 "https://domain1.com/admin" "Mozilla/5.0 (Test)" "0.91"
198.51.100.25 - - [31/Mar/2019:01:27:52 +0000] "POST / HTTP/1.1" 200 9557 "http://domain2.com/" "Mozilla/5.0 (Test)" "6.64"
192.168.1.100 - - [31/Feb/2019:08:40:02 +0000] "POST / HTTP/1.1" 301 9513 "https://domain1.com/api" "Mozilla/5.0 (Test)" "2.08"
198.51.100.25 - - [30/Mar/2019:18:58:08 +0000] "HEAD / HTTP/1.1" 201 9999 "https://domain1.com/admin" "Mozilla/5.0 (Test)" "6.51"
203.0.113.45 - - [01/Mar/2019:07:52:53 +0000] "GET /profile HTTP/1.1" 301 9978 "https://domain1.com/admin" "Mozilla/5.0 (Test)" "10.0"
47.29.201.179 - - [02/Feb/2019:12:40:05 +0000] "PUT /profile HTTP/1.1" 301 9942 "http://domain2.com/" "Mozilla/5.0 (Test)" "3.71"
47.29.201.179 - - [29/Mar/2019:12:39:21 +0000] "DELETE /admin/dashboard HTTP/1.1" 301 3821 "https://domain1.com/api" "Mozilla/5.0 (Test)" "6.02"
47.29.201.179 - - [29/Feb/2019:22:00:16 +0000] "POST /api/login HTTP/1.1" 201 2382 "https://domain1.com/" "Mozilla/5.0 (Test)" "9.44"
203.0.113.45 - - [31/Mar/2019:10:20:43 +0000] "HEAD /api/login HTTP/1.1" 502 4689 "https://domain1.com/" "Mozilla/5.0 (Test)" "7.04"
203.0.113.45 - - [28/Feb/2019:19:35:25 +0000] "DELETE / HTTP/1.1" 200 6832 "-" "Mozilla/5.0 (Test)" "4.02"
10.0.0.50 - - [31/Mar/2019:21:08:22 +0000] "POST /api/users HTTP/1.1" 500 3863 "-" "Mozilla/5.0 (Test)" "3.72"
10.0.0.50 - - [05/Feb/2019:08:33:27 +0000] "POST /api/users HTTP/1.1" 200 2546 "https://domain1.com/login" "Mozilla/5.0 (Test)" "5.49"
203.0.113.45 - - [03/Feb/2019:17:09:15 +0000] "DELETE / HTTP/1.1" 200 3919 "-" "Mozilla/5.0 (Test)" "3.27"
47.29.201.179 - - [06/Mar/2019:08:55:10 +0000] "DELETE /profile HTTP/1.1" 201 4535 "https://domain1.com/" "Mozilla/5.0 (Test)" "2.3"
10.0.0.50 - - [09/Feb/2019:23:11:01 +0000] "DELETE /api/users HTTP/1.1" 301 8405 "https://domain1.com/api" "Mozilla/5.0 (Test)" "1.72"
192.168.1.100 - - [05/Feb/2019:11:19:56 +0000] "PUT /images/logo.png HTTP/1.1" 200 6142 "https://domain1.com/admin" "Mozilla/5.0 (Test)" "6.64"
47.29.201.179 - - [28/Feb/2019:17:54:40 +0000] "GET /api/login HTTP/1.1" 201 2643 "https://domain1.com/api" "Mozilla/5.0 (Test)" "6.16"
203.0.113.45 - - [05/Mar/2019:11:46:19 +0000] "PUT /images/logo.png HTTP/1.1" 201 4025 "https://domain1.com/" "Mozilla/5.0 (Test)" "5.26"
192.168.1.100 - - [09/Mar/2019:15:44:44 +0000] "GET /api/users HTTP/1.1" 201 5613 "-" "Mozilla/5.0 (Test)" "3.61"
198.51.100.25 - - [28/Mar/2019:08:15:40 +0000] "HEAD /admin/dashboard HTTP/1.1" 201 7903 "-" "Mozilla/5.0 (Test)" "1.86"
192.168.1.100 - - [03/Mar/2019:02:17:51 +0000] "PUT / HTTP/1.1" 201 9680 "https://domain1.com/api" "Mozilla/5.0 (Test)" "1.51"
10.0.0.50 - - [10/Mar/2019:08:07:12 +0000] "POST /admin/dashboard HTTP/1.1" 201 6596 "https://domain1.com/admin" "Mozilla/5.0 (Test)" "4.85"
192.168.1.100 - - [06/Mar/2019:19:11:08 +0000] "GET /profile HTTP/1.1" 502 8816 "http://domain2.com/" "Mozilla/5.0 (Test)" "6.78"
203.0.113.45 - - [01/Feb/2019:06:38:05 +0000] "PUT /api/users HTTP/1.1" 502 1099 "-" "Mozilla/5.0 (Test)" "3.34"
198.51.100.25 - - [03/Mar/2019:06:58:00 +0000] "PUT /profile HTTP/1.1" 200 2177 "https://domain1.com/login" "Mozilla/5.0 (Test)" "4.11"
10.0.0.50 - - [06/Mar/2019:19:58:08 +0000] "HEAD /search HTTP/1.1" 301 5702 "http://domain2.com/" "Mozilla/5.0 (Test)" "9.58"
10.0.0.50 - - [07/Mar/2019:14:59:32 +0000] "DELETE /images/logo.png HTTP/1.1" 404 5010 "https://domain1.com/admin" "Mozilla/5.0 (Test)" "0.2"
10.0.0.50 - - [31/Mar/2019:06:13:25 +0000] "HEAD /api/users HTTP/1.1" 200 8750 "http://domain2.com/" "Mozilla/5.0 (Test)" "2.39"
198.51.100.25 - - [07/Feb/2019:18:53:58 +0000] "GET /images/logo.png HTTP/1.1" 200 4112 "-" "Mozilla/5.0 (Test)" "2.38"
10.0.0.50 - - [30/Feb/2019:02:59:36 +0000] "GET /images/logo.png HTTP/1.1" 404 2080 "https://domain1.com/api" "Mozilla/5.0 (Test)" "9.34"
47.29.201.179 - - [08/Mar/2019:15:15:05 +0000] "GET /profile HTTP/1.1" 502 3943 "-" "Mozilla/5.0 (Test)" "7.9"
198.51.100.25 - - [31/Feb/2019:23:13:54 +0000] "HEAD / HTTP/1.1" 502 4301 "-" "Mozilla/5.0 (Test)" "9.85"
10.0.0.50 - - [05/Feb/2019:02:50:08 +0000] "PUT /images/logo.png HTTP/1.1" 500 9008 "https://domain1.com/api" "Mozilla/5.0 (Test)" "9.18"
203.0.113.45 - - [30/Mar/2019:15:36:51 +0000] "HEAD /api/users HTTP/1.1" 301 8627 "https://domain1.com/" "Mozilla/5.0 (Test)" "5.41"
198.51.100.25 - - [29/Mar/2019:09:24:19 +0000] "PUT /images/logo.png HTTP/1.1" 301 367 "https://domain1.com/admin" "Mozilla/5.0 (Test)" "5.88"
198.51.100.25 - - [28/Feb/2019:02:54:21 +0000] "HEAD /api/users HTTP/1.1" 500 4461 "https://domain1.com/login" "Mozilla/5.0 (Test)" "0.52"
10.0.0.50 - - [01/Feb/2019:02:11:47 +0000] "POST /api/users HTTP/1.1" 404 5985 "https://domain1.com/" "Mozilla/5.0 (Test)" "6.2"
198.51.100.25 - - [28/Feb/2019:18:57:44 +0000] "PUT /search HTTP/1.1" 502 5859 "https://domain1.com/login" "Mozilla/5.0 (Test)" "5.73"
198.51.100.25 - - [08/Mar/2019:07:11:12 +0000] "HEAD /admin/dashboard HTTP/1.1" 404 1310 "https://domain1.com/" "Mozilla/5.0 (Test)" "9.58"
192.168.1.100 - - [28/Mar/2019:01:54:18 +0000] "DELETE /profile HTTP/1.1" 500 2379 "https://domain1.com/" "Mozilla/5.0 (Test)" "6.66"
198.51.100.25 - - [29/Mar/2019:08:02:45 +0000] "DELETE /profile HTTP/1.1" 404 601 "https://domain1.com/admin" "Mozilla/5.0 (Test)" "4.42"
47.29.201.179 - - [29/Mar/2019:06:37:39 +0000] "HEAD /images/logo.png HTTP/1.1" 500 533 "https://domain1.com/admin" "Mozilla/5.0 (Test)" "3.83"
10.0.0.50 - - [28/Mar/2019:01:26:13 +0000] "POST /profile HTTP/1.1" 201 8982 "https://domain1.com/api" "Mozilla/5.0 (Test)" "1.11"
47.29.201.179 - - [30/Feb/2019:21:19:41 +0000] "DELETE /api/users HTTP/1.1" 502 1128 "https://domain1.com/" "Mozilla/5.0 (Test)" "5.2"
198.51.100.25 - - [31/Feb/2019:02:39:58 +0000] "GET /images/logo.png HTTP/1.1" 404 6803 "https://domain1.com/" "Mozilla/5.0 (Test)" "1.12"
10.0.0.50 - - [03/Feb/2019:23:52:11 +0000] "HEAD /api/users HTTP/1.1" 201 2429 "https://domain1.com/api" "Mozilla/5.0 (Test)" "8.73"
203.0.113.45 - - [03/Mar/2019:13:52:11 +0000] "HEAD /images/logo.png HTTP/1.1" 201 6109 "https://domain1.com/api" "Mozilla/5.0 (Test)" "0.49"
198.51.100.25 - - [28/Feb/2019:23:05:56 +0000] "PUT /api/login HTTP/1.1" 502 1019 "https://domain1.com/login" "Mozilla/5.0 (Test)" "6.09"
10.0.0.50 - - [29/Feb/2019:08:39:04 +0000] "HEAD /profile HTTP/1.1" 200 2380 "https://domain1.com/admin" "Mozilla/5.0 (Test)" "0.94"
198.51.100.25 - - [28/Feb/2019:10:15:08 +0000] "GET /images/logo.png HTTP/1.1" 500 7569 "-" "Mozilla/5.0 (Test)" "2.75"
192.168.1.100 - - [10/Feb/2019:22:10:16 +0000] "HEAD / HTTP/1.1" 404 8569 "https://domain1.com/api" "Mozilla/5.0 (Test)" "5.53"
192.168.1.100 - - [04/Feb/2019:17:56:19 +0000] "HEAD /api/users HTTP/1.1" 200 9400 "-" "Mozilla/5.0 (Test)" "4.11"
198.51.100.25 - - [05/Feb/2019:15:18:48 +0000] "DELETE / HTTP/1.1" 301 3020 "https://domain1.com/login" "Mozilla/5.0 (Test)" "4.0"
198.51.100.25 - - [28/Feb/2019:08:16:38 +0000] "PUT /api/users HTTP/1.1" 404 2696 "http://domain2.com/" "Mozilla/5.0 (Test)" "5.95"
198.51.100.25 - - [28/Feb/2019:15:08:32 +0000] "HEAD /admin/dashboard HTTP/1.1" 404 6274 "https://domain1.com/" "Mozilla/5.0 (Test)" "8.05"
10.0.0.50 - - [08/Feb/2019:02:04:44 +0000] "PUT / HTTP/1.1" 201 7536 "https://domain1.com/login" "Mozilla/5.0 (Test)" "1.0"
198.51.100.25 - - [28/Feb/2019:23:54:08 +0000] "GET / HTTP/1.1" 500 2368 "-" "Mozilla/5.0 (Test)" "3.85"
47.29.201.179 - - [02/Feb/2019:22:07:20 +0000] "DELETE /search HTTP/1.1" 404 8045 "-" "Mozilla/5.0 (Test)" "3.0"
10.0.0.50 - - [31/Feb/2019:20:03:23 +0000] "GET / HTTP/1.1" 404 9711 "-" "Mozilla/5.0 (Test)" "7.47"
203.0.113.45 - - [05/Feb/2019:16:54:32 +0000] "HEAD /profile HTTP/1.1" 500 1693 "-" "Mozilla/5.0 (Test)" "0.12"
47.29.201.179 - - [01/Feb/2019:00:33:00 +0000] "GET / HTTP/1.1" 201 2100 "https://domain1.com/login" "Mozilla/5.0 (Test)" "3.25"
203.0.113.45 - - [05/Mar/2019:14:22:49 +0000] "HEAD / HTTP/1.1" 404 6876 "-" "Mozilla/5.0 (Test)" "6.7"
10.0.0.50 - - [31/Mar/2019:10:06:18 +0000] "DELETE / HTTP/1.1" 200 2044 "http://domain2.com/" "Mozilla/5.0 (Test)" "8.29"
198.51.100.25 - - [05/Mar/2019:18:23:24 +0000] "HEAD /images/logo.png HTTP/1.1" 500 8912 "https://domain1.com/admin" "Mozilla/5.0 (Test)" "0.68"
47.29.201.179 - - [31/Mar/2019:10:55:05 +0000] "PUT / HTTP/1.1" 404 7834 "https://domain1.com/" "Mozilla/5.0 (Test)" "5.42"
198.51.100.25 - - [29/Feb/2019:11:12:41 +0000] "HEAD /images/logo.png HTTP/1.1" 301 3209 "https://domain1.com/admin" "Mozilla/5.0 (Test)" "1.57"
203.0.113.45 - - [10/Feb/2019:03:36:12 +0000] "POST /api/login HTTP/1.1" 502 8335 "https://domain1.com/login" "Mozilla/5.0 (Test)" "0.94"
198.51.100.25 - - [08/Mar/2019:14:06:45 +0000] "GET /api/login HTTP/1.1" 201 1676 "https://domain1.com/admin" "Mozilla/5.0 (Test)" "9.61"
47.29.201.179 - - [28/Mar/2019:06:09:45 +0000] "DELETE /search HTTP/1.1" 404 9301 "http://domain2.com/" "Mozilla/5.0 (Test)" "7.58"
198.51.100.25 - - [07/Feb/2019:18:35:27 +0000] "POST /search HTTP/1.1" 502 4609 "-" "Mozilla/5.0 (Test)" "4.01"
10.0.0.50 - - [28/Mar/2019:03:24:27 +0000] "POST /api/login HTTP/1.1" 500 2046 "https://domain1.com/admin" "Mozilla/5.0 (Test)" "8.82"
10.0.0.50 - - [30/Mar/2019:03:09:44 +0000] "PUT /api/users HTTP/1.1" 301 4565 "https://domain1.com/api" "Mozilla/5.0 (Test)" "8.23"
47.29.201.179 - - [06/Feb/2019:02:25:28 +0000] "DELETE /profile HTTP/1.1" 201 5134 "-" "Mozilla/5.0 (Test)" "5.85"
203.0.113.45 - - [01/Feb/2019:08:30:17 +0000] "PUT /images/logo.png HTTP/1.1" 404 7836 "-" "Mozilla/5.0 (Test)" "7.79"
203.0.113.45 - - [08/Mar/2019:03:33:20 +0000] "GET /search HTTP/1.1" 502 5775 "https://domain1.com/" "Mozilla/5.0 (Test)" "3.33"
203.0.113.45 - - [30/Feb/2019:19:22:08 +0000] "HEAD / HTTP/1.1" 201 6373 "https://domain1.com/api" "Mozilla/5.0 (Test)" "7.63"
10.0.0.50 - - [28/Feb/2019:14:21:47 +0000] "PUT /api/login HTTP/1.1" 201 345 "https://domain1.com/api" "Mozilla/5.0 (Test)" "2.18"
203.0.113.45 - - [30/Feb/2019:05:48:07 +0000] "PUT /search HTTP/1.1" 500 7702 "https://domain1.com/" "Mozilla/5.0 (Test)" "8.56"
47.29.201.179 - - [10/Feb/2019:06:42:13 +0000] "HEAD /images/logo.png HTTP/1.1" 301 8372 "http://domain2.com/" "Mozilla/5.0 (Test)" "3.68"
10.0.0.50 - - [04/Mar/2019:12:51:29 +0000] "PUT /profile HTTP/1.1" 502 794 "https://domain1.com/api" "Mozilla/5.0 (Test)" "9.29"
10.0.0.50 - - [06/Mar/2019:19:13:20 +0000] "GET /api/users HTTP/1.1" 201 7416 "-" "Mozilla/5.0 (Test)" "2.0"
192.168.1.100 - - [09/Mar/2019:03:29:22 +0000] "DELETE /api/login HTTP/1.1" 502 4340 "https://domain1.com/login" "Mozilla/5.0 (Test)" "8.34"
10.0.0.50 - - [07/Mar/2019:21:20:06 +0000] "HEAD /profile HTTP/1.1" 404 648 "https://domain1.com/api" "Mozilla/5.0 (Test)" "4.97"
203.0.113.45 - - [10/Mar/2019:13:32:00 +0000] "POST /admin/dashboard HTTP/1.1" 301 2922 "https://domain1.com/login" "Mozilla/5.0 (Test)" "9.74"
198.51.100.25 - - [09/Mar/2019:04:57:26 +0000] "DELETE /search HTTP/1.1" 500 4687 "https://domain1.com/" "Mozilla/5.0 (Test)" "1.16"
203.0.113.45 - - [02/Feb/2019:19:28:37 +0000] "HEAD / HTTP/1.1" 201 8366 "-" "Mozilla/5.0 (Test)" "3.69"
198.51.100.25 - - [31/Mar/2019:05:46:24 +0000] "DELETE /api/login HTTP/1.1" 502 3881 "-" "Mozilla/5.0 (Test)" "1.64"
47.29.201.179 - - [29/Feb/2019:07:53:41 +0000] "GET /api/users HTTP/1.1" 200 8230 "http://domain2.com/" "Mozilla/5.0 (Test)" "5.93"
192.168.1.100 - - [28/Mar/2019:10:38:02 +0000] "PUT /api/users HTTP/1.1" 301 1115 "http://domain2.com/" "Mozilla/5.0 (Test)" "1.43"
192.168.1.100 - - [29/Mar/2019:23:54:56 +0000] "GET /api/login HTTP/1.1" 502 9648 "http://domain2.com/" "Mozilla/5.0 (Test)" "1.92"
198.51.100.25 - - [28/Feb/2019:06:44:50 +0000] "DELETE /profile HTTP/1.1" 200 3613 "https://domain1.com/api" "Mozilla/5.0 (Test)" "2.46"
47.29.201.179 - - [31/Mar/2019:11:12:07 +0000] "HEAD /api/users HTTP/1.1" 500 4675 "https://domain1.com/api" "Mozilla/5.0 (Test)" "5.15"
203.0.113.45 - - [28/Mar/2019:17:37:04 +0000] "DELETE /api/login HTTP/1.1" 500 5506 "http://domain2.com/" "Mozilla/5.0 (Test)" "0.46"
198.51.100.25 - - [06/Mar/2019:13:57:46 +0000] "PUT /search HTTP/1.1" 201 3081 "-" "Mozilla/5.0 (Test)" "1.3"
203.0.113.45 - - [05/Feb/2019:10:25:31 +0000] "PUT /api/users HTTP/1.1" 201 6517 "-" "Mozilla/5.0 (Test)" "6.77"
47.29.201.179 - - [06/Feb/2019:11:23:42 +0000] "HEAD / HTTP/1.1" 500 3924 "https://domain1.com/admin" "Mozilla/5.0 (Test)" "7.6"
192.168.1.100 - - [28/Mar/2019:21:07:19 +0000] "POST /admin/dashboard HTTP/1.1" 301 4752 "-" "Mozilla/5.0 (Test)" "4.53"
47.29.201.179 - - [30/Mar/2019:07:29:31 +0000] "GET / HTTP/1.1" 200 6666 "https://domain1.com/api" "Mozilla/5.0 (Test)" "3.8"
47.29.201.179 - - [30/Mar/2019:01:46:25 +0000] "GET /api/users HTTP/1.1" 404 5520 "https://domain1.com/api" "Mozilla/5.0 (Test)" "6.27"
192.168.1.100 - - [10/Mar/2019:14:21:21 +0000] "POST /images/logo.png HTTP/1.1" 201 2325 "https://domain1.com/admin" "Mozilla/5.0 (Test)" "4.82"
203.0.113.45 - - [29/Mar/2019:11:20:27 +0000] "DELETE /profile HTTP/1.1" 201 179 "https://domain1.com/" "Mozilla/5.0 (Test)" "2.85"
198.51.100.25 - - [10/Feb/2019:08:03:41 +0000] "GET / HTTP/1.1" 502 1643 "https://domain1.com/login" "Mozilla/5.0 (Test)" "6.95"
198.51.100.25 - - [01/Feb/2019:03:49:38 +0000] "PUT /api/login HTTP/1.1" 502 7628 "https://domain1.com/api" "Mozilla/5.0 (Test)" "6.35"
47.29.201.179 - - [09/Feb/2019:22:15:36 +0000] "DELETE / HTTP/1.1" 500 1648 "-" "Mozilla/5.0 (Test)" "1.78"
192.168.1.100 - - [09/Feb/2019:00:26:49 +0000] "DELETE /api/login HTTP/1.1" 201 8823 "http://domain2.com/" "Mozilla/5.0 (Test)" "1.33"
47.29.201.179 - - [06/Mar/2019:01:39:45 +0000] "PUT /profile HTTP/1.1" 502 7885 "https://domain1.com/api" "Mozilla/5.0 (Test)" "9.46"
10.0.0.50 - - [09/Mar/2019:04:30:16 +0000] "PUT /api/users HTTP/1.1" 500 9721 "http://domain2.com/" "Mozilla/5.0 (Test)" "3.16"
10.0.0.50 - - [29/Mar/2019:20:14:05 +0000] "POST /search HTTP/1.1" 200 7217 "https://domain1.com/admin" "Mozilla/5.0 (Test)" "1.97"
10.0.0.50 - - [28/Feb/2019:12:08:40 +0000] "DELETE /profile HTTP/1.1" 201 4321 "https://domain1.com/admin" "Mozilla/5.0 (Test)" "6.54"
47.29.201.179 - - [28/Feb/2019:08:05:44 +0000] "HEAD /search HTTP/1.1" 500 9915 "https://domain1.com/admin" "Mozilla/5.0 (Test)" "4.43"
203.0.113.45 - - [09/Mar/2019:07:11:24 +0000] "POST /images/logo.png HTTP/1.1" 301 7834 "https://domain1.com/login" "Mozilla/5.0 (Test)" "9.46"
47.29.201.179 - - [28/Feb/2019:23:53:24 +0000] "DELETE /search HTTP/1.1" 502 7021 "https://domain1.com/login" "Mozilla/5.0 (Test)" "0.28"
203.0.113.45 - - [09/Feb/2019:01:48:05 +0000] "GET /search HTTP/1.1" 200 8348 "https://domain1.com/" "Mozilla/5.0 (Test)" "6.57"
192.168.1.100 - - [29/Mar/2019:21:17:29 +0000] "POST /profile HTTP/1.1" 500 2061 "https://domain1.com/" "Mozilla/5.0 (Test)" "5.31"
203.0.113.45 - - [01/Feb/2019:14:58:29 +0000] "HEAD / HTTP/1.1" 301 5983 "-" "Mozilla/5.0 (Test)" "3.57"
47.29.201.179 - - [09/Feb/2019:18:45:33 +0000] "PUT /api/users HTTP/1.1" 500 2232 "https://domain1.com/login" "Mozilla/5.0 (Test)" "6.93"
198.51.100.25 - - [31/Feb/2019:08:38:14 +0000] "POST /api/users HTTP/1.1" 200 4205 "http://domain2.com/" "Mozilla/5.0 (Test)" "3.03"
47.29.201.179 - - [09/Mar/2019:07:37:40 +0000] "HEAD /search HTTP/1.1" 200 6235 "https://domain1.com/login" "Mozilla/5.0 (Test)" "0.82"
192.168.1.100 - - [03/Mar/2019:15:17:59 +0000] "PUT /profile HTTP/1.1" 404 9200 "https://domain1.com/login" "Mozilla/5.0 (Test)" "0.49"
47.29.201.179 - - [05/Feb/2019:14:58:28 +0000] "PUT /search HTTP/1.1" 301 117 "http://domain2.com/" "Mozilla/5.0 (Test)" "0.26"
203.0.113.45 - - [02/Feb/2019:09:13:42 +0000] "POST /search HTTP/1.1" 404 9086 "-" "Mozilla/5.0 (Test)" "8.83"
203.0.113.45 - - [31/Feb/2019:23:06:50 +0000] "HEAD /api/login HTTP/1.1" 301 9918 "https://domain1.com/admin" "Mozilla/5.0 (Test)" "9.31"
192.168.1.100 - - [06/Mar/2019:16:23:16 +0000] "PUT / HTTP/1.1" 200 1336 "https://domain1.com/login" "Mozilla/5.0 (Test)" "1.97"
47.29.201.179 - - [06/Mar/2019:02:14:28 +0000] "DELETE /api/users HTTP/1.1" 404 6393 "https://domain1.com/login" "Mozilla/5.0 (Test)" "0.12"
192.168.1.100 - - [03/Feb/2019:07:13:58 +0000] "POST /api/login HTTP/1.1" 502 1855 "https://domain1.com/login" "Mozilla/5.0 (Test)" "2.59"
198.51.100.25 - - [09/Mar/2019:01:13:33 +0000] "PUT /profile HTTP/1.1" 404 9710 "https://domain1.com/api" "Mozilla/5.0 (Test)" "3.13"
10.0.0.50 - - [09/Feb/2019:15:28:49 +0000] "POST /profile HTTP/1.1" 201 6806 "https://domain1.com/api" "Mozilla/5.0 (Test)" "2.55"
47.29.201.179 - - [31/Feb/2019:22:14:06 +0000] "HEAD /search HTTP/1.1" 500 5466 "https://domain1.com/" "Mozilla/5.0 (Test)" "1.24"
203.0.113.45 - - [09/Mar/2019:08:52:32 +0000] "POST /api/login HTTP/1.1" 201 7572 "http://domain2.com/" "Mozilla/5.0 (Test)" "2.96"
47.29.201.179 - - [07/Feb/2019:05:45:48 +0000] "DELETE /api/login HTTP/1.1" 301 5177 "https://domain1.com/login" "Mozilla/5.0 (Test)" "1.32"
192.168.1.100 - - [05/Mar/2019:13:43:42 +0000] "POST /profile HTTP/1.1" 201 9527 "https://domain1.com/api" "Mozilla/5.0 (Test)" "3.1"
198.51.100.25 - - [04/Mar/2019:14:05:35 +0000] "PUT /api/users HTTP/1.1" 201 2709 "-" "Mozilla/5.0 (Test)" "2.71"
47.29.201.179 - - [28/Feb/2019:18:56:01 +0000] "PUT /api/users HTTP/1.1" 301 702 "https://domain1.com/login" "Mozilla/5.0 (Test)" "1.33"
192.168.1.100 - - [30/Mar/2019:23:59:07 +0000] "POST /search HTTP/1.1" 200 4017 "http://domain2.com/" "Mozilla/5.0 (Test)" "4.24"
10.0.0.50 - - [04/Feb/2019:05:09:20 +0000] "PUT /profile HTTP/1.1" 500 7790 "https://domain1.com/admin" "Mozilla/5.0 (Test)" "8.97"
10.0.0.50 - - [30/Feb/2019:07:24:46 +0000] "HEAD /admin/dashboard HTTP/1.1" 404 8919 "https://domain1.com/login" "Mozilla/5.0 (Test)" "2.94"
47.29.201.179 - - [30/Mar/2019:11:02:04 +0000] "HEAD /api/login HTTP/1.1" 500 2274 "https://domain1.com/api" "Mozilla/5.0 (Test)" "5.61"
192.168.1.100 - - [31/Feb/2019:09:30:05 +0000] "GET /api/login HTTP/1.1" 301 8199 "-" "Mozilla/5.0 (Test)" "7.8"
10.0.0.50 - - [30/Feb/2019:16:01:37 +0000] "DELETE /api/login HTTP/1.1" 502 6683 "-" "Mozilla/5.0 (Test)" "9.82"
10.0.0.50 - - [31/Feb/2019:18:45:30 +0000] "POST /admin/dashboard HTTP/1.1" 201 1431 "-" "Mozilla/5.0 (Test)" "5.61"
10.0.0.50 - - [31/Feb/2019:13:08:32 +0000] "PUT /api/login HTTP/1.1" 200 2450 "https://domain1.com/login" "Mozilla/5.0 (Test)" "3.47"
192.168.1.100 - - [30/Mar/2019:06:02:54 +0000] "HEAD /profile HTTP/1.1" 502 6721 "https://domain1.com/" "Mozilla/5.0 (Test)" "3.09"
203.0.113.45 - - [09/Feb/2019:00:11:53 +0000] "DELETE / HTTP/1.1" 301 9509 "https://domain1.com/login" "Mozilla/5.0 (Test)" "3.1"
47.29.201.179 - - [28/Mar/2019:01:46:34 +0000] "HEAD / HTTP/1.1" 404 3900 "https://domain1.com/" "Mozilla/5.0 (Test)" "6.34"
198.51.100.25 - - [29/Feb/2019:22:04:03 +0000] "HEAD /api/users HTTP/1.1" 200 6063 "-" "Mozilla/5.0 (Test)" "4.42"
192.168.1.100 - - [28/Feb/2019:10:56:03 +0000] "POST /api/users HTTP/1.1" 500 9911 "https://domain1.com/api" "Mozilla/5.0 (Test)" "4.26"
47.29.201.179 - - [01/Mar/2019:10:07:16 +0000] "HEAD /api/login HTTP/1.1" 502 7408 "-" "Mozilla/5.0 (Test)" "3.94"
47.29.201.179 - - [29/Feb/2019:09:37:48 +0000] "DELETE /search HTTP/1.1" 301 7739 "https://domain1.com/api" "Mozilla/5.0 (Test)" "0.82"
10.0.0.50 - - [08/Feb/2019:01:33:33 +0000] "GET /images/logo.png HTTP/1.1" 500 1090 "http://domain2.com/" "Mozilla/5.0 (Test)" "2.46"
203.0.113.45 - - [28/Feb/2019:19:45:52 +0000] "PUT /profile HTTP/1.1" 301 9523 "https://domain1.com/admin" "Mozilla/5.0 (Test)" "2.76"
192.168.1.100 - - [04/Mar/2019:05:30:42 +0000] "DELETE /admin/dashboard HTTP/1.1" 201 8519 "https://domain1.com/" "Mozilla/5.0 (Test)" "7.32"
47.29.201.179 - - [09/Mar/2019:20:43:36 +0000] "PUT / HTTP/1.1" 201 7824 "https://domain1.com/login" "Mozilla/5.0 (Test)" "0.16"
203.0.113.45 - - [28/Feb/2019:08:29:56 +0000] "GET /profile HTTP/1.1" 201 2359 "-" "Mozilla/5.0 (Test)" "7.08"
192.168.1.100 - - [29/Feb/2019:18:51:22 +0000] "POST /profile HTTP/1.1" 502 9296 "https://domain1.com/admin" "Mozilla/5.0 (Test)" "9.45"
192.168.1.100 - - [30/Mar/2019:03:12:11 +0000] "DELETE / HTTP/1.1" 404 582 "https://domain1.com/admin" "Mozilla/5.0 (Test)" "7.82"
203.0.113.45 - - [05/Mar/2019:10:23:01 +0000] "DELETE /search HTTP/1.1" 404 652 "https://domain1.com/admin" "Mozilla/5.0 (Test)" "6.38"
198.51.100.25 - - [28/Feb/2019:16:41:06 +0000] "HEAD /api/users HTTP/1.1" 201 2636 "http://domain2.com/" "Mozilla/5.0 (Test)" "1.24"
203.0.113.45 - - [31/Mar/2019:11:15:42 +0000] "GET /profile HTTP/1.1" 500 9524 "https://domain1.com/" "Mozilla/5.0 (Test)" "0.32"
10.0.0.50 - - [04/Mar/2019:12:29:11 +0000] "HEAD /api/users HTTP/1.1" 502 5076 "https://domain1.com/admin" "Mozilla/5.0 (Test)" "8.41"
198.51.100.25 - - [31/Feb/2019:16:57:44 +0000] "DELETE / HTTP/1.1" 201 4312 "https://domain1.com/admin" "Mozilla/5.0 (Test)" "0.85"
198.51.100.25 - - [30/Feb/2019:09:05:10 +0000] "PUT /api/users HTTP/1.1" 200 3288 "http://domain2.com/" "Mozilla/5.0 (Test)" "0.63"
10.0.0.50 - - [29/Feb/2019:16:35:46 +0000] "GET /search HTTP/1.1" 301 6418 "https://domain1.com/api" "Mozilla/5.0 (Test)" "3.52"
192.168.1.100 - - [30/Mar/2019:08:08:25 +0000] "PUT /profile HTTP/1.1" 301 8005 "https://domain1.com/" "Mozilla/5.0 (Test)" "2.91"
10.0.0.50 - - [07/Feb/2019:06:26:10 +0000] "DELETE /api/users HTTP/1.1" 301 1840 "https://domain1.com/admin" "Mozilla/5.0 (Test)" "7.32"
10.0.0.50 - - [02/Mar/2019:05:01:51 +0000] "POST /images/logo.png HTTP/1.1" 502 2055 "https://domain1.com/login" "Mozilla/5.0 (Test)" "8.47"
10.0.0.50 - - [28/Feb/2019:11:59:47 +0000] "POST /api/users HTTP/1.1" 200 6102 "https://domain1.com/" "Mozilla/5.0 (Test)" "7.32"
203.0.113.45 - - [31/Mar/2019:19:58:47 +0000] "POST / HTTP/1.1" 404 7728 "-" "Mozilla/5.0 (Test)" "9.42"
203.0.113.45 - - [02/Mar/2019:17:23:55 +0000] "PUT / HTTP/1.1" 201 4683 "https://domain1.com/" "Mozilla/5.0 (Test)" "6.1"
47.29.201.179 - - [03/Feb/2019:06:42:30 +0000] "DELETE /profile HTTP/1.1" 301 3590 "https://domain1.com/api" "Mozilla/5.0 (Test)" "3.66"
198.51.100.25 - - [28/Mar/2019:20:25:54 +0000] "PUT /admin/dashboard HTTP/1.1" 200 8074 "https://domain1.com/api" "Mozilla/5.0 (Test)" "8.68"
10.0.0.50 - - [07/Mar/2019:18:25:35 +0000] "POST /profile HTTP/1.1" 200 3240 "http://domain2.com/" "Mozilla/5.0 (Test)" "6.88"
47.29.201.179 - - [31/Mar/2019:02:16:38 +0000] "PUT / HTTP/1.1" 404 9057 "-" "Mozilla/5.0 (Test)" "3.94"
192.168.1.100 - - [03/Mar/2019:02:08:55 +0000] "HEAD /profile HTTP/1.1" 200 731 "https://domain1.com/" "Mozilla/5.0 (Test)" "3.46"
10.0.0.50 - - [30/Mar/2019:22:31:51 +0000] "PUT /admin/dashboard HTTP/1.1" 404 6999 "https://domain1.com/login" "Mozilla/5.0 (Test)" "5.38"
192.168.1.100 - - [05/Mar/2019:19:50:31 +0000] "HEAD /profile HTTP/1.1" 201 1247 "https://domain1.com/admin" "Mozilla/5.0 (Test)" "6.97"
203.0.113.45 - - [28/Feb/2019:23:58:20 +0000] "PUT / HTTP/1.1" 200 9712 "https://domain1.com/" "Mozilla/5.0 (Test)" "5.62"
47.29.201.179 - - [10/Feb/2019:07:40:22 +0000] "GET /admin/dashboard HTTP/1.1" 201 4604 "https://domain1.com/admin" "Mozilla/5.0 (Test)" "0.6"
10.0.0.50 - - [08/Feb/2019:16:43:02 +0000] "POST /api/users HTTP/1.1" 200 5348 "http://domain2.com/" "Mozilla/5.0 (Test)" "2.47"
198.51.100.25 - - [10/Mar/2019:07:31:58 +0000] "DELETE /search HTTP/1.1" 201 8021 "https://domain1.com/admin" "Mozilla/5.0 (Test)" "3.99"
198.51.100.25 - - [28/Feb/2019:07:51:09 +0000] "GET /search HTTP/1.1" 200 4307 "-" "Mozilla/5.0 (Test)" "8.93"
47.29.201.179 - - [30/Feb/2019:00:27:00 +0000] "GET /api/users HTTP/1.1" 404 3841 "https://domain1.com/admin" "Mozilla/5.0 (Test)" "8.44"
192.168.1.100 - - [08/Feb/2019:11:56:00 +0000] "PUT /admin/dashboard HTTP/1.1" 404 5906 "-" "Mozilla/5.0 (Test)" "2.71"
192.168.1.100 - - [03/Mar/2019:02:47:58 +0000] "DELETE /profile HTTP/1.1" 404 9781 "https://domain1.com/api" "Mozilla/5.0 (Test)" "5.63"
198.51.100.25 - - [07/Mar/2019:16:02:35 +0000] "POST /images/logo.png HTTP/1.1" 500 5964 "https://domain1.com/api" "Mozilla/5.0 (Test)" "0.72"
203.0.113.45 - - [03/Feb/2019:22:56:27 +0000] "PUT /images/logo.png HTTP/1.1" 201 3435 "-" "Mozilla/5.0 (Test)" "4.12"
47.29.201.179 - - [01/Feb/2019:08:37:49 +0000] "DELETE /api/users HTTP/1.1" 200 2836 "https://domain1.com/" "Mozilla/5.0 (Test)" "6.78"
203.0.113.45 - - [31/Feb/2019:22:08:00 +0000] "POST /profile HTTP/1.1" 301 9348 "-" "Mozilla/5.0 (Test)" "9.25"
192.168.1.100 - - [09/Feb/2019:19:45:52 +0000] "GET /images/logo.png HTTP/1.1" 200 512 "-" "Mozilla/5.0 (Test)" "8.18"
47.29.201.179 - - [28/Feb/2019:17:12:26 +0000] "HEAD /admin/dashboard HTTP/1.1" 201 3239 "-" "Mozilla/5.0 (Test)" "6.11"
198.51.100.25 - - [28/Mar/2019:11:51:42 +0000] "POST /admin/dashboard HTTP/1.1" 301 7814 "-" "Mozilla/5.0 (Test)" "1.95"
192.168.1.100 - - [04/Mar/2019:23:04:49 +0000] "DELETE / HTTP/1.1" 404 4322 "-" "Mozilla/5.0 (Test)" "5.6"
192.168.1.100 - - [07/Feb/2019:18:53:43 +0000] "PUT /search HTTP/1.1" 201 3489 "https://domain1.com/admin" "Mozilla/5.0 (Test)" "2.69"
47.29.201.179 - - [06/Feb/2019:07:21:13 +0000] "HEAD /api/login HTTP/1.1" 502 9824 "https://domain1.com/" "Mozilla/5.0 (Test)" "9.98"
47.29.201.179 - - [01/Feb/2019:01:32:30 +0000] "DELETE /images/logo.png HTTP/1.1" 500 3041 "https://domain1.com/api" "Mozilla/5.0 (Test)" "9.83"
198.51.100.25 - - [30/Feb/2019:18:47:21 +0000] "HEAD /images/logo.png HTTP/1.1" 200 6657 "https://domain1.com/admin" "Mozilla/5.0 (Test)" "5.01"
192.168.1.100 - - [06/Feb/2019:19:08:52 +0000] "HEAD /api/login HTTP/1.1" 200 8582 "https://domain1.com/login" "Mozilla/5.0 (Test)" "6.37"
192.168.1.100 - - [28/Feb/2019:01:19:40 +0000] "GET /search HTTP/1.1" 502 249 "https://domain1.com/admin" "Mozilla/5.0 (Test)" "7.07"
192.168.1.100 - - [03/Feb/2019:10:17:47 +0000] "GET /api/login HTTP/1.1" 201 529 "-" "Mozilla/5.0 (Test)" "8.05"
192.168.1.100 - - [28/Mar/2019:23:47:57 +0000] "PUT /admin/dashboard HTTP/1.1" 502 3132 "https://domain1.com/api" "Mozilla/5.0 (Test)" "9.45"
198.51.100.25 - - [30/Feb/2019:08:21:47 +0000] "POST /search HTTP/1.1" 500 4014 "https://domain1.com/admin" "Mozilla/5.0 (Test)" "9.08"
10.0.0.50 - - [10/Feb/2019:02:46:52 +0000] "POST /images/logo.png HTTP/1.1" 502 509 "https://domain1.com/admin" "Mozilla/5.0 (Test)" "2.55"
10.0.0.50 - - [08/Feb/2019:20:46:20 +0000] "POST /api/login HTTP/1.1" 500 2170 "https://domain1.com/api" "Mozilla/5.0 (Test)" "5.1"
203.0.113.45 - - [30/Mar/2019:15:42:14 +0000] "PUT /api/users HTTP/1.1" 404 659 "https://domain1.com/" "Mozilla/5.0 (Test)" "7.58"
192.168.1.100 - - [05/Mar/2019:17:21:39 +0000] "POST /api/login HTTP/1.1" 301 3844 "http://domain2.com/" "Mozilla/5.0 (Test)" "8.26"
198.51.100.25 - - [07/Mar/2019:00:24:45 +0000] "DELETE / HTTP/1.1" 500 9058 "https://domain1.com/" "Mozilla/5.0 (Test)" "8.05"
10.0.0.50 - - [10/Mar/2019:06:33:06 +0000] "POST /images/logo.png HTTP/1.1" 200 9642 "https://domain1.com/" "Mozilla/5.0 (Test)" "3.48"
10.0.0.50 - - [28/Mar/2019:02:56:19 +0000] "POST /api/users HTTP/1.1" 404 2569 "https://domain1.com/api" "Mozilla/5.0 (Test)" "0.2"
47.29.201.179 - - [30/Feb/2019:15:40:49 +0000] "HEAD /admin/dashboard HTTP/1.1" 301 1577 "http://domain2.com/" "Mozilla/5.0 (Test)" "3.88"
10.0.0.50 - - [28/Feb/2019:18:13:43 +0000] "GET /profile HTTP/1.1" 201 3728 "http://domain2.com/" "Mozilla/5.0 (Test)" "4.87"
47.29.201.179 - - [08/Mar/2019:08:20:08 +0000] "PUT /api/users HTTP/1.1" 404 3382 "https://domain1.com/admin" "Mozilla/5.0 (Test)" "0.77"
192.168.1.100 - - [08/Mar/2019:18:40:37 +0000] "DELETE /images/logo.png HTTP/1.1" 201 276 "https://domain1.com/login" "Mozilla/5.0 (Test)" "5.15"
203.0.113.45 - - [08/Feb/2019:22:05:25 +0000] "HEAD /admin/dashboard HTTP/1.1" 301 9331 "http://domain2.com/" "Mozilla/5.0 (Test)" "6.48"
10.0.0.50 - - [01/Feb/2019:13:58:18 +0000] "HEAD /profile HTTP/1.1" 301 6371 "https://domain1.com/login" "Mozilla/5.0 (Test)" "8.35"
10.0.0.50 - - [09/Feb/2019:05:24:17 +0000] "HEAD /admin/dashboard HTTP/1.1" 201 5427 "https://domain1.com/" "Mozilla/5.0 (Test)" "0.32"
198.51.100.25 - - [10/Feb/2019:09:31:17 +0000] "HEAD /api/login HTTP/1.1" 502 4843 "-" "Mozilla/5.0 (Test)" "2.99"
192.168.1.100 - - [28/Mar/2019:13:29:44 +0000] "POST /images/logo.png HTTP/1.1" 404 6631 "-" "Mozilla/5.0 (Test)" "5.11"
198.51.100.25 - - [30/Mar/2019:15:07:35 +0000] "PUT / HTTP/1.1" 500 6199 "https://domain1.com/api" "Mozilla/5.0 (Test)" "5.07"
192.168.1.100 - - [05/Mar/2019:07:36:45 +0000] "POST /images/logo.png HTTP/1.1" 500 5814 "https://domain1.com/login" "Mozilla/5.0 (Test)" "7.66"
10.0.0.50 - - [30/Mar/2019:23:06:14 +0000] "DELETE /api/login HTTP/1.1" 404 5695 "https://domain1.com/api" "Mozilla/5.0 (Test)" "6.05"
203.0.113.45 - - [30/Mar/2019:01:44:59 +0000] "GET /profile HTTP/1.1" 404 7893 "http://domain2.com/" "Mozilla/5.0 (Test)" "7.05"
47.29.201.179 - - [09/Mar/2019:10:30:51 +0000] "DELETE /images/logo.png HTTP/1.1" 301 6024 "-" "Mozilla/5.0 (Test)" "9.71"
198.51.100.25 - - [07/Feb/2019:22:08:55 +0000] "GET / HTTP/1.1" 502 1435 "https://domain1.com/admin" "Mozilla/5.0 (Test)" "7.2"
198.51.100.25 - - [09/Feb/2019:00:00:41 +0000] "GET /api/users HTTP/1.1" 404 7703 "-" "Mozilla/5.0 (Test)" "6.36"
203.0.113.45 - - [01/Mar/2019:23:28:43 +0000] "POST / HTTP/1.1" 500 6722 "https://domain1.com/login" "Mozilla/5.0 (Test)" "1.66"
203.0.113.45 - - [09/Mar/2019:18:03:04 +0000] "GET /api/login HTTP/1.1" 301 7806 "https://domain1.com/login" "Mozilla/5.0 (Test)" "1.08"
10.0.0.50 - - [30/Mar/2019:08:52:41 +0000] "GET /api/users HTTP/1.1" 502 8580 "https://domain1.com/" "Mozilla/5.0 (Test)" "4.81"
47.29.201.179 - - [28/Mar/2019:18:03:42 +0000] "GET /profile HTTP/1.1" 301 3275 "https://domain1.com/api" "Mozilla/5.0 (Test)" "0.47"
203.0.113.45 - - [29/Mar/2019:22:31:05 +0000] "POST /search HTTP/1.1" 201 3902 "-" "Mozilla/5.0 (Test)" "3.33"
192.168.1.100 - - [03/Mar/2019:12:14:26 +0000] "POST /api/users HTTP/1.1" 500 1966 "https://domain1.com/admin" "Mozilla/5.0 (Test)" "6.4"
198.51.100.25 - - [01/Mar/2019:01:19:50 +0000] "POST / HTTP/1.1" 301 6036 "-" "Mozilla/5.0 (Test)" "3.95"
203.0.113.45 - - [09/Mar/2019:20:43:08 +0000] "PUT /api/users HTTP/1.1" 502 8837 "https://domain1.com/login" "Mozilla/5.0 (Test)" "5.15"
192.168.1.100 - - [29/Feb/2019:09:24:18 +0000] "HEAD /admin/dashboard HTTP/1.1" 200 8775 "https://domain1.com/" "Mozilla/5.0 (Test)" "7.41"
47.29.201.179 - - [31/Feb/2019:13:17:39 +0000] "GET / HTTP/1.1" 301 8370 "https://domain1.com/api" "Mozilla/5.0 (Test)" "0.38"
192.168.1.100 - - [10/Mar/2019:20:11:08 +0000] "POST /api/login HTTP/1.1" 200 4773 "https://domain1.com/admin" "Mozilla/5.0 (Test)" "7.79"
10.0.0.50 - - [03/Feb/2019:16:07:06 +0000] "POST /search HTTP/1.1" 502 2252 "http://domain2.com/" "Mozilla/5.0 (Test)" "7.81"
203.0.113.45 - - [31/Mar/2019:13:59:38 +0000] "DELETE /profile HTTP/1.1" 201 8476 "http://domain2.com/" "Mozilla/5.0 (Test)" "1.68"
203.0.113.45 - - [04/Mar/2019:18:34:56 +0000] "DELETE / HTTP/1.1" 200 9853 "https://domain1.com/" "Mozilla/5.0 (Test)" "2.98"
10.0.0.50 - - [30/Feb/2019:12:14:29 +0000] "DELETE /api/login HTTP/1.1" 500 2503 "https://domain1.com/api" "Mozilla/5.0 (Test)" "5.56"
10.0.0.50 - - [06/Feb/2019:22:42:31 +0000] "PUT /search HTTP/1.1" 301 9069 "-" "Mozilla/5.0 (Test)" "9.22"
192.168.1.100 - - [29/Feb/2019:11:13:11 +0000] "POST /profile HTTP/1.1" 502 5759 "http://domain2.com/" "Mozilla/5.0 (Test)" "3.63"
10.0.0.50 - - [07/Feb/2019:12:52:29 +0000] "DELETE /images/logo.png HTTP/1.1" 200 9142 "https://domain1.com/admin" "Mozilla/5.0 (Test)" "6.7"
203.0.113.45 - - [28/Mar/2019:21:31:08 +0000] "PUT /admin/dashboard HTTP/1.1" 404 2037 "http://domain2.com/" "Mozilla/5.0 (Test)" "1.92"
47.29.201.179 - - [02/Mar/2019:14:45:21 +0000] "POST /search HTTP/1.1" 301 8768 "http://domain2.com/" "Mozilla/5.0 (Test)" "5.9"
198.51.100.25 - - [06/Mar/2019:14:13:12 +0000] "HEAD /api/login HTTP/1.1" 404 7482 "https://domain1.com/admin" "Mozilla/5.0 (Test)" "6.76"
47.29.201.179 - - [30/Mar/2019:16:50:09 +0000] "DELETE /api/login HTTP/1.1" 200 8737 "https://domain1.com/api" "Mozilla/5.0 (Test)" "9.77"
203.0.113.45 - - [07/Mar/2019:15:40:42 +0000] "GET /admin/dashboard HTTP/1.1" 502 7381 "https://domain1.com/" "Mozilla/5.0 (Test)" "3.47"
198.51.100.25 - - [03/Feb/2019:02:15:44 +0000] "HEAD /api/login HTTP/1.1" 200 1146 "https://domain1.com/login" "Mozilla/5.0 (Test)" "7.78"
192.168.1.100 - - [10/Mar/2019:16:10:30 +0000] "GET /profile HTTP/1.1" 502 4625 "http://domain2.com/" "Mozilla/5.0 (Test)" "4.04"
47.29.201.179 - - [31/Feb/2019:21:04:19 +0000] "PUT /profile HTTP/1.1" 500 7945 "https://domain1.com/" "Mozilla/5.0 (Test)" "7.07"
198.51.100.25 - - [30/Feb/2019:23:26:38 +0000] "POST /profile HTTP/1.1" 404 8319 "-" "Mozilla/5.0 (Test)" "2.2"
10.0.0.50 - - [28/Feb/2019:02:19:19 +0000] "DELETE /admin/dashboard HTTP/1.1" 301 9624 "https://domain1.com/" "Mozilla/5.0 (Test)" "3.55"
10.0.0.50 - - [29/Mar/2019:13:41:21 +0000] "DELETE /api/login HTTP/1.1" 404 8752 "https://domain1.com/admin" "Mozilla/5.0 (Test)" "1.15"
47.29.201.179 - - [29/Mar/2019:11:22:34 +0000] "HEAD /admin/dashboard HTTP/1.1" 500 1258 "https://domain1.com/api" "Mozilla/5.0 (Test)" "7.27"
198.51.100.25 - - [04/Feb/2019:08:15:20 +0000] "POST /search HTTP/1.1" 301 2647 "https://domain1.com/admin" "Mozilla/5.0 (Test)" "9.45"
47.29.201.179 - - [30/Feb/2019:09:53:41 +0000] "POST /api/users HTTP/1.1" 404 4060 "-" "Mozilla/5.0 (Test)" "1.72"
203.0.113.45 - - [31/Mar/2019:19:59:06 +0000] "PUT /api/users HTTP/1.1" 502 2999 "https://domain1.com/login" "Mozilla/5.0 (Test)" "0.98"
203.0.113.45 - - [29/Mar/2019:03:01:02 +0000] "GET /admin/dashboard HTTP/1.1" 301 3723 "http://domain2.com/" "Mozilla/5.0 (Test)" "6.5"
192.168.1.100 - - [10/Feb/2019:17:11:43 +0000] "GET /api/login HTTP/1.1" 404 4047 "https://domain1.com/api" "Mozilla/5.0 (Test)" "5.03"
198.51.100.25 - - [08/Feb/2019:02:25:11 +0000] "HEAD /api/users HTTP/1.1" 502 9388 "http://domain2.com/" "Mozilla/5.0 (Test)" "1.67"
203.0.113.45 - - [31/Feb/2019:14:05:19 +0000] "PUT /admin/dashboard HTTP/1.1" 301 5170 "-" "Mozilla/5.0 (Test)" "6.26"
10.0.0.50 - - [29/Mar/2019:17:35:59 +0000] "POST /admin/dashboard HTTP/1.1" 200 6965 "http://domain2.com/" "Mozilla/5.0 (Test)" "5.23"
192.168.1.100 - - [04/Mar/2019:10:09:31 +0000] "PUT /search HTTP/1.1" 404 7120 "https://domain1.com/admin" "Mozilla/5.0 (Test)" "7.37"
10.0.0.50 - - [09/Mar/2019:22:30:56 +0000] "GET /search HTTP/1.1" 500 5101 "https://domain1.com/login" "Mozilla/5.0 (Test)" "1.63"
203.0.113.45 - - [01/Feb/2019:14:52:19 +0000] "HEAD /admin/dashboard HTTP/1.1" 404 7590 "https://domain1.com/api" "Mozilla/5.0 (Test)" "3.82"
198.51.100.25 - - [31/Mar/2019:04:06:43 +0000] "DELETE /images/logo.png HTTP/1.1" 404 7780 "http://domain2.com/" "Mozilla/5.0 (Test)" "6.42"
192.168.1.100 - - [30/Feb/2019:05:02:31 +0000] "GET / HTTP/1.1" 201 6834 "-" "Mozilla/5.0 (Test)" "7.61"
10.0.0.50 - - [10/Mar/2019:13:04:02 +0000] "GET /profile HTTP/1.1" 404 5202 "https://domain1.com/login" "Mozilla/5.0 (Test)" "9.52"
10.0.0.50 - - [03/Feb/2019:08:25:22 +0000] "PUT /api/login HTTP/1.1" 201 4901 "http://domain2.com/" "Mozilla/5.0 (Test)" "5.92"
198.51.100.25 - - [28/Mar/2019:17:55:14 +0000] "GET /api/login HTTP/1.1" 301 8521 "-" "Mozilla/5.0 (Test)" "7.92"
198.51.100.25 - - [02/Feb/2019:17:01:55 +0000] "DELETE /profile HTTP/1.1" 301 4834 "https://domain1.com/api" "Mozilla/5.0 (Test)" "2.95"
192.168.1.100 - - [09/Mar/2019:12:30:02 +0000] "DELETE /api/users HTTP/1.1" 200 3314 "https://domain1.com/" "Mozilla/5.0 (Test)" "6.48"
198.51.100.25 - - [07/Mar/2019:03:09:14 +0000] "GET /images/logo.png HTTP/1.1" 502 7418 "https://domain1.com/admin" "Mozilla/5.0 (Test)" "0.8"
47.29.201.179 - - [31/Mar/2019:10:23:09 +0000] "POST / HTTP/1.1" 500 3387 "https://domain1.com/api" "Mozilla/5.0 (Test)" "9.75"
10.0.0.50 - - [10/Mar/2019:16:46:04 +0000] "DELETE / HTTP/1.1" 500 8012 "https://domain1.com/login" "Mozilla/5.0 (Test)" "9.37"
192.168.1.100 - - [30/Mar/2019:23:51:47 +0000] "DELETE /search HTTP/1.1" 301 3237 "https://domain1.com/login" "Mozilla/5.0 (Test)" "8.2"
47.29.201.179 - - [28/Mar/2019:23:18:58 +0000] "DELETE /api/users HTTP/1.1" 201 974 "http://domain2.com/" "Mozilla/5.0 (Test)" "0.66"
10.0.0.50 - - [29/Mar/2019:06:35:41 +0000] "HEAD /profile HTTP/1.1" 301 7825 "-" "Mozilla/5.0 (Test)" "8.99"
47.29.201.179 - - [04/Feb/2019:16:51:23 +0000] "PUT /admin/dashboard HTTP/1.1" 500 9715 "https://domain1.com/login" "Mozilla/5.0 (Test)" "6.05"
10.0.0.50 - - [29/Feb/2019:04:14:38 +0000] "HEAD /api/users HTTP/1.1" 404 2576 "https://domain1.com/" "Mozilla/5.0 (Test)" "5.15"
203.0.113.45 - - [28/Mar/2019:03:09:09 +0000] "DELETE /api/login HTTP/1.1" 404 7205 "-" "Mozilla/5.0 (Test)" "3.27"
192.168.1.100 - - [06/Feb/2019:02:23:22 +0000] "POST /profile HTTP/1.1" 502 7691 "https://domain1.com/admin" "Mozilla/5.0 (Test)" "8.89"
10.0.0.50 - - [30/Mar/2019:22:22:48 +0000] "POST /profile HTTP/1.1" 404 9214 "https://domain1.com/api" "Mozilla/5.0 (Test)" "9.35"
198.51.100.25 - - [31/Mar/2019:17:06:55 +0000] "POST / HTTP/1.1" 404 7599 "https://domain1.com/" "Mozilla/5.0 (Test)" "7.79"
10.0.0.50 - - [07/Mar/2019:09:35:17 +0000] "GET /api/users HTTP/1.1" 201 6661 "http://domain2.com/" "Mozilla/5.0 (Test)" "5.92"
10.0.0.50 - - [30/Feb/2019:06:36:10 +0000] "DELETE /search HTTP/1.1" 200 2257 "-" "Mozilla/5.0 (Test)" "2.36"
10.0.0.50 - - [30/Mar/2019:06:43:21 +0000] "DELETE /search HTTP/1.1" 200 4792 "https://domain1.com/" "Mozilla/5.0 (Test)" "6.75"
203.0.113.45 - - [28/Feb/2019:12:06:09 +0000] "HEAD /images/logo.png HTTP/1.1" 201 4416 "https://domain1.com/api" "Mozilla/5.0 (Test)" "0.31"
10.0.0.50 - - [06/Mar/2019:13:19:18 +0000] "GET /admin/dashboard HTTP/1.1" 201 4593 "https://domain1.com/admin" "Mozilla/5.0 (Test)" "4.38"
198.51.100.25 - - [09/Feb/2019:05:56:01 +0000] "HEAD /images/logo.png HTTP/1.1" 500 2875 "https://domain1.com/admin" "Mozilla/5.0 (Test)" "1.79"
198.51.100.25 - - [28/Mar/2019:05:31:25 +0000] "GET /api/users HTTP/1.1" 301 9724 "https://domain1.com/admin" "Mozilla/5.0 (Test)" "4.27"
203.0.113.45 - - [29/Feb/2019:02:05:36 +0000] "DELETE / HTTP/1.1" 301 434 "https://domain1.com/admin" "Mozilla/5.0 (Test)" "9.73"
203.0.113.45 - - [05/Feb/2019:13:05:48 +0000] "HEAD /admin/dashboard HTTP/1.1" 201 9978 "https://domain1.com/login" "Mozilla/5.0 (Test)" "9.7"
10.0.0.50 - - [01/Feb/2019:14:21:59 +0000] "HEAD / HTTP/1.1" 200 1930 "https://domain1.com/api" "Mozilla/5.0 (Test)" "2.46"
203.0.113.45 - - [02/Feb/2019:21:11:53 +0000] "DELETE /admin/dashboard HTTP/1.1" 200 236 "http://domain2.com/" "Mozilla/5.0 (Test)" "8.27"
10.0.0.50 - - [30/Feb/2019:20:43:18 +0000] "PUT /api/users HTTP/1.1" 502 5583 "http://domain2.com/" "Mozilla/5.0 (Test)" "7.1"
203.0.113.45 - - [30/Mar/2019:00:08:00 +0000] "PUT / HTTP/1.1" 404 6625 "http://domain2.com/" "Mozilla/5.0 (Test)" "7.38"
192.168.1.100 - - [07/Mar/2019:16:43:11 +0000] "GET /search HTTP/1.1" 500 3769 "http://domain2.com/" "Mozilla/5.0 (Test)" "8.7"
47.29.201.179 - - [29/Mar/2019:20:05:44 +0000] "HEAD /profile HTTP/1.1" 404 3256 "http://domain2.com/" "Mozilla/5.0 (Test)" "8.58"
192.168.1.100 - - [28/Mar/2019:08:16:54 +0000] "PUT /images/logo.png HTTP/1.1" 404 6261 "https://domain1.com/" "Mozilla/5.0 (Test)" "8.52"
10.0.0.50 - - [28/Feb/2019:14:19:19 +0000] "GET / HTTP/1.1" 502 1854 "https://domain1.com/api" "Mozilla/5.0 (Test)" "1.24"
10.0.0.50 - - [09/Mar/2019:19:24:04 +0000] "HEAD /admin/dashboard HTTP/1.1" 200 1153 "https://domain1.com/login" "Mozilla/5.0 (Test)" "3.14"
47.29.201.179 - - [04/Mar/2019:10:20:48 +0000] "GET /api/login HTTP/1.1" 201 2922 "https://domain1.com/admin" "Mozilla/5.0 (Test)" "9.61"
198.51.100.25 - - [07/Mar/2019:19:01:02 +0000] "HEAD /api/login HTTP/1.1" 201 9732 "https://domain1.com/admin" "Mozilla/5.0 (Test)" "5.12"
47.29.201.179 - - [31/Feb/2019:03:03:14 +0000] "HEAD /profile HTTP/1.1" 200 6897 "https://domain1.com/" "Mozilla/5.0 (Test)" "4.45"
203.0.113.45 - - [10/Feb/2019:20:41:58 +0000] "POST / HTTP/1.1" 500 3374 "https://domain1.com/" "Mozilla/5.0 (Test)" "8.02"
47.29.201.179 - - [31/Mar/2019:12:04:13 +0000] "HEAD /profile HTTP/1.1" 201 8167 "https://domain1.com/login" "Mozilla/5.0 (Test)" "0.52"
192.168.1.100 - - [02/Mar/2019:14:52:44 +0000] "POST /images/logo.png HTTP/1.1" 502 5708 "https://domain1.com/login" "Mozilla/5.0 (Test)" "3.15"
10.0.0.50 - - [08/Feb/2019:13:27:19 +0000] "HEAD /api/users HTTP/1.1" 500 2257 "https://domain1.com/admin" "Mozilla/5.0 (Test)" "6.24"
47.29.201.179 - - [04/Feb/2019:14:03:46 +0000] "DELETE /search HTTP/1.1" 201 9914 "https://domain1.com/login" "Mozilla/5.0 (Test)" "8.17"
203.0.113.45 - - [05/Mar/2019:05:05:45 +0000] "POST /search HTTP/1.1" 500 6020 "https://domain1.com/login" "Mozilla/5.0 (Test)" "1.03"
203.0.113.45 - - [31/Mar/2019:13:45:39 +0000] "HEAD /search HTTP/1.1" 404 3018 "https://domain1.com/api" "Mozilla/5.0 (Test)" "5.19"
10.0.0.50 - - [10/Mar/2019:18:46:52 +0000] "POST /api/login HTTP/1.1" 502 7152 "http://domain2.com/" "Mozilla/5.0 (Test)" "4.72"
192.168.1.100 - - [31/Mar/2019:23:45:32 +0000] "POST /images/logo.png HTTP/1.1" 404 8380 "https://domain1.com/login" "Mozilla/5.0 (Test)" "9.44"
47.29.201.179 - - [02/Feb/2019:10:11:49 +0000] "PUT /images/logo.png HTTP/1.1" 404 6565 "https://domain1.com/admin" "Mozilla/5.0 (Test)" "7.63"
192.168.1.100 - - [02/Feb/2019:11:18:04 +0000] "DELETE /api/login HTTP/1.1" 301 9351 "https://domain1.com/api" "Mozilla/5.0 (Test)" "9.9"
192.168.1.100 - - [02/Mar/2019:12:01:45 +0000] "HEAD / HTTP/1.1" 404 1613 "https://domain1.com/api" "Mozilla/5.0 (Test)" "4.62"
203.0.113.45 - - [04/Mar/2019:14:36:19 +0000] "PUT / HTTP/1.1" 502 9406 "https://domain1.com/" "Mozilla/5.0 (Test)" "7.28"
198.51.100.25 - - [31/Mar/2019:06:39:48 +0000] "HEAD /profile HTTP/1.1" 404 1786 "http://domain2.com/" "Mozilla/5.0 (Test)" "4.5"
192.168.1.100 - - [30/Mar/2019:18:12:39 +0000] "GET /api/login HTTP/1.1" 500 1972 "https://domain1.com/admin" "Mozilla/5.0 (Test)" "9.6"
47.29.201.179 - - [28/Feb/2019:00:05:47 +0000] "DELETE /api/login HTTP/1.1" 200 8254 "https://domain1.com/admin" "Mozilla/5.0 (Test)" "7.31"
198.51.100.25 - - [30/Mar/2019:21:34:44 +0000] "GET / HTTP/1.1" 500 9206 "https://domain1.com/" "Mozilla/5.0 (Test)" "3.53"
198.51.100.25 - - [09/Mar/2019:00:29:34 +0000] "GET /api/users HTTP/1.1" 201 9342 "-" "Mozilla/5.0 (Test)" "1.85"
198.51.100.25 - - [31/Feb/2019:17:56:57 +0000] "HEAD /images/logo.png HTTP/1.1" 301 9564 "https://domain1.com/login" "Mozilla/5.0 (Test)" "6.23"
47.29.201.179 - - [29/Feb/2019:19:14:51 +0000] "HEAD /admin/dashboard HTTP/1.1" 301 4506 "https://domain1.com/admin" "Mozilla/5.0 (Test)" "2.53"
203.0.113.45 - - [06/Feb/2019:22:18:14 +0000] "POST /profile HTTP/1.1" 200 5523 "https://domain1.com/" "Mozilla/5.0 (Test)" "4.87"
47.29.201.179 - - [30/Feb/2019:15:12:07 +0000] "PUT / HTTP/1.1" 301 4528 "https://domain1.com/login" "Mozilla/5.0 (Test)" "9.67"
192.168.1.100 - - [10/Feb/2019:09:42:46 +0000] "GET /images/logo.png HTTP/1.1" 502 4947 "-" "Mozilla/5.0 (Test)" "7.27"
203.0.113.45 - - [09/Mar/2019:03:51:43 +0000] "DELETE /images/logo.png HTTP/1.1" 200 4600 "-" "Mozilla/5.0 (Test)" "4.44"
47.29.201.179 - - [28/Feb/2019:04:50:07 +0000] "PUT /profile HTTP/1.1" 500 6520 "-" "Mozilla/5.0 (Test)" "6.38"
198.51.100.25 - - [10/Mar/2019:17:04:37 +0000] "HEAD /images/logo.png HTTP/1.1" 404 2347 "https://domain1.com/api" "Mozilla/5.0 (Test)" "7.69"
47.29.201.179 - - [29/Feb/2019:01:02:34 +0000] "PUT /images/logo.png HTTP/1.1" 201 2531 "https://domain1.com/api" "Mozilla/5.0 (Test)" "3.69"
192.168.1.100 - - [03/Mar/2019:19:54:40 +0000] "PUT /api/users HTTP/1.1" 500 1525 "https://domain1.com/" "Mozilla/5.0 (Test)" "1.99"
203.0.113.45 - - [31/Feb/2019:22:55:40 +0000] "GET /api/users HTTP/1.1" 301 7955 "https://domain1.com/admin" "Mozilla/5.0 (Test)" "1.25"
192.168.1.100 - - [07/Feb/2019:23:44:11 +0000] "DELETE /images/logo.png HTTP/1.1" 500 8699 "https://domain1.com/api" "Mozilla/5.0 (Test)" "8.1"
47.29.201.179 - - [02/Mar/2019:11:47:16 +0000] "PUT /admin/dashboard HTTP/1.1" 502 8021 "http://domain2.com/" "Mozilla/5.0 (Test)" "0.65"
192.168.1.100 - - [03/Feb/2019:10:44:05 +0000] "HEAD /profile HTTP/1.1" 502 5194 "-" "Mozilla/5.0 (Test)" "2.56"
198.51.100.25 - - [28/Mar/2019:11:01:28 +0000] "GET /admin/dashboard HTTP/1.1" 404 1741 "http://domain2.com/" "Mozilla/5.0 (Test)" "9.0"
203.0.113.45 - - [29/Mar/2019:05:05:09 +0000] "GET /api/login HTTP/1.1" 201 3185 "https://domain1.com/admin" "Mozilla/5.0 (Test)" "9.65"
203.0.113.45 - - [09/Feb/2019:09:54:02 +0000] "HEAD /api/login HTTP/1.1" 200 3849 "https://domain1.com/api" "Mozilla/5.0 (Test)" "1.53"
203.0.113.45 - - [31/Feb/2019:17:11:14 +0000] "DELETE / HTTP/1.1" 200 7085 "https://domain1.com/api" "Mozilla/5.0 (Test)" "5.0"
192.168.1.100 - - [30/Feb/2019:18:52:44 +0000] "PUT /search HTTP/1.1" 201 5698 "https://domain1.com/login" "Mozilla/5.0 (Test)" "1.6"
198.51.100.25 - - [31/Feb/2019:16:06:48 +0000] "POST /profile HTTP/1.1" 404 1536 "https://domain1.com/login" "Mozilla/5.0 (Test)" "6.57"
47.29.201.179 - - [04/Mar/2019:16:10:24 +0000] "POST /admin/dashboard HTTP/1.1" 201 4308 "-" "Mozilla/5.0 (Test)" "4.53"
203.0.113.45 - - [04/Mar/2019:17:12:59 +0000] "DELETE /api/users HTTP/1.1" 301 2091 "https://domain1.com/admin" "Mozilla/5.0 (Test)" "6.22"
10.0.0.50 - - [29/Mar/2019:17:12:44 +0000] "POST /search HTTP/1.1" 404 2334 "http://domain2.com/" "Mozilla/5.0 (Test)" "7.44"
10.0.0.50 - - [28/Mar/2019:01:31:33 +0000] "PUT / HTTP/1.1" 201 9702 "https://domain1.com/" "Mozilla/5.0 (Test)" "8.32"
198.51.100.25 - - [08/Mar/2019:23:48:21 +0000] "POST / HTTP/1.1" 200 8643 "https://domain1.com/login" "Mozilla/5.0 (Test)" "7.32"
203.0.113.45 - - [29/Feb/2019:06:50:49 +0000] "DELETE /admin/dashboard HTTP/1.1" 200 828 "http://domain2.com/" "Mozilla/5.0 (Test)" "4.67"
192.168.1.100 - - [31/Mar/2019:10:08:38 +0000] "POST /search HTTP/1.1" 404 8175 "http://domain2.com/" "Mozilla/5.0 (Test)" "2.29"
198.51.100.25 - - [05/Mar/2019:16:06:18 +0000] "HEAD /api/login HTTP/1.1" 500 3733 "https://domain1.com/api" "Mozilla/5.0 (Test)" "4.99"
192.168.1.100 - - [05/Mar/2019:00:09:11 +0000] "HEAD /admin/dashboard HTTP/1.1" 200 7584 "http://domain2.com/" "Mozilla/5.0 (Test)" "1.51"
198.51.100.25 - - [08/Feb/2019:07:49:14 +0000] "POST /profile HTTP/1.1" 201 2811 "http://domain2.com/" "Mozilla/5.0 (Test)" "9.09"
192.168.1.100 - - [07/Mar/2019:07:15:49 +0000] "HEAD /profile HTTP/1.1" 200 9559 "https://domain1.com/admin" "Mozilla/5.0 (Test)" "8.43"
10.0.0.50 - - [07/Mar/2019:03:41:42 +0000] "POST / HTTP/1.1" 500 4223 "https://domain1.com/api" "Mozilla/5.0 (Test)" "8.52"
192.168.1.100 - - [31/Mar/2019:17:06:02 +0000] "POST /images/logo.png HTTP/1.1" 404 9002 "-" "Mozilla/5.0 (Test)" "1.53"
192.168.1.100 - - [30/Mar/2019:09:09:56 +0000] "HEAD /api/users HTTP/1.1" 201 2083 "https://domain1.com/" "Mozilla/5.0 (Test)" "9.63"
47.29.201.179 - - [06/Feb/2019:05:50:56 +0000] "DELETE /api/login HTTP/1.1" 201 1280 "-" "Mozilla/5.0 (Test)" "1.17"
203.0.113.45 - - [03/Mar/2019:18:20:31 +0000] "HEAD /profile HTTP/1.1" 502 7253 "https://domain1.com/" "Mozilla/5.0 (Test)" "7.86"
198.51.100.25 - - [29/Mar/2019:17:25:12 +0000] "GET /api/users HTTP/1.1" 201 3806 "https://domain1.com/admin" "Mozilla/5.0 (Test)" "2.38"
192.168.1.100 - - [10/Feb/2019:01:59:58 +0000] "HEAD /api/users HTTP/1.1" 500 9446 "https://domain1.com/login" "Mozilla/5.0 (Test)" "1.12"
10.0.0.50 - - [28/Feb/2019:08:02:46 +0000] "PUT /search HTTP/1.1" 301 3776 "https://domain1.com/login" "Mozilla/5.0 (Test)" "1.21"
203.0.113.45 - - [29/Feb/2019:19:40:17 +0000] "PUT /admin/dashboard HTTP/1.1" 502 9670 "-" "Mozilla/5.0 (Test)" "3.35"
10.0.0.50 - - [01/Feb/2019:17:09:58 +0000] "POST / HTTP/1.1" 200 8896 "https://domain1.com/api" "Mozilla/5.0 (Test)" "1.81"
203.0.113.45 - - [29/Feb/2019:13:36:12 +0000] "DELETE /images/logo.png HTTP/1.1" 404 3627 "https://domain1.com/login" "Mozilla/5.0 (Test)" "7.47"
203.0.113.45 - - [07/Mar/2019:04:26:14 +0000] "HEAD /admin/dashboard HTTP/1.1" 500 1324 "http://domain2.com/" "Mozilla/5.0 (Test)" "8.15"
198.51.100.25 - - [07/Mar/2019:18:57:43 +0000] "PUT /api/users HTTP/1.1" 301 667 "http://domain2.com/" "Mozilla/5.0 (Test)" "2.56"
10.0.0.50 - - [02/Mar/2019:02:49:51 +0000] "POST /search HTTP/1.1" 201 9557 "https://domain1.com/api" "Mozilla/5.0 (Test)" "6.23"
203.0.113.45 - - [31/Mar/2019:16:45:01 +0000] "GET /admin/dashboard HTTP/1.1" 201 7572 "-" "Mozilla/5.0 (Test)" "7.09"
47.29.201.179 - - [02/Feb/2019:16:33:04 +0000] "POST /api/login HTTP/1.1" 201 819 "https://domain1.com/" "Mozilla/5.0 (Test)" "7.51"
192.168.1.100 - - [05/Feb/2019:04:55:40 +0000] "PUT / HTTP/1.1" 201 8045 "http://domain2.com/" "Mozilla/5.0 (Test)" "6.89"
192.168.1.100 - - [02/Feb/2019:02:07:22 +0000] "DELETE /profile HTTP/1.1" 200 4885 "https://domain1.com/login" "Mozilla/5.0 (Test)" "6.21"
47.29.201.179 - - [31/Feb/2019:12:29:10 +0000] "PUT / HTTP/1.1" 200 961 "https://domain1.com/api" "Mozilla/5.0 (Test)" "6.09"
192.168.1.100 - - [03/Mar/2019:08:27:14 +0000] "GET /admin/dashboard HTTP/1.1" 404 5631 "https://domain1.com/admin" "Mozilla/5.0 (Test)" "5.13"
10.0.0.50 - - [29/Mar/2019:01:32:34 +0000] "HEAD /profile HTTP/1.1" 500 8646 "https://domain1.com/admin" "Mozilla/5.0 (Test)" "4.4"
47.29.201.179 - - [31/Feb/2019:09:21:16 +0000] "POST /images/logo.png HTTP/1.1" 404 2485 "https://domain1.com/" "Mozilla/5.0 (Test)" "6.87"
