47.29.201.179 - - [31/Feb/2019:10:31:48 +0000] "DELETE /search HTTP/1.1" 502 1983 "https://domain1.com/admin" "Mozilla/5.0 (Test)" "5.35"
198.51.100.25 - - [29/Mar/2019:15:20:04 +0000] "PUT /search HTTP/1.1" 404 382 "-" "Mozilla/5.0 (Test)" "2.22"
47.29.201.179 - - [01/Feb/2019:11:30:38 +0000] "PUT /search HTTP/1.1" 404 8980 "https://domain1.com/" "Mozilla/5.0 (Test)" "7.49"
10.0.0.50 - - [03/Mar/2019:20:01:45 +0000] "DELETE /images/logo.png HTTP/1.1" 200 3090 "https://domain1.com/" "Mozilla/5.0 (Test)" "9.26"
198.51.100.25 - - [30/Feb/2019:00:15:44 +0000] "PUT /search HTTP/1.1" 500 6112 "-" "Mozilla/5.0 (Test)" "4.06"
10.0.0.50 - - [29/Feb/2019:21:38:32 +0000] "POST /api/login HTTP/1.1" 200 1668 "-" "Mozilla/5.0 (Test)" "7.71"
203.0.113.45 - - [07/Feb/2019:13:27:51 +0000] "GET /profile HTTP/1.1" 500 750 "https://domain1.com/admin" "Mozilla/5.0 (Test)" "2.88"
47.29.201.179 - - [10/Mar/2019:01:21:34 +0000] "DELETE /images/logo.png HTTP/1.1" 200 2435 "http://domain2.com/" "Mozilla/5.0 (Test)" "4.1"
203.0.113.45 - - [08/Mar/2019:10:37:59 +0000] "HEAD /profile HTTP/1.1" 500 8545 "https://domain1.com/login" "Mozilla/5.0 (Test)" "5.79"
198.51.100.25 - - [06/Mar/2019:16:24:46 +0000] "PUT / HTTP/1.1" 404 4988 "http://domain2.com/" "Mozilla/5.0 (Test)" "9.15"
198.51.100.25 - - [31/Feb/2019:01:43:04 +0000] "POST /images/logo.png HTTP/1.1" 404 3218 "https://domain1.com/admin" "Mozilla/5.0 (Test)" "1.62"
203.0.113.45 - - [05/Feb/2019:15:41:42 +0000] "DELETE / HTTP/1.1" 301 1404 "https://domain1.com/api" "Mozilla/5.0 (Test)" "0.51"
47.29.201.179 - - [31/Feb/2019:16:25:31 +0000] "HEAD /api/login HTTP/1.1" 301 9601 "https://domain1.com/login" "Mozilla/5.0 (Test)" "4.72"
10.0.0.50 - - [05/Mar/2019:20:58:07 +0000] "PUT /images/logo.png HTTP/1.1" 301 9131 "https://domain1.com/" "Mozilla/5.0 (Test)" "6.18"
203.0.113.45 - - [09/Mar/2019:18:04:36 +0000] "GET /admin/dashboard HTTP/1.1" 404 1836 "https://domain1.com/admin" "Mozilla/5.0 (Test)" "4.97"
203.0.113.45 - - [03/Feb/2019:09:09:33 +0000] "GET /search HTTP/1.1" 201 7102 "http://domain2.com/" "Mozilla/5.0 (Test)" "6.56"
198.51.100.25 - - [28/Feb/2019:06:01:58 +0000] "GET /images/logo.png HTTP/1.1" 500 1044 "http://domain2.com/" "Mozilla/5.0 (Test)" "6.69"
198.51.100.25 - - [29/Feb/2019:14:51:02 +0000] "PUT /search HTTP/1.1" 500 4017 "https://domain1.com/admin" "Mozilla/5.0 (Test)" "3.12"
203.0.113.45 - - [29/Feb/2019:10:59:22 +0000] "POST /api/users HTTP/1.1" 502 4657 "https://domain1.com/admin" "Mozilla/5.0 (Test)" "1.33"
198.51.100.25 - - [28/Feb/2019:08:24:44 +0000] "DELETE /images/logo.png HTTP/1.1" 502 3077 "https://domain1.com/" "Mozilla/5.0 (Test)" "8.53"
47.29.201.179 - - [08/Feb/2019:01:15:43 +0000] "GET /admin/dashboard HTTP/1.1" 200 2533 "http://domain2.com/" "Mozilla/5.0 (Test)" "9.36"
10.0.0.50 - - [04/Feb/2019:17:48:17 +0000] "POST /images/logo.png HTTP/1.1" 404 456 "https://domain1.com/admin" "Mozilla/5.0 (Test)" "5.73"
203.0.113.45 - - [05/Feb/2019:06:42:54 +0000] "PUT /search HTTP/1.1" 201 4181 "https://domain1.com/admin" "Mozilla/5.0 (Test)" "5.14"
203.0.113.45 - - [28/Feb/2019:19:20:46 +0000] "PUT /api/login HTTP/1.1" 200 1240 "https://domain1.com/admin" "Mozilla/5.0 (Test)" "6.46"
10.0.0.50 - - [04/Feb/2019:06:44:39 +0000] "DELETE /api/users HTTP/1.1" 500 4205 "https://domain1.com/" "Mozilla/5.0 (Test)" "0.93"
198.51.100.25 - - [29/Mar/2019:02:59:55 +0000] "DELETE /api/login HTTP/1.1" 201 5804 "https://domain1.com/api" "Mozilla/5.0 (Test)" "5.23"
10.0.0.50 - - [30/Feb/2019:22:29:56 +0000] "PUT /api/users HTTP/1.1" 200 6685 "https://domain1.com/" "Mozilla/5.0 (Test)" "9.71"
198.51.100.25 - - [31/Mar/2019:22:46:19 +0000] "GET /admin/dashboard HTTP/1.1" 301 6114 "https://domain1.com/api" "Mozilla/5.0 (Test)" "2.15"
198.51.100.25 - - [01/Mar/2019:19:09:20 +0000] "PUT /profile HTTP/1.1" 404 4629 "https://domain1.com/admin" "Mozilla/5.0 (Test)" "4.4"
198.51.100.25 - - [05/Mar/2019:10:56:24 +0000] "GET /api/users HTTP/1.1" 200 5095 "https://domain1.com/" "Mozilla/5.0 (Test)" "5.91"
198.51.100.25 - - [01/Feb/2019:04:05:37 +0000] "PUT /images/logo.png HTTP/1.1" 201 7781 "https://domain1.com/login" "Mozilla/5.0 (Test)" "2.57"
47.29.201.179 - - [31/Mar/2019:10:54:51 +0000] "POST /admin/dashboard HTTP/1.1" 201 4126 "https://domain1.com/" "Mozilla/5.0 (Test)" "7.17"
198.51.100.25 - - [28/Feb/2019:10:34:13 +0000] "POST /admin/dashboard HTTP/1.1" 502 1785 "https://domain1.com/login" "Mozilla/5.0 (Test)" "6.79"
47.29.201.179 - - [30/Mar/2019:10:52:24 +0000] "GET /api/users HTTP/1.1" 201 9344 "-" "Mozilla/5.0 (Test)" "7.59"
192.168.1.100 - - [09/Mar/2019:22:41:50 +0000] "GET /profile HTTP/1.1" 500 5155 "https://domain1.com/api" "Mozilla/5.0 (Test)" "6.67"
198.51.100.25 - - [28/Mar/2019:15:14:37 +0000] "HEAD /images/logo.png HTTP/1.1" 201 8603 "https://domain1.com/api" "Mozilla/5.0 (Test)" "0.43"
203.0.113.45 - - [10/Feb/2019:13:52:57 +0000] "POST /api/login HTTP/1.1" 200 6932 "http://domain2.com/" "Mozilla/5.0 (Test)" "7.0"
10.0.0.50 - - [29/Feb/2019:17:44:28 +0000] "HEAD /images/logo.png HTTP/1.1" 201 1068 "http://domain2.com/" "Mozilla/5.0 (Test)" "5.01"
10.0.0.50 - - [04/Feb/2019:02:38:39 +0000] "GET /api/login HTTP/1.1" 200 7106 "https://domain1.com/login" "Mozilla/5.0 (Test)" "4.8"
47.29.201.179 - - [05/Feb/2019:01:05:12 +0000] "HEAD /profile HTTP/1.1" 200 1661 "-" "Mozilla/5.0 (Test)" "9.29"
192.168.1.100 - - [31/Feb/2019:12:06:13 +0000] "GET /images/logo.png HTTP/1.1" 200 4912 "https://domain1.com/" "Mozilla/5.0 (Test)" "5.64"
47.29.201.179 - - [04/Feb/2019:16:27:02 +0000] "HEAD /images/logo.png HTTP/1.1" 301 4657 "https://domain1.com/admin" "Mozilla/5.0 (Test)" "6.47"
198.51.100.25 - - [31/Mar/2019:02:50:10 +0000] "PUT /api/users HTTP/1.1" 301 358 "https://domain1.com/" "Mozilla/5.0 (Test)" "4.07"
10.0.0.50 - - [09/Feb/2019:04:38:18 +0000] "HEAD /api/users HTTP/1.1" 301 4460 "https://domain1.com/admin" "Mozilla/5.0 (Test)" "8.97"
47.29.201.179 - - [31/Feb/2019:03:43:06 +0000] "DELETE /profile HTTP/1.1" 500 316 "https://domain1.com/admin" "Mozilla/5.0 (Test)" "9.61"
192.168.1.100 - - [30/Feb/2019:23:14:46 +0000] "PUT /api/users HTTP/1.1" 201 7725 "http://domain2.com/" "Mozilla/5.0 (Test)" "4.11"
47.29.201.179 - - [08/Feb/2019:14:52:01 +0000] "PUT /profile HTTP/1.1" 404 9157 "https://domain1.com/" "Mozilla/5.0 (Test)" "7.2"
192.168.1.100 - - [28/Feb/2019:05:51:23 +0000] "DELETE /search HTTP/1.1" 404 591 "https://domain1.com/login" "Mozilla/5.0 (Test)" "5.53"
192.168.1.100 - - [30/Feb/2019:02:15:30 +0000] "DELETE / HTTP/1.1" 500 3216 "http://domain2.com/" "Mozilla/5.0 (Test)" "9.01"
203.0.113.45 - - [29/Feb/2019:10:30:53 +0000] "DELETE /admin/dashboard HTTP/1.1" 500 3577 "https://domain1.com/admin" "Mozilla/5.0 (Test)" "4.76"
198.51.100.25 - - [01/Mar/2019:16:54:49 +0000] "POST /profile HTTP/1.1" 502 687 "-" "Mozilla/5.0 (Test)" "5.61"
192.168.1.100 - - [31/Mar/2019:14:54:06 +0000] "HEAD /api/login HTTP/1.1" 404 4194 "https://domain1.com/admin" "Mozilla/5.0 (Test)" "9.55"
203.0.113.45 - - [31/Mar/2019:23:59:49 +0000] "GET /profile HTTP/1.1" 201 7244 "https://domain1.com/" "Mozilla/5.0 (Test)" "5.62"
203.0.113.45 - - [31/Mar/2019:09:14:02 +0000] "POST /profile HTTP/1.1" 500 9246 "https://domain1.com/" "Mozilla/5.0 (Test)" "7.26"
198.51.100.25 - - [31/Feb/2019:17:50:39 +0000] "HEAD / HTTP/1.1" 201 8089 "https://domain1.com/admin" "Mozilla/5.0 (Test)" "0.82"
10.0.0.50 - - [01/Feb/2019:02:42:49 +0000] "HEAD / HTTP/1.1" 404 2942 "https://domain1.com/api" "Mozilla/5.0 (Test)" "3.68"
47.29.201.179 - - [09/Mar/2019:17:44:02 +0000] "POST /api/login HTTP/1.1" 404 2861 "https://domain1.com/login" "Mozilla/5.0 (Test)" "2.15"
198.51.100.25 - - [31/Mar/2019:16:32:47 +0000] "PUT /images/logo.png HTTP/1.1" 404 3626 "-" "Mozilla/5.0 (Test)" "3.9"
198.51.100.25 - - [28/Feb/2019:23:34:52 +0000] "DELETE /admin/dashboard HTTP/1.1" 404 9170 "http://domain2.com/" "Mozilla/5.0 (Test)" "1.62"
198.51.100.25 - - [02/Feb/2019:04:12:48 +0000] "PUT / HTTP/1.1" 201 1921 "https://domain1.com/admin" "Mozilla/5.0 (Test)" "2.8"
10.0.0.50 - - [07/Mar/2019:10:01:35 +0000] "DELETE /api/login HTTP/1.1" 200 6509 "https://domain1.com/admin" "Mozilla/5.0 (Test)" "7.31"
10.0.0.50 - - [01/Feb/2019:16:50:13 +0000] "POST /profile HTTP/1.1" 200 6654 "https://domain1.com/" "Mozilla/5.0 (Test)" "1.01"
192.168.1.100 - - [30/Mar/2019:21:04:58 +0000] "POST /search HTTP/1.1" 201 6588 "http://domain2.com/" "Mozilla/5.0 (Test)" "3.41"
198.51.100.25 - - [28/Mar/2019:18:00:41 +0000] "HEAD /images/logo.png HTTP/1.1" 404 9568 "http://domain2.com/" "Mozilla/5.0 (Test)" "1.82"
10.0.0.50 - - [29/Feb/2019:10:18:11 +0000] "DELETE /admin/dashboard HTTP/1.1" 201 6342 "https://domain1.com/admin" "Mozilla/5.0 (Test)" "0.71"
203.0.113.45 - - [04/Mar/2019:04:23:40 +0000] "PUT /profile HTTP/1.1" 201 5887 "https://domain1.com/api" "Mozilla/5.0 (Test)" "0.32"
47.29.201.179 - - [03/Feb/2019:05:26:41 +0000] "GET /api/login HTTP/1.1" 200 3225 "-" "Mozilla/5.0 (Test)" "0.83"
203.0.113.45 - - [31/Mar/2019:12:59:44 +0000] "DELETE /api/users HTTP/1.1" 502 7662 "http://domain2.com/" "Mozilla/5.0 (Test)" "8.61"
192.168.1.100 - - [04/Mar/2019:10:13:53 +0000] "GET /admin/dashboard HTTP/1.1" 500 4084 "http://domain2.com/" "Mozilla/5.0 (Test)" "0.33"
198.51.100.25 - - [31/Mar/2019:04:20:50 +0000] "PUT /profile HTTP/1.1" 404 9945 "https://domain1.com/" "Mozilla/5.0 (Test)" "2.33"
10.0.0.50 - - [28/Mar/2019:23:28:53 +0000] "HEAD /profile HTTP/1.1" 500 1043 "https://domain1.com/api" "Mozilla/5.0 (Test)" "8.71"
47.29.201.179 - - [03/Mar/2019:18:04:01 +0000] "PUT / HTTP/1.1" 502 3627 "https://domain1.com/admin" "Mozilla/5.0 (Test)" "4.98"
203.0.113.45 - - [05/Feb/2019:13:01:57 +0000] "DELETE /search HTTP/1.1" 500 8903 "http://domain2.com/" "Mozilla/5.0 (Test)" "2.91"
198.51.100.25 - - [30/Feb/2019:18:19:43 +0000] "GET /api/users HTTP/1.1" 502 964 "http://domain2.com/" "Mozilla/5.0 (Test)" "3.76"
10.0.0.50 - - [28/Mar/2019:10:48:00 +0000] "HEAD /search HTTP/1.1" 301 2468 "https://domain1.com/api" "Mozilla/5.0 (Test)" "8.51"
10.0.0.50 - - [08/Feb/2019:19:05:52 +0000] "POST / HTTP/1.1" 502 9731 "http://domain2.com/" "Mozilla/5.0 (Test)" "9.87"
47.29.201.179 - - [01/Feb/2019:18:10:53 +0000] "POST / HTTP/1.1" 404 7896 "https://domain1.com/" "Mozilla/5.0 (Test)" "6.33"
10.0.0.50 - - [31/Mar/2019:01:01:50 +0000] "HEAD /api/users HTTP/1.1" 502 8069 "https://domain1.com/" "Mozilla/5.0 (Test)" "1.74"
198.51.100.25 - - [08/Feb/2019:19:11:57 +0000] "PUT / HTTP/1.1" 500 7600 "https://domain1.com/" "Mozilla/5.0 (Test)" "7.82"
47.29.201.179 - - [28/Mar/2019:14:03:15 +0000] "POST /api/users HTTP/1.1" 201 3034 "https://domain1.com/api" "Mozilla/5.0 (Test)" "8.03"
198.51.100.25 - - [31/Mar/2019:15:20:49 +0000] "DELETE /api/login HTTP/1.1" 200 1366 "https://domain1.com/login" "Mozilla/5.0 (Test)" "2.77"
203.0.113.45 - - [28/Feb/2019:14:28:57 +0000] "GET /api/users HTTP/1.1" 500 901 "https://domain1.com/" "Mozilla/5.0 (Test)" "7.5"
203.0.113.45 - - [31/Feb/2019:07:25:00 +0000] "DELETE / HTTP/1.1" 502 7867 "https://domain1.com/" "Mozilla/5.0 (Test)" "8.93"
10.0.0.50 - - [08/Mar/2019:11:54:49 +0000] "GET /images/logo.png HTTP/1.1" 404 5841 "https://domain1.com/admin" "Mozilla/5.0 (Test)" "0.6"
192.168.1.100 - - [30/Feb/2019:09:23:07 +0000] "HEAD /images/logo.png HTTP/1.1" 500 1026 "https://domain1.com/login" "Mozilla/5.0 (Test)" "9.75"
198.51.100.25 - - [05/Feb/2019:21:38:28 +0000] "GET /search HTTP/1.1" 404 3227 "https://domain1.com/admin" "Mozilla/5.0 (Test)" "7.29"
10.0.0.50 - - [07/Feb/2019:03:13:20 +0000] "DELETE /api/users HTTP/1.1" 500 974 "-" "Mozilla/5.0 (Test)" "3.11"
47.29.201.179 - - [29/Mar/2019:21:38:13 +0000] "HEAD / HTTP/1.1" 301 9372 "https://domain1.com/api" "Mozilla/5.0 (Test)" "1.81"
47.29.201.179 - - [30/Feb/2019:16:02:17 +0000] "DELETE / HTTP/1.1" 502 1459 "https://domain1.com/" "Mozilla/5.0 (Test)" "2.45"
47.29.201.179 - - [30/Feb/2019:10:02:23 +0000] "POST / HTTP/1.1" 502 8728 "-" "Mozilla/5.0 (Test)" "8.31"
198.51.100.25 - - [05/Feb/2019:09:16:41 +0000] "PUT /search HTTP/1.1" 500 7848 "-" "Mozilla/5.0 (Test)" "6.47"
47.29.201.179 - - [30/Mar/2019:21:50:29 +0000] "PUT /api/users HTTP/1.1" 500 3622 "https://domain1.com/" "Mozilla/5.0 (Test)" "4.63"
192.168.1.100 - - [28/Mar/2019:11:47:48 +0000] "GET /api/login HTTP/1.1" 404 9582 "https://domain1.com/login" "Mozilla/5.0 (Test)" "3.36"
198.51.100.25 - - [07/Feb/2019:17:09:16 +0000] "DELETE /admin/dashboard HTTP/1.1" 200 5333 "http://domain2.com/" "Mozilla/5.0 (Test)" "0.57"
10.0.0.50 - - [31/Feb/2019:03:55:08 +0000] "DELETE /admin/dashboard HTTP/1.1" 201 4293 "https://domain1.com/" "Mozilla/5.0 (Test)" "6.79"
198.51.100.25 - - [30/Feb/2019:22:33:36 +0000] "POST /api/users HTTP/1.1" 200 9861 "http://domain2.com/" "Mozilla/5.0 (Test)" "4.58"
47.29.201.179 - - [05/Feb/2019:14:27:00 +0000] "GET /search HTTP/1.1" 301 5204 "https://domain1.com/api" "Mozilla/5.0 (Test)" "2.62"
47.29.201.179 - - [29/Feb/2019:11:42:47 +0000] "HEAD /images/logo.png HTTP/1.1" 200 2745 "https://domain1.com/api" "Mozilla/5.0 (Test)" "1.53"
47.29.201.179 - - [03/Feb/2019:15:57:41 +0000] "DELETE /api/login HTTP/1.1" 502 2188 "http://domain2.com/" "Mozilla/5.0 (Test)" "8.14"
47.29.201.179 - - [09/Mar/2019:05:45:43 +0000] "POST /profile HTTP/1.1" 201 3654 "https://domain1.com/api" "Mozilla/5.0 (Test)" "9.5"
198.51.100.25 - - [05/Mar/2019:08:09:28 +0000] "POST /images/logo.png HTTP/1.1" 200 325 "https://domain1.com/login" "Mozilla/5.0 (Test)" "3.51"
192.168.1.100 - - [30/Feb/2019:21:26:58 +0000] "DELETE /api/login HTTP/1.1" 201 913 "http://domain2.com/" "Mozilla/5.0 (Test)" "8.61"
10.0.0.50 - - [10/Feb/2019:05:24:31 +0000] "GET /api/login HTTP/1.1" 301 9905 "http://domain2.com/" "Mozilla/5.0 (Test)" "4.29"
203.0.113.45 - - [10/Feb/2019:00:37:14 +0000] "HEAD / HTTP/1.1" 500 290 "https://domain1.com/" "Mozilla/5.0 (Test)" "7.94"
10.0.0.50 - - [05/Mar/2019:07:01:06 +0000] "GET /admin/dashboard HTTP/1.1" 201 9318 "https://domain1.com/login" "Mozilla/5.0 (Test)" "7.9"
10.0.0.50 - - [30/Feb/2019:10:20:49 +0000] "HEAD / HTTP/1.1" 200 9540 "-" "Mozilla/5.0 (Test)" "5.66"
10.0.0.50 - - [03/Feb/2019:04:21:20 +0000] "DELETE /profile HTTP/1.1" 404 9940 "https://domain1.com/api" "Mozilla/5.0 (Test)" "0.41"
47.29.201.179 - - [28/Mar/2019:17:35:28 +0000] "PUT /images/logo.png HTTP/1.1" 500 1143 "https://domain1.com/" "Mozilla/5.0 (Test)" "5.16"
203.0.113.45 - - [06/Feb/2019:17:12:51 +0000] "POST /admin/dashboard HTTP/1.1" 502 9979 "-" "Mozilla/5.0 (Test)" "0.66"
47.29.201.179 - - [30/Mar/2019:05:50:25 +0000] "DELETE /images/logo.png HTTP/1.1" 502 3307 "https://domain1.com/login" "Mozilla/5.0 (Test)" "2.41"
203.0.113.45 - - [31/Feb/2019:09:00:28 +0000] "PUT / HTTP/1.1" 404 4084 "https://domain1.com/" "Mozilla/5.0 (Test)" "9.27"
10.0.0.50 - - [28/Mar/2019:13:25:42 +0000] "PUT /profile HTTP/1.1" 404 7062 "https://domain1.com/login" "Mozilla/5.0 (Test)" "7.65"
47.29.201.179 - - [05/Feb/2019:01:17:25 +0000] "HEAD /api/users HTTP/1.1" 200 253 "http://domain2.com/" "Mozilla/5.0 (Test)" "6.76"
47.29.201.179 - - [31/Feb/2019:05:21:33 +0000] "HEAD /images/logo.png HTTP/1.1" 404 3809 "http://domain2.com/" "Mozilla/5.0 (Test)" "6.82"
192.168.1.100 - - [30/Feb/2019:06:44:13 +0000] "POST /admin/dashboard HTTP/1.1" 301 2331 "https://domain1.com/admin" "Mozilla/5.0 (Test)" "8.23"
47.29.201.179 - - [10/Feb/2019:08:05:41 +0000] "PUT /profile HTTP/1.1" 301 9032 "-" "Mozilla/5.0 (Test)" "3.79"
203.0.113.45 - - [02/Mar/2019:02:58:49 +0000] "PUT /admin/dashboard HTTP/1.1" 500 9031 "https://domain1.com/admin" "Mozilla/5.0 (Test)" "7.13"
203.0.113.45 - - [30/Feb/2019:14:44:44 +0000] "PUT /profile HTTP/1.1" 201 5830 "https://domain1.com/login" "Mozilla/5.0 (Test)" "3.28"
10.0.0.50 - - [28/Feb/2019:21:03:32 +0000] "DELETE /search HTTP/1.1" 502 8677 "https://domain1.com/login" "Mozilla/5.0 (Test)" "7.31"
198.51.100.25 - - [29/Mar/2019:14:35:03 +0000] "GET /admin/dashboard HTTP/1.1" 500 8954 "http://domain2.com/" "Mozilla/5.0 (Test)" "2.75"
198.51.100.25 - - [30/Mar/2019:18:48:01 +0000] "DELETE / HTTP/1.1" 200 4898 "https://domain1.com/login" "Mozilla/5.0 (Test)" "3.92"
192.168.1.100 - - [28/Mar/2019:13:19:20 +0000] "HEAD /api/users HTTP/1.1" 502 9482 "https://domain1.com/" "Mozilla/5.0 (Test)" "3.22"
10.0.0.50 - - [03/Feb/2019:02:46:06 +0000] "POST / HTTP/1.1" 502 9527 "http://domain2.com/" "Mozilla/5.0 (Test)" "7.23"
203.0.113.45 - - [28/Mar/2019:20:22:03 +0000] "HEAD /images/logo.png HTTP/1.1" 502 716 "http://domain2.com/" "Mozilla/5.0 (Test)" "2.38"
192.168.1.100 - - [30/Mar/2019:00:59:44 +0000] "HEAD /profile HTTP/1.1" 200 5494 "https://domain1.com/admin" "Mozilla/5.0 (Test)" "0.87"
198.51.100.25 - - [01/Feb/2019:08:41:34 +0000] "POST / HTTP/1.1" 502 1503 "https://domain1.com/admin" "Mozilla/5.0 (Test)" "6.14"
47.29.201.179 - - [10/Mar/2019:19:13:49 +0000] "HEAD /search HTTP/1.1" 301 8948 "http://domain2.com/" "Mozilla/5.0 (Test)" "6.71"
47.29.201.179 - - [28/Feb/2019:06:46:40 +0000] "POST /admin/dashboard HTTP/1.1" 500 3607 "https://domain1.com/login" "Mozilla/5.0 (Test)" "6.43"
192.168.1.100 - - [09/Mar/2019:13:26:23 +0000] "PUT / HTTP/1.1" 500 9053 "https://domain1.com/" "Mozilla/5.0 (Test)" "7.16"
203.0.113.45 - - [10/Feb/2019:13:44:16 +0000] "POST /images/logo.png HTTP/1.1" 200 5805 "https://domain1.com/login" "Mozilla/5.0 (Test)" "7.62"
10.0.0.50 - - [10/Mar/2019:15:59:31 +0000] "HEAD /admin/dashboard HTTP/1.1" 200 7840 "https://domain1.com/" "Mozilla/5.0 (Test)" "2.53"
192.168.1.100 - - [10/Feb/2019:23:40:28 +0000] "DELETE /images/logo.png HTTP/1.1" 301 3872 "https://domain1.com/" "Mozilla/5.0 (Test)" "8.1"
10.0.0.50 - - [29/Mar/2019:15:38:19 +0000] "GET /admin/dashboard HTTP/1.1" 201 9975 "http://domain2.com/" "Mozilla/5.0 (Test)" "7.56"
47.29.201.179 - - [08/Mar/2019:01:05:58 +0000] "GET / HTTP/1.1" 200 7404 "https://domain1.com/" "Mozilla/5.0 (Test)" "1.33"
47.29.201.179 - - [30/Mar/2019:06:59:38 +0000] "PUT /images/logo.png HTTP/1.1" 404 3235 "-" "Mozilla/5.0 (Test)" "5.4"
10.0.0.50 - - [07/Mar/2019:19:53:00 +0000] "HEAD /api/login HTTP/1.1" 301 744 "https://domain1.com/api" "Mozilla/5.0 (Test)" "4.2"
198.51.100.25 - - [07/Mar/2019:02:26:24 +0000] "HEAD / HTTP/1.1" 201 4479 "-" "Mozilla/5.0 (Test)" "5.09"
47.29.201.179 - - [05/Feb/2019:20:27:18 +0000] "HEAD /search HTTP/1.1" 200 2040 "https://domain1.com/" "Mozilla/5.0 (Test)" "7.18"
198.51.100.25 - - [03/Mar/2019:14:54:24 +0000] "HEAD /images/logo.png HTTP/1.1" 500 4188 "http://domain2.com/" "Mozilla/5.0 (Test)" "8.89"
47.29.201.179 - - [05/Mar/2019:10:18:36 +0000] "DELETE /profile HTTP/1.1" 500 8037 "https://domain1.com/api" "Mozilla/5.0 (Test)" "8.18"
10.0.0.50 - - [28/Mar/2019:11:21:06 +0000] "HEAD / HTTP/1.1" 404 8201 "https://domain1.com/admin" "Mozilla/5.0 (Test)" "1.11"
198.51.100.25 - - [01/Feb/2019:13:43:31 +0000] "POST /admin/dashboard HTTP/1.1" 200 8502 "https://domain1.com/login" "Mozilla/5.0 (Test)" "2.22"
47.29.201.179 - - [04/Mar/2019:22:49:34 +0000] "GET / HTTP/1.1" 404 9050 "-" "Mozilla/5.0 (Test)" "7.23"
198.51.100.25 - - [29/Mar/2019:19:33:18 +0000] "GET /search HTTP/1.1" 201 328 "http://domain2.com/" "Mozilla/5.0 (Test)" "2.86"
47.29.201.179 - - [05/Feb/2019:14:27:26 +0000] "DELETE /images/logo.png HTTP/1.1" 200 7780 "http://domain2.com/" "Mozilla/5.0 (Test)" "9.32"
10.0.0.50 - - [31/Mar/2019:12:07:29 +0000] "POST /search HTTP/1.1" 301 3380 "https://domain1.com/login" "Mozilla/5.0 (Test)" "2.01"
192.168.1.100 - - [28/Mar/2019:13:30:42 +0000] "DELETE /images/logo.png HTTP/1.1" 201 2005 "https://domain1.com/" "Mozilla/5.0 (Test)" "2.4"
192.168.1.100 - - [07/Mar/2019:12:34:32 +0000] "GET / HTTP/1.1" 301 4142 "http://domain2.com/" "Mozilla/5.0 (Test)" "9.67"
203.0.113.45 - - [04/Mar/2019:16:21:25 +0000] "DELETE /api/users HTTP/1.1" 500 8886 "http://domain2.com/" "Mozilla/5.0 (Test)" "0.82"
192.168.1.100 - - [03/Feb/2019:04:47:30 +0000] "GET /api/users HTTP/1.1" 301 5220 "https://domain1.com/api" "Mozilla/5.0 (Test)" "8.1"
198.51.100.25 - - [08/Feb/2019:15:03:10 +0000] "PUT /api/login HTTP/1.1" 201 9357 "https://domain1.com/login" "Mozilla/5.0 (Test)" "5.32"
10.0.0.50 - - [10/Feb/2019:18:55:19 +0000] "HEAD /api/login HTTP/1.1" 404 3653 "https://domain1.com/api" "Mozilla/5.0 (Test)" "3.56"
203.0.113.45 - - [28/Mar/2019:16:50:40 +0000] "POST /api/users HTTP/1.1" 500 369 "-" "Mozilla/5.0 (Test)" "0.78"
10.0.0.50 - - [04/Mar/2019:20:42:18 +0000] "POST / HTTP/1.1" 200 3396 "https://domain1.com/" "Mozilla/5.0 (Test)" "6.4"
47.29.201.179 - - [10/Feb/2019:11:25:33 +0000] "POST /api/users HTTP/1.1" 301 2906 "https://domain1.com/admin" "Mozilla/5.0 (Test)" "7.82"
203.0.113.45 - - [09/Mar/2019:19:28:24 +0000] "DELETE /api/login HTTP/1.1" 500 4173 "https://domain1.com/admin" "Mozilla/5.0 (Test)" "8.25"
203.0.113.45 - - [31/Mar/2019:01:45:46 +0000] "DELETE /admin/dashboard HTTP/1.1" 500 3645 "https://domain1.com/" "Mozilla/5.0 (Test)" "7.8"
203.0.113.45 - - [06/Mar/2019:01:02:47 +0000] "HEAD /profile HTTP/1.1" 200 4011 "https://domain1.com/" "Mozilla/5.0 (Test)" "6.57"
203.0.113.45 - - [01/Mar/2019:02:30:53 +0000] "DELETE /api/users HTTP/1.1" 502 6483 "https://domain1.com/api" "Mozilla/5.0 (Test)" "4.0"
192.168.1.100 - - [30/Mar/2019:15:30:00 +0000] "HEAD /api/login HTTP/1.1" 301 955 "http://domain2.com/" "Mozilla/5.0 (Test)" "5.77"
10.0.0.50 - - [30/Mar/2019:05:24:23 +0000] "PUT /api/login HTTP/1.1" 301 6389 "https://domain1.com/login" "Mozilla/5.0 (Test)" "4.61"
47.29.201.179 - - [03/Feb/2019:20:23:10 +0000] "POST /admin/dashboard HTTP/1.1" 502 9833 "http://domain2.com/" "Mozilla/5.0 (Test)" "4.28"
192.168.1.100 - - [31/Mar/2019:04:23:14 +0000] "HEAD /profile HTTP/1.1" 500 4481 "http://domain2.com/" "Mozilla/5.0 (Test)" "0.42"
47.29.201.179 - - [30/Feb/2019:19:39:44 +0000] "POST /search HTTP/1.1" 200 8559 "https://domain1.com/login" "Mozilla/5.0 (Test)" "5.93"
203.0.113.45 - - [29/Mar/2019:10:49:09 +0000] "PUT /images/logo.png HTTP/1.1" 200 2954 "https://domain1.com/" "Mozilla/5.0 (Test)" "9.31"
198.51.100.25 - - [29/Feb/2019:07:33:47 +0000] "GET /images/logo.png HTTP/1.1" 502 4868 "https://domain1.com/login" "Mozilla/5.0 (Test)" "1.77"
198.51.100.25 - - [04/Feb/2019:09:38:47 +0000] "PUT /api/users HTTP/1.1" 502 4472 "https://domain1.com/admin" "Mozilla/5.0 (Test)" "9.59"
203.0.113.45 - - [04/Feb/2019:22:46:44 +0000] "DELETE /admin/dashboard HTTP/1.1" 201 1970 "-" "Mozilla/5.0 (Test)" "2.91"
47.29.201.179 - - [30/Mar/2019:02:45:59 +0000] "HEAD /images/logo.png HTTP/1.1" 301 4267 "https://domain1.com/admin" "Mozilla/5.0 (Test)" "6.36"
203.0.113.45 - - [29/Mar/2019:08:06:40 +0000] "HEAD /api/login HTTP/1.1" 201 5635 "https://domain1.com/" "Mozilla/5.0 (Test)" "4.48"
47.29.201.179 - - [06/Feb/2019:18:42:21 +0000] "GET /api/login HTTP/1.1" 502 6074 "https://domain1.com/" "Mozilla/5.0 (Test)" "8.06"
203.0.113.45 - - [02/Feb/2019:08:37:55 +0000] "DELETE /api/users HTTP/1.1" 301 7460 "-" "Mozilla/5.0 (Test)" "2.14"
10.0.0.50 - - [08/Feb/2019:05:12:12 +0000] "GET /search HTTP/1.1" 500 9803 "https://domain1.com/" "Mozilla/5.0 (Test)" "2.85"
47.29.201.179 - - [05/Mar/2019:05:54:11 +0000] "GET /search HTTP/1.1" 502 6024 "https://domain1.com/api" "Mozilla/5.0 (Test)" "8.11"
192.168.1.100 - - [08/Feb/2019:15:23:01 +0000] "HEAD /profile HTTP/1.1" 201 649 "http://domain2.com/" "Mozilla/5.0 (Test)" "0.74"
192.168.1.100 - - [28/Feb/2019:19:03:59 +0000] "GET / HTTP/1.1" 301 6684 "https://domain1.com/api" "Mozilla/5.0 (Test)" "8.84"
47.29.201.179 - - [05/Mar/2019:23:29:39 +0000] "PUT / HTTP/1.1" 200 7369 "http://domain2.com/" "Mozilla/5.0 (Test)" "2.12"
10.0.0.50 - - [29/Mar/2019:06:59:17 +0000] "HEAD /api/users HTTP/1.1" 502 7950 "https://domain1.com/api" "Mozilla/5.0 (Test)" "3.04"
203.0.113.45 - - [02/Mar/2019:22:23:43 +0000] "PUT /images/logo.png HTTP/1.1" 500 3619 "https://domain1.com/admin" "Mozilla/5.0 (Test)" "5.46"
192.168.1.100 - - [09/Mar/2019:21:54:23 +0000] "GET /api/login HTTP/1.1" 301 4729 "https://domain1.com/" "Mozilla/5.0 (Test)" "2.24"
198.51.100.25 - - [31/Feb/2019:18:21:24 +0000] "HEAD /search HTTP/1.1" 404 5063 "https://domain1.com/api" "Mozilla/5.0 (Test)" "0.75"
203.0.113.45 - - [29/Mar/2019:09:34:17 +0000] "PUT /api/users HTTP/1.1" 301 7396 "https://domain1.com/" "Mozilla/5.0 (Test)" "6.48"
198.51.100.25 - - [01/Feb/2019:21:23:38 +0000] "GET / HTTP/1.1" 200 848 "https://domain1.com/api" "Mozilla/5.0 (Test)" "1.58"
198.51.100.25 - - [07/Feb/2019:00:07:24 +0000] "GET /images/logo.png HTTP/1.1" 404 373 "https://domain1.com/" "Mozilla/5.0 (Test)" "6.08"
47.29.201.179 - - [09/Feb/2019:21:03:44 +0000] "DELETE /admin/dashboard HTTP/1.1" 200 960 "https://domain1.com/api" "Mozilla/5.0 (Test)" "1.92"
203.0.113.45 - - [31/Mar/2019:20:13:55 +0000] "POST /search HTTP/1.1" 502 2884 "-" "Mozilla/5.0 (Test)" "1.87"
198.51.100.25 - - [29/Mar/2019:04:24:48 +0000] "GET /admin/dashboard HTTP/1.1" 301 5626 "https://domain1.com/admin" "Mozilla/5.0 (Test)" "8.59"
203.0.113.45 - - [05/Feb/2019:21:55:16 +0000] "GET /search HTTP/1.1" 301 2349 "https://domain1.com/" "Mozilla/5.0 (Test)" "5.39"
198.51.100.25 - - [03/Feb/2019:09:47:34 +0000] "HEAD /api/login HTTP/1.1" 200 858 "https://domain1.com/admin" "Mozilla/5.0 (Test)" "6.39"
10.0.0.50 - - [28/Mar/2019:21:17:54 +0000] "DELETE /api/users HTTP/1.1" 201 5268 "http://domain2.com/" "Mozilla/5.0 (Test)" "7.96"
203.0.113.45 - - [03/Mar/2019:04:09:15 +0000] "GET /api/login HTTP/1.1" 500 8984 "http://domain2.com/" "Mozilla/5.0 (Test)" "7.21"
203.0.113.45 - - [03/Mar/2019:07:28:01 +0000] "PUT /images/logo.png HTTP/1.1" 301 4340 "http://domain2.com/" "Mozilla/5.0 (Test)" "5.08"
203.0.113.45 - - [30/Feb/2019:07:40:00 +0000] "PUT /search HTTP/1.1" 500 9951 "https://domain1.com/" "Mozilla/5.0 (Test)" "5.5"
198.51.100.25 - - [10/Feb/2019:10:59:44 +0000] "DELETE /api/users HTTP/1.1" 200 946 "https://domain1.com/login" "Mozilla/5.0 (Test)" "3.89"
203.0.113.45 - - [28/Feb/2019:17:05:54 +0000] "HEAD /search HTTP/1.1" 301 6752 "https://domain1.com/login" "Mozilla/5.0 (Test)" "3.02"
192.168.1.100 - - [30/Feb/2019:04:23:38 +0000] "PUT /api/login HTTP/1.1" 201 3250 "https://domain1.com/api" "Mozilla/5.0 (Test)" "0.93"
10.0.0.50 - - [05/Mar/2019:23:45:05 +0000] "DELETE /api/users HTTP/1.1" 502 3269 "http://domain2.com/" "Mozilla/5.0 (Test)" "0.7"
203.0.113.45 - - [09/Mar/2019:00:22:29 +0000] "HEAD /admin/dashboard HTTP/1.1" 500 1626 "https://domain1.com/" "Mozilla/5.0 (Test)" "8.8"
47.29.201.179 - - [29/Feb/2019:09:29:51 +0000] "HEAD /api/login HTTP/1.1" 502 968 "https://domain1.com/" "Mozilla/5.0 (Test)" "8.76"
10.0.0.50 - - [31/Feb/2019:16:42:54 +0000] "GET / HTTP/1.1" 200 1501 "http://domain2.com/" "Mozilla/5.0 (Test)" "6.58"
10.0.0.50 - - [08/Feb/2019:06:15:14 +0000] "HEAD /search HTTP/1.1" 404 2361 "-" "Mozilla/5.0 (Test)" "1.67"
192.168.1.100 - - [28/Mar/2019:08:03:30 +0000] "PUT /api/login HTTP/1.1" 502 1103 "https://domain1.com/api" "Mozilla/5.0 (Test)" "2.47"
47.29.201.179 - - [09/Mar/2019:07:14:11 +0000] "DELETE / HTTP/1.1" 404 5667 "https://domain1.com/admin" "Mozilla/5.0 (Test)" "8.18"
192.168.1.100 - - [08/Feb/2019:11:04:50 +0000] "PUT /admin/dashboard HTTP/1.1" 201 8849 "https://domain1.com/api" "Mozilla/5.0 (Test)" "3.81"
192.168.1.100 - - [03/Feb/2019:20:51:49 +0000] "DELETE /api/users HTTP/1.1" 502 4112 "https://domain1.com/admin" "Mozilla/5.0 (Test)" "7.15"
192.168.1.100 - - [02/Mar/2019:19:08:09 +0000] "DELETE /search HTTP/1.1" 301 8035 "https://domain1.com/admin" "Mozilla/5.0 (Test)" "6.12"
198.51.100.25 - - [01/Mar/2019:12:08:54 +0000] "HEAD /images/logo.png HTTP/1.1" 200 7125 "http://domain2.com/" "Mozilla/5.0 (Test)" "9.84"
10.0.0.50 - - [28/Mar/2019:00:09:05 +0000] "GET /admin/dashboard HTTP/1.1" 502 4854 "-" "Mozilla/5.0 (Test)" "1.55"
10.0.0.50 - - [09/Feb/2019:11:16:15 +0000] "GET / HTTP/1.1" 500 914 "https://domain1.com/login" "Mozilla/5.0 (Test)" "0.64"
203.0.113.45 - - [09/Mar/2019:07:09:59 +0000] "PUT /images/logo.png HTTP/1.1" 500 8621 "https://domain1.com/login" "Mozilla/5.0 (Test)" "6.38"
192.168.1.100 - - [09/Feb/2019:17:16:55 +0000] "GET /search HTTP/1.1" 500 7745 "https://domain1.com/" "Mozilla/5.0 (Test)" "1.36"
10.0.0.50 - - [09/Mar/2019:12:39:29 +0000] "HEAD /search HTTP/1.1" 500 415 "http://domain2.com/" "Mozilla/5.0 (Test)" "4.42"
10.0.0.50 - - [01/Mar/2019:13:38:06 +0000] "HEAD /api/users HTTP/1.1" 500 6173 "https://domain1.com/admin" "Mozilla/5.0 (Test)" "3.86"
198.51.100.25 - - [09/Mar/2019:09:17:01 +0000] "POST /api/login HTTP/1.1" 200 2698 "-" "Mozilla/5.0 (Test)" "8.88"
47.29.201.179 - - [31/Mar/2019:12:34:48 +0000] "GET /profile HTTP/1.1" 502 1254 "https://domain1.com/admin" "Mozilla/5.0 (Test)" "2.66"
10.0.0.50 - - [29/Mar/2019:04:46:36 +0000] "GET / HTTP/1.1" 502 4541 "https://domain1.com/admin" "Mozilla/5.0 (Test)" "4.02"
192.168.1.100 - - [31/Feb/2019:05:23:28 +0000] "GET / HTTP/1.1" 200 4229 "https://domain1.com/" "Mozilla/5.0 (Test)" "3.35"
47.29.201.179 - - [29/Feb/2019:08:05:56 +0000] "GET /api/login HTTP/1.1" 404 4250 "https://domain1.com/" "Mozilla/5.0 (Test)" "4.3"
10.0.0.50 - - [05/Feb/2019:01:38:29 +0000] "PUT /search HTTP/1.1" 200 2574 "-" "Mozilla/5.0 (Test)" "9.2"
47.29.201.179 - - [31/Feb/2019:16:40:30 +0000] "HEAD /search HTTP/1.1" 301 7090 "https://domain1.com/api" "Mozilla/5.0 (Test)" "7.3"
10.0.0.50 - - [28/Feb/2019:17:33:25 +0000] "GET /api/users HTTP/1.1" 301 4335 "https://domain1.com/admin" "Mozilla/5.0 (Test)" "9.37"
192.168.1.100 - - [28/Mar/2019:18:06:33 +0000] "PUT /images/logo.png HTTP/1.1" 200 6879 "http://domain2.com/" "Mozilla/5.0 (Test)" "8.78"
198.51.100.25 - - [28/Mar/2019:02:33:11 +0000] "GET /api/users HTTP/1.1" 201 3104 "http://domain2.com/" "Mozilla/5.0 (Test)" "5.31"
10.0.0.50 - - [05/Feb/2019:21:54:18 +0000] "HEAD /search HTTP/1.1" 500 6225 "http://domain2.com/" "Mozilla/5.0 (Test)" "8.23"
192.168.1.100 - - [10/Feb/2019:14:57:48 +0000] "DELETE /search HTTP/1.1" 301 9737 "https://domain1.com/" "Mozilla/5.0 (Test)" "8.76"
192.168.1.100 - - [01/Feb/2019:08:52:42 +0000] "GET /profile HTTP/1.1" 301 5681 "https://domain1.com/api" "Mozilla/5.0 (Test)" "1.19"
10.0.0.50 - - [01/Mar/2019:20:46:21 +0000] "PUT /profile HTTP/1.1" 502 7718 "http://domain2.com/" "Mozilla/5.0 (Test)" "3.79"
203.0.113.45 - - [29/Mar/2019:23:28:52 +0000] "POST /profile HTTP/1.1" 201 3648 "-" "Mozilla/5.0 (Test)" "8.76"
203.0.113.45 - - [02/Feb/2019:10:58:12 +0000] "POST /search HTTP/1.1" 502 6809 "https://domain1.com/login" "Mozilla/5.0 (Test)" "7.79"
192.168.1.100 - - [05/Feb/2019:14:56:46 +0000] "POST /api/login HTTP/1.1" 301 8867 "https://domain1.com/login" "Mozilla/5.0 (Test)" "0.27"
192.168.1.100 - - [01/Feb/2019:10:21:46 +0000] "POST /api/login HTTP/1.1" 201 430 "https://domain1.com/" "Mozilla/5.0 (Test)" "6.88"
192.168.1.100 - - [31/Mar/2019:18:01:47 +0000] "PUT /search HTTP/1.1" 502 4202 "-" "Mozilla/5.0 (Test)" "6.44"
47.29.201.179 - - [05/Feb/2019:05:02:56 +0000] "POST /api/login HTTP/1.1" 404 4555 "https://domain1.com/" "Mozilla/5.0 (Test)" "1.23"
198.51.100.25 - - [31/Mar/2019:14:45:13 +0000] "GET /search HTTP/1.1" 200 3123 "https://domain1.com/admin" "Mozilla/5.0 (Test)" "4.73"
47.29.201.179 - - [29/Mar/2019:10:17:35 +0000] "DELETE /api/login HTTP/1.1" 201 5258 "https://domain1.com/login" "Mozilla/5.0 (Test)" "5.05"
203.0.113.45 - - [06/Mar/2019:22:28:53 +0000] "PUT /profile HTTP/1.1" 502 6802 "https://domain1.com/admin" "Mozilla/5.0 (Test)" "6.85"
198.51.100.25 - - [28/Feb/2019:05:18:27 +0000] "PUT /profile HTTP/1.1" 301 6864 "https://domain1.com/admin" "Mozilla/5.0 (Test)" "6.39"
192.168.1.100 - - [30/Mar/2019:03:01:27 +0000] "PUT / HTTP/1.1" 200 4947 "https://domain1.com/admin" "Mozilla/5.0 (Test)" "2.28"
10.0.0.50 - - [03/Feb/2019:22:32:40 +0000] "DELETE /profile HTTP/1.1" 201 3273 "https://domain1.com/api" "Mozilla/5.0 (Test)" "4.76"
10.0.0.50 - - [30/Feb/2019:23:46:13 +0000] "POST /admin/dashboard HTTP/1.1" 200 8831 "https://domain1.com/" "Mozilla/5.0 (Test)" "7.54"
47.29.201.179 - - [30/Feb/2019:11:18:58 +0000] "POST /search HTTP/1.1" 500 7437 "https://domain1.com/login" "Mozilla/5.0 (Test)" "8.23"
10.0.0.50 - - [28/Mar/2019:15:45:07 +0000] "PUT /images/logo.png HTTP/1.1" 404 8361 "https://domain1.com/" "Mozilla/5.0 (Test)" "8.71"
198.51.100.25 - - [30/Feb/2019:10:15:43 +0000] "HEAD / HTTP/1.1" 500 1099 "https://domain1.com/" "Mozilla/5.0 (Test)" "6.37"
203.0.113.45 - - [30/Mar/2019:09:19:29 +0000] "DELETE / HTTP/1.1" 301 6590 "https://domain1.com/login" "Mozilla/5.0 (Test)" "4.64"
47.29.201.179 - - [30/Mar/2019:03:37:51 +0000] "DELETE /images/logo.png HTTP/1.1" 200 9292 "https://domain1.com/api" "Mozilla/5.0 (Test)" "2.8"
47.29.201.179 - - [28/Mar/2019:11:20:24 +0000] "PUT /api/login HTTP/1.1" 301 9328 "https://domain1.com/login" "Mozilla/5.0 (Test)" "6.59"
10.0.0.50 - - [09/Mar/2019:17:02:36 +0000] "HEAD / HTTP/1.1" 201 9537 "http://domain2.com/" "Mozilla/5.0 (Test)" "9.43"
10.0.0.50 - - [08/Mar/2019:12:54:55 +0000] "POST /profile HTTP/1.1" 500 4434 "-" "Mozilla/5.0 (Test)" "5.07"
203.0.113.45 - - [30/Mar/2019:02:00:57 +0000] "DELETE /api/login HTTP/1.1" 201 1681 "http://domain2.com/" "Mozilla/5.0 (Test)" "8.96"
192.168.1.100 - - [28/Mar/2019:23:53:36 +0000] "HEAD / HTTP/1.1" 201 6464 "https://domain1.com/admin" "Mozilla/5.0 (Test)" "5.42"
10.0.0.50 - - [31/Mar/2019:02:38:40 +0000] "HEAD /api/users HTTP/1.1" 500 9373 "https://domain1.com/login" "Mozilla/5.0 (Test)" "4.59"
203.0.113.45 - - [01/Feb/2019:18:20:51 +0000] "POST /api/users HTTP/1.1" 500 5301 "https://domain1.com/admin" "Mozilla/5.0 (Test)" "2.88"
203.0.113.45 - - [08/Feb/2019:03:59:02 +0000] "POST /api/users HTTP/1.1" 201 2028 "https://domain1.com/" "Mozilla/5.0 (Test)" "0.13"
198.51.100.25 - - [28/Feb/2019:05:42:57 +0000] "DELETE /search HTTP/1.1" 201 7762 "https://domain1.com/admin" "Mozilla/5.0 (Test)" "3.92"
192.168.1.100 - - [10/Mar/2019:18:20:51 +0000] "HEAD /admin/dashboard HTTP/1.1" 404 346 "https://domain1.com/login" "Mozilla/5.0 (Test)" "6.11"
10.0.0.50 - - [29/Feb/2019:16:51:08 +0000] "DELETE /api/users HTTP/1.1" 201 6920 "https://domain1.com/api" "Mozilla/5.0 (Test)" "7.85"
10.0.0.50 - - [30/Mar/2019:16:51:41 +0000] "PUT /api/users HTTP/1.1" 201 6417 "https://domain1.com/admin" "Mozilla/5.0 (Test)" "1.96"
198.51.100.25 - - [29/Mar/2019:04:02:13 +0000] "GET /admin/dashboard HTTP/1.1" 502 1873 "https://domain1.com/login" "Mozilla/5.0 (Test)" "9.3"
203.0.113.45 - - [10/Mar/2019:18:56:42 +0000] "PUT /images/logo.png HTTP/1.1" 201 9355 "http://domain2.com/" "Mozilla/5.0 (Test)" "6.26"
47.29.201.179 - - [28/Feb/2019:03:55:55 +0000] "HEAD /api/login HTTP/1.1" 200 3143 "https://domain1.com/admin" "Mozilla/5.0 (Test)" "6.52"
10.0.0.50 - - [04/Mar/2019:16:29:58 +0000] "HEAD /admin/dashboard HTTP/1.1" 201 1658 "https://domain1.com/api" "Mozilla/5.0 (Test)" "9.19"
198.51.100.25 - - [29/Mar/2019:18:26:48 +0000] "HEAD /profile HTTP/1.1" 404 3269 "http://domain2.com/" "Mozilla/5.0 (Test)" "6.78"
47.29.201.179 - - [31/Feb/2019:02:33:21 +0000] "POST /profile HTTP/1.1" 500 3710 "https://domain1.com/login" "Mozilla/5.0 (Test)" "1.41"
10.0.0.50 - - [28/Feb/2019:17:54:42 +0000] "HEAD /images/logo.png HTTP/1.1" 404 1414 "-" "Mozilla/5.0 (Test)" "0.31"
198.51.100.25 - - [02/Mar/2019:17:04:32 +0000] "HEAD /api/login HTTP/1.1" 404 4580 "https://domain1.com/admin" "Mozilla/5.0 (Test)" "4.74"
198.51.100.25 - - [05/Mar/2019:19:11:37 +0000] "POST / HTTP/1.1" 301 5092 "https://domain1.com/admin" "Mozilla/5.0 (Test)" "1.78"
10.0.0.50 - - [30/Mar/2019:23:38:04 +0000] "HEAD /api/login HTTP/1.1" 404 8561 "-" "Mozilla/5.0 (Test)" "8.01"
47.29.201.179 - - [09/Feb/2019:15:34:41 +0000] "POST / HTTP/1.1" 500 5968 "https://domain1.com/api" "Mozilla/5.0 (Test)" "4.45"
192.168.1.100 - - [28/Mar/2019:21:07:16 +0000] "HEAD /api/login HTTP/1.1" 404 5462 "https://domain1.com/" "Mozilla/5.0 (Test)" "7.82"
198.51.100.25 - - [02/Feb/2019:18:42:38 +0000] "POST /admin/dashboard HTTP/1.1" 500 404 "http://domain2.com/" "Mozilla/5.0 (Test)" "9.55"
198.51.100.25 - - [31/Feb/2019:06:33:34 +0000] "PUT /api/users HTTP/1.1" 200 6468 "https://domain1.com/" "Mozilla/5.0 (Test)" "3.22"
198.51.100.25 - - [28/Feb/2019:10:47:33 +0000] "PUT /api/users HTTP/1.1" 500 8413 "https://domain1.com/api" "Mozilla/5.0 (Test)" "2.78"
192.168.1.100 - - [30/Feb/2019:04:11:43 +0000] "POST /api/login HTTP/1.1" 502 1547 "https://domain1.com/api" "Mozilla/5.0 (Test)" "9.34"
203.0.113.45 - - [30/Feb/2019:14:26:50 +0000] "DELETE /api/login HTTP/1.1" 500 7813 "https://domain1.com/" "Mozilla/5.0 (Test)" "2.68"
198.51.100.25 - - [31/Feb/2019:04:19:35 +0000] "HEAD /search HTTP/1.1" 201 1556 "-" "Mozilla/5.0 (Test)" "0.21"
47.29.201.179 - - [06/Feb/2019:14:03:51 +0000] "HEAD / HTTP/1.1" 404 6220 "https://domain1.com/login" "Mozilla/5.0 (Test)" "2.3"
10.0.0.50 - - [29/Mar/2019:03:19:00 +0000] "GET /profile HTTP/1.1" 201 6242 "https://domain1.com/admin" "Mozilla/5.0 (Test)" "9.14"
192.168.1.100 - - [28/Mar/2019:19:33:24 +0000] "GET /search HTTP/1.1" 301 1565 "https://domain1.com/" "Mozilla/5.0 (Test)" "8.71"
10.0.0.50 - - [06/Feb/2019:07:36:08 +0000] "DELETE /api/users HTTP/1.1" 201 2496 "https://domain1.com/" "Mozilla/5.0 (Test)" "2.75"
47.29.201.179 - - [03/Mar/2019:12:26:48 +0000] "PUT /api/users HTTP/1.1" 301 1011 "-" "Mozilla/5.0 (Test)" "1.96"
47.29.201.179 - - [31/Mar/2019:04:33:30 +0000] "HEAD / HTTP/1.1" 404 4841 "https://domain1.com/admin" "Mozilla/5.0 (Test)" "8.44"
203.0.113.45 - - [31/Mar/2019:20:18:07 +0000] "DELETE /profile HTTP/1.1" 404 2417 "-" "Mozilla/5.0 (Test)" "9.33"
192.168.1.100 - - [28/Feb/2019:10:23:58 +0000] "HEAD /api/login HTTP/1.1" 502 1572 "-" "Mozilla/5.0 (Test)" "5.71"
198.51.100.25 - - [29/Mar/2019:19:19:58 +0000] "POST /api/login HTTP/1.1" 201 3660 "-" "Mozilla/5.0 (Test)" "4.11"
198.51.100.25 - - [03/Feb/2019:07:04:31 +0000] "GET /search HTTP/1.1" 502 3145 "-" "Mozilla/5.0 (Test)" "1.53"
203.0.113.45 - - [28/Feb/2019:23:49:02 +0000] "HEAD /images/logo.png HTTP/1.1" 502 4781 "https://domain1.com/login" "Mozilla/5.0 (Test)" "7.94"
198.51.100.25 - - [01/Feb/2019:17:58:20 +0000] "GET /admin/dashboard HTTP/1.1" 500 9374 "https://domain1.com/" "Mozilla/5.0 (Test)" "4.3"
198.51.100.25 - - [09/Feb/2019:12:02:21 +0000] "POST /api/users HTTP/1.1" 301 4226 "https://domain1.com/admin" "Mozilla/5.0 (Test)" "9.03"
203.0.113.45 - - [10/Mar/2019:13:59:28 +0000] "POST /admin/dashboard HTTP/1.1" 502 7790 "https://domain1.com/api" "Mozilla/5.0 (Test)" "3.87"
47.29.201.179 - - [10/Feb/2019:10:49:16 +0000] "POST / HTTP/1.1" 500 9023 "-" "Mozilla/5.0 (Test)" "4.82"
192.168.1.100 - - [28/Feb/2019:11:02:51 +0000] "POST /images/logo.png HTTP/1.1" 301 5594 "https://domain1.com/admin" "Mozilla/5.0 (Test)" "1.3"
47.29.201.179 - - [10/Mar/2019:11:09:59 +0000] "GET /images/logo.png HTTP/1.1" 404 9629 "https://domain1.com/admin" "Mozilla/5.0 (Test)" "2.04"
10.0.0.50 - - [31/Feb/2019:23:08:38 +0000] "HEAD /images/logo.png HTTP/1.1" 502 3551 "https://domain1.com/login" "Mozilla/5.0 (Test)" "8.13"
47.29.201.179 - - [08/Feb/2019:15:26:07 +0000] "DELETE /images/logo.png HTTP/1.1" 301 5136 "http://domain2.com/" "Mozilla/5.0 (Test)" "2.13"
198.51.100.25 - - [10/Mar/2019:18:58:58 +0000] "DELETE /api/users HTTP/1.1" 404 9275 "https://domain1.com/api" "Mozilla/5.0 (Test)" "3.85"
203.0.113.45 - - [31/Mar/2019:20:38:54 +0000] "POST /api/login HTTP/1.1" 502 2200 "https://domain1.com/api" "Mozilla/5.0 (Test)" "4.24"
10.0.0.50 - - [30/Feb/2019:07:08:25 +0000] "HEAD /admin/dashboard HTTP/1.1" 201 7286 "https://domain1.com/api" "Mozilla/5.0 (Test)" "0.57"
203.0.113.45 - - [31/Feb/2019:05:54:43 +0000] "GET /admin/dashboard HTTP/1.1" 201 7288 "-" "Mozilla/5.0 (Test)" "7.53"
10.0.0.50 - - [29/Mar/2019:12:41:38 +0000] "POST /admin/dashboard HTTP/1.1" 301 1852 "-" "Mozilla/5.0 (Test)" "5.44"
203.0.113.45 - - [29/Feb/2019:00:02:16 +0000] "PUT /images/logo.png HTTP/1.1" 502 1126 "https://domain1.com/admin" "Mozilla/5.0 (Test)" "8.35"
10.0.0.50 - - [31/Mar/2019:09:40:14 +0000] "POST /search HTTP/1.1" 500 7945 "https://domain1.com/login" "Mozilla/5.0 (Test)" "6.49"
10.0.0.50 - - [05/Feb/2019:01:27:41 +0000] "DELETE / HTTP/1.1" 201 3452 "https://domain1.com/api" "Mozilla/5.0 (Test)" "9.57"
10.0.0.50 - - [02/Mar/2019:12:20:55 +0000] "GET /admin/dashboard HTTP/1.1" 502 5208 "-" "Mozilla/5.0 (Test)" "8.76"
47.29.201.179 - - [31/Mar/2019:15:58:05 +0000] "DELETE /profile HTTP/1.1" 301 7637 "https://domain1.com/login" "Mozilla/5.0 (Test)" "7.13"
47.29.201.179 - - [30/Feb/2019:10:07:19 +0000] "HEAD /search HTTP/1.1" 301 3642 "https://domain1.com/" "Mozilla/5.0 (Test)" "8.65"
47.29.201.179 - - [31/Feb/2019:14:10:07 +0000] "GET /search HTTP/1.1" 404 9936 "https://domain1.com/admin" "Mozilla/5.0 (Test)" "1.88"
198.51.100.25 - - [30/Mar/2019:12:17:17 +0000] "HEAD / HTTP/1.1" 500 8130 "https://domain1.com/admin" "Mozilla/5.0 (Test)" "1.46"
198.51.100.25 - - [30/Mar/2019:21:25:33 +0000] "DELETE /admin/dashboard HTTP/1.1" 502 4287 "-" "Mozilla/5.0 (Test)" "8.67"
198.51.100.25 - - [30/Feb/2019:15:00:05 +0000] "HEAD /api/users HTTP/1.1" 301 2180 "-" "Mozilla/5.0 (Test)" "8.85"
198.51.100.25 - - [31/Mar/2019:03:15:46 +0000] "PUT /images/logo.png HTTP/1.1" 404 2145 "http://domain2.com/" "Mozilla/5.0 (Test)" "3.33"
198.51.100.25 - - [09/Feb/2019:06:02:43 +0000] "DELETE /admin/dashboard HTTP/1.1" 502 9731 "http://domain2.com/" "Mozilla/5.0 (Test)" "7.02"
10.0.0.50 - - [08/Mar/2019:19:10:14 +0000] "POST /api/users HTTP/1.1" 404 2007 "-" "Mozilla/5.0 (Test)" "4.58"
198.51.100.25 - - [06/Mar/2019:08:56:56 +0000] "PUT /admin/dashboard HTTP/1.1" 502 8849 "-" "Mozilla/5.0 (Test)" "7.98"
47.29.201.179 - - [05/Mar/2019:12:48:04 +0000] "HEAD / HTTP/1.1" 200 6958 "-" "Mozilla/5.0 (Test)" "3.81"
203.0.113.45 - - [31/Mar/2019:13:59:37 +0000] "HEAD /admin/dashboard HTTP/1.1" 502 2743 "https://domain1.com/api" "Mozilla/5.0 (Test)" "0.71"
10.0.0.50 - - [28/Mar/2019:09:54:27 +0000] "HEAD /admin/dashboard HTTP/1.1" 404 5155 "https://domain1.com/" "Mozilla/5.0 (Test)" "3.4"
203.0.113.45 - - [30/Feb/2019:03:58:45 +0000] "POST /api/login HTTP/1.1" 301 7995 "https://domain1.com/admin" "Mozilla/5.0 (Test)" "7.62"
198.51.100.25 - - [01/Feb/2019:10:37:36 +0000] "GET / HTTP/1.1" 201 9474 "-" "Mozilla/5.0 (Test)" "6.0"
47.29.201.179 - - [29/Mar/2019:23:55:30 +0000] "HEAD /search HTTP/1.1" 201 3322 "-" "Mozilla/5.0 (Test)" "5.76"
47.29.201.179 - - [30/Feb/2019:16:51:53 +0000] "GET /profile HTTP/1.1" 200 173 "https://domain1.com/login" "Mozilla/5.0 (Test)" "3.55"
192.168.1.100 - - [30/Mar/2019:09:59:58 +0000] "GET /api/users HTTP/1.1" 500 2273 "https://domain1.com/api" "Mozilla/5.0 (Test)" "7.58"
203.0.113.45 - - [28/Mar/2019:16:14:00 +0000] "POST /api/users HTTP/1.1" 502 2301 "https://domain1.com/" "Mozilla/5.0 (Test)" "1.08"
47.29.201.179 - - [31/Feb/2019:07:58:52 +0000] "PUT /images/logo.png HTTP/1.1" 502 1940 "https://domain1.com/api" "Mozilla/5.0 (Test)" "4.0"
10.0.0.50 - - [28/Mar/2019:12:43:26 +0000] "PUT /api/login HTTP/1.1" 502 586 "https://domain1.com/admin" "Mozilla/5.0 (Test)" "3.84"
192.168.1.100 - - [05/Feb/2019:19:37:34 +0000] "GET /images/logo.png HTTP/1.1" 201 7566 "http://domain2.com/" "Mozilla/5.0 (Test)" "7.91"
10.0.0.50 - - [28/Feb/2019:06:32:50 +0000] "PUT /images/logo.png HTTP/1.1" 502 6225 "-" "Mozilla/5.0 (Test)" "1.31"
192.168.1.100 - - [07/Feb/2019:23:24:21 +0000] "HEAD /admin/dashboard HTTP/1.1" 502 4248 "-" "Mozilla/5.0 (Test)" "1.09"
198.51.100.25 - - [30/Mar/2019:10:47:48 +0000] "DELETE /admin/dashboard HTTP/1.1" 301 7944 "-" "Mozilla/5.0 (Test)" "8.05"
47.29.201.179 - - [31/Mar/2019:23:14:20 +0000] "POST /profile HTTP/1.1" 500 2772 "https://domain1.com/" "Mozilla/5.0 (Test)" "4.19"
203.0.113.45 - - [06/Feb/2019:20:07:47 +0000] "HEAD /api/users HTTP/1.1" 201 5902 "-" "Mozilla/5.0 (Test)" "0.96"
203.0.113.45 - - [30/Feb/2019:06:45:41 +0000] "POST /admin/dashboard HTTP/1.1" 404 7770 "https://domain1.com/login" "Mozilla/5.0 (Test)" "5.87"
10.0.0.50 - - [10/Mar/2019:12:46:58 +0000] "GET /admin/dashboard HTTP/1.1" 502 147 "https://domain1.com/api" "Mozilla/5.0 (Test)" "2.6"
203.0.113.45 - - [29/Mar/2019:04:45:49 +0000] "DELETE /profile HTTP/1.1" 301 2648 "https://domain1.com/" "Mozilla/5.0 (Test)" "1.28"
198.51.100.25 - - [07/Feb/2019:03:47:00 +0000] "HEAD /search HTTP/1.1" 301 8952 "https://domain1.com/api" "Mozilla/5.0 (Test)" "6.23"
47.29.201.179 - - [02/Feb/2019:13:00:02 +0000] "DELETE /search HTTP/1.1" 301 1434 "https://domain1.com/" "Mozilla/5.0 (Test)" "7.02"
10.0.0.50 - - [02/Feb/2019:03:35:11 +0000] "POST /admin/dashboard HTTP/1.1" 502 1832 "https://domain1.com/admin" "Mozilla/5.0 (Test)" "9.14"
10.0.0.50 - - [31/Mar/2019:18:41:03 +0000] "PUT /api/users HTTP/1.1" 301 6170 "-" "Mozilla/5.0 (Test)" "2.62"
192.168.1.100 - - [03/Feb/2019:20:04:30 +0000] "GET /images/logo.png HTTP/1.1" 404 1982 "https://domain1.com/api" "Mozilla/5.0 (Test)" "3.78"
198.51.100.25 - - [29/Feb/2019:09:05:37 +0000] "PUT /images/logo.png HTTP/1.1" 502 9637 "https://domain1.com/admin" "Mozilla/5.0 (Test)" "0.95"
192.168.1.100 - - [10/Mar/2019:00:29:45 +0000] "POST /admin/dashboard HTTP/1.1" 502 1532 "https://domain1.com/admin" "Mozilla/5.0 (Test)" "4.22"
192.168.1.100 - - [31/Mar/2019:17:46:09 +0000] "PUT /search HTTP/1.1" 200 349 "https://domain1.com/" "Mozilla/5.0 (Test)" "8.68"
47.29.201.179 - - [31/Mar/2019:22:28:37 +0000] "DELETE /api/users HTTP/1.1" 301 3248 "https://domain1.com/login" "Mozilla/5.0 (Test)" "6.29"
198.51.100.25 - - [30/Mar/2019:18:01:53 +0000] "PUT /search HTTP/1.1" 301 8197 "https://domain1.com/admin" "Mozilla/5.0 (Test)" "5.2"
203.0.113.45 - - [04/Mar/2019:17:58:07 +0000] "DELETE / HTTP/1.1" 201 2124 "http://domain2.com/" "Mozilla/5.0 (Test)" "6.97"
47.29.201.179 - - [30/Mar/2019:22:58:25 +0000] "GET /api/login HTTP/1.1" 502 1309 "http://domain2.com/" "Mozilla/5.0 (Test)" "1.01"
198.51.100.25 - - [31/Feb/2019:22:55:04 +0000] "GET /search HTTP/1.1" 301 1561 "https://domain1.com/api" "Mozilla/5.0 (Test)" "4.69"
192.168.1.100 - - [07/Mar/2019:04:55:21 +0000] "DELETE /api/users HTTP/1.1" 201 1182 "https://domain1.com/api" "Mozilla/5.0 (Test)" "3.54"
10.0.0.50 - - [31/Mar/2019:13:10:24 +0000] "HEAD /profile HTTP/1.1" 301 3328 "http://domain2.com/" "Mozilla/5.0 (Test)" "3.4"
198.51.100.25 - - [30/Mar/2019:18:25:30 +0000] "PUT /api/login HTTP/1.1" 201 7493 "https://domain1.com/" "Mozilla/5.0 (Test)" "5.05"
192.168.1.100 - - [30/Feb/2019:22:32:00 +0000] "PUT /api/users HTTP/1.1" 500 4609 "https://domain1.com/api" "Mozilla/5.0 (Test)" "9.45"
47.29.201.179 - - [31/Feb/2019:09:44:27 +0000] "GET /admin/dashboard HTTP/1.1" 500 3381 "http://domain2.com/" "Mozilla/5.0 (Test)" "1.0"
192.168.1.100 - - [31/Mar/2019:00:58:15 +0000] "DELETE / HTTP/1.1" 301 5903 "https://domain1.com/login" "Mozilla/5.0 (Test)" "3.59"
198.51.100.25 - - [28/Mar/2019:02:16:10 +0000] "GET / HTTP/1.1" 404 1904 "https://domain1.com/api" "Mozilla/5.0 (Test)" "5.88"
198.51.100.25 - - [06/Mar/2019:21:55:05 +0000] "HEAD /api/login HTTP/1.1" 201 3508 "http://domain2.com/" "Mozilla/5.0 (Test)" "9.81"
47.29.201.179 - - [28/Mar/2019:11:56:00 +0000] "DELETE /search HTTP/1.1" 500 1876 "https://domain1.com/" "Mozilla/5.0 (Test)" "9.12"
192.168.1.100 - - [06/Mar/2019:20:41:15 +0000] "GET /api/login HTTP/1.1" 502 6886 "-" "Mozilla/5.0 (Test)" "7.51"
47.29.201.179 - - [28/Feb/2019:20:54:58 +0000] "POST / HTTP/1.1" 201 4822 "-" "Mozilla/5.0 (Test)" "9.79"
198.51.100.25 - - [09/Mar/2019:23:14:34 +0000] "HEAD /search HTTP/1.1" 500 8771 "https://domain1.com/admin" "Mozilla/5.0 (Test)" "5.65"
47.29.201.179 - - [30/Mar/2019:10:57:36 +0000] "GET /profile HTTP/1.1" 201 2543 "-" "Mozilla/5.0 (Test)" "5.5"
198.51.100.25 - - [30/Mar/2019:03:53:56 +0000] "HEAD /api/users HTTP/1.1" 404 3849 "https://domain1.com/admin" "Mozilla/5.0 (Test)" "7.27"
47.29.201.179 - - [31/Mar/2019:15:24:27 +0000] "GET / HTTP/1.1" 502 2273 "https://domain1.com/" "Mozilla/5.0 (Test)" "5.17"
198.51.100.25 - - [03/Mar/2019:01:02:36 +0000] "GET /images/logo.png HTTP/1.1" 502 4703 "http://domain2.com/" "Mozilla/5.0 (Test)" "3.78"
198.51.100.25 - - [28/Feb/2019:00:43:52 +0000] "PUT /admin/dashboard HTTP/1.1" 502 516 "https://domain1.com/admin" "Mozilla/5.0 (Test)" "6.51"
47.29.201.179 - - [29/Feb/2019:23:04:54 +0000] "GET /api/login HTTP/1.1" 502 6217 "-" "Mozilla/5.0 (Test)" "9.41"
47.29.201.179 - - [31/Feb/2019:12:01:06 +0000] "HEAD /api/login HTTP/1.1" 301 7473 "https://domain1.com/admin" "Mozilla/5.0 (Test)" "7.12"
47.29.201.179 - - [01/Feb/2019:05:49:47 +0000] "DELETE /api/users HTTP/1.1" 301 1092 "https://domain1.com/admin" "Mozilla/5.0 (Test)" "3.26"
10.0.0.50 - - [09/Feb/2019:03:26:36 +0000] "POST /api/users HTTP/1.1" 502 2548 "https://domain1.com/login" "Mozilla/5.0 (Test)" "2.88"
203.0.113.45 - - [08/Feb/2019:02:55:11 +0000] "GET /admin/dashboard HTTP/1.1" 502 7258 "https://domain1.com/" "Mozilla/5.0 (Test)" "3.33"
47.29.201.179 - - [03/Mar/2019:22:46:47 +0000] "PUT /admin/dashboard HTTP/1.1" 500 6313 "https://domain1.com/" "Mozilla/5.0 (Test)" "6.21"
192.168.1.100 - - [28/Mar/2019:21:38:44 +0000] "DELETE /profile HTTP/1.1" 502 1527 "https://domain1.com/login" "Mozilla/5.0 (Test)" "2.19"
192.168.1.100 - - [29/Feb/2019:13:16:19 +0000] "DELETE /api/users HTTP/1.1" 502 913 "https://domain1.com/api" "Mozilla/5.0 (Test)" "1.56"
203.0.113.45 - - [08/Feb/2019:11:49:02 +0000] "PUT /search HTTP/1.1" 301 6918 "https://domain1.com/login" "Mozilla/5.0 (Test)" "5.91"
47.29.201.179 - - [06/Feb/2019:05:11:19 +0000] "PUT / HTTP/1.1" 200 3652 "https://domain1.com/" "Mozilla/5.0 (Test)" "3.71"
203.0.113.45 - - [30/Mar/2019:03:32:56 +0000] "DELETE /search HTTP/1.1" 502 4755 "https://domain1.com/admin" "Mozilla/5.0 (Test)" "6.09"
203.0.113.45 - - [06/Mar/2019:18:33:09 +0000] "HEAD /api/users HTTP/1.1" 502 3782 "https://domain1.com/" "Mozilla/5.0 (Test)" "7.43"
203.0.113.45 - - [02/Mar/2019:20:30:15 +0000] "GET /search HTTP/1.1" 301 203 "https://domain1.com/" "Mozilla/5.0 (Test)" "9.1"
192.168.1.100 - - [30/Feb/2019:09:42:57 +0000] "GET /api/login HTTP/1.1" 404 3870 "https://domain1.com/admin" "Mozilla/5.0 (Test)" "2.75"
47.29.201.179 - - [29/Mar/2019:07:17:52 +0000] "DELETE /images/logo.png HTTP/1.1" 404 8402 "https://domain1.com/api" "Mozilla/5.0 (Test)" "6.13"
198.51.100.25 - - [29/Mar/2019:11:00:43 +0000] "GET /api/users HTTP/1.1" 201 8188 "https://domain1.com/login" "Mozilla/5.0 (Test)" "9.42"
47.29.201.179 - - [06/Mar/2019:00:50:36 +0000] "HEAD /profile HTTP/1.1" 404 1096 "-" "Mozilla/5.0 (Test)" "2.92"
